[0.006s] Invoking command in '/home/aziz/Desktop/ros2v2/build/robotanik_sim': CMAKE_PREFIX_PATH=${CMAKE_PREFIX_PATH}:/home/aziz/Desktop/ros2v2/install/robotanik_vision:/home/aziz/Desktop/ros2_ws/install/robotanik_vision:/home/aziz/Desktop/ros2_ws/install/robotanik_control:/home/aziz/Desktop/ros2_ws/install/my_py_pkg:/opt/ros/humble /usr/bin/cmake /home/aziz/Desktop/ros2v2/src/robotanik_sim -DCMAKE_INSTALL_PREFIX=/home/aziz/Desktop/ros2v2/install/robotanik_sim
[0.106s] -- The C compiler identification is GNU 11.4.0
[0.168s] -- The CXX compiler identification is GNU 11.4.0
[0.176s] -- Detecting C compiler ABI info
[0.237s] -- Detecting C compiler ABI info - done
[0.241s] -- Check for working C compiler: /usr/bin/cc - skipped
[0.241s] -- Detecting C compile features
[0.242s] -- Detecting C compile features - done
[0.245s] -- Detecting CXX compiler ABI info
[0.311s] -- Detecting CXX compiler ABI info - done
[0.316s] -- Check for working CXX compiler: /usr/bin/c++ - skipped
[0.316s] -- Detecting CXX compile features
[0.316s] -- Detecting CXX compile features - done
[0.328s] -- Found ament_cmake: 1.3.13 (/opt/ros/humble/share/ament_cmake/cmake)
[0.442s] -- Found Python3: /usr/bin/python3 (found version "3.10.12") found components: Interpreter 
[0.516s] -- Found ament_lint_auto: 0.12.15 (/opt/ros/humble/share/ament_lint_auto/cmake)
[0.573s] -- Added test 'flake8' to check Python code syntax and style conventions
[0.573s] -- Added test 'lint_cmake' to check CMake code style
[0.573s] -- Added test 'pep257' to check Python code against some of the docstring style conventions in PEP 257
[0.575s] -- Added test 'xmllint' to check XML markup files
[0.576s] -- Configuring done
[0.578s] -- Generating done
[0.579s] -- Build files have been written to: /home/aziz/Desktop/ros2v2/build/robotanik_sim
[0.583s] Invoked command in '/home/aziz/Desktop/ros2v2/build/robotanik_sim' returned '0': CMAKE_PREFIX_PATH=${CMAKE_PREFIX_PATH}:/home/aziz/Desktop/ros2v2/install/robotanik_vision:/home/aziz/Desktop/ros2_ws/install/robotanik_vision:/home/aziz/Desktop/ros2_ws/install/robotanik_control:/home/aziz/Desktop/ros2_ws/install/my_py_pkg:/opt/ros/humble /usr/bin/cmake /home/aziz/Desktop/ros2v2/src/robotanik_sim -DCMAKE_INSTALL_PREFIX=/home/aziz/Desktop/ros2v2/install/robotanik_sim
[0.583s] Invoking command in '/home/aziz/Desktop/ros2v2/build/robotanik_sim': CMAKE_PREFIX_PATH=${CMAKE_PREFIX_PATH}:/home/aziz/Desktop/ros2v2/install/robotanik_vision:/home/aziz/Desktop/ros2_ws/install/robotanik_vision:/home/aziz/Desktop/ros2_ws/install/robotanik_control:/home/aziz/Desktop/ros2_ws/install/my_py_pkg:/opt/ros/humble /usr/bin/cmake --build /home/aziz/Desktop/ros2v2/build/robotanik_sim -- -j16 -l16
[0.613s] Invoked command in '/home/aziz/Desktop/ros2v2/build/robotanik_sim' returned '0': CMAKE_PREFIX_PATH=${CMAKE_PREFIX_PATH}:/home/aziz/Desktop/ros2v2/install/robotanik_vision:/home/aziz/Desktop/ros2_ws/install/robotanik_vision:/home/aziz/Desktop/ros2_ws/install/robotanik_control:/home/aziz/Desktop/ros2_ws/install/my_py_pkg:/opt/ros/humble /usr/bin/cmake --build /home/aziz/Desktop/ros2v2/build/robotanik_sim -- -j16 -l16
[0.622s] Invoking command in '/home/aziz/Desktop/ros2v2/build/robotanik_sim': CMAKE_PREFIX_PATH=${CMAKE_PREFIX_PATH}:/home/aziz/Desktop/ros2v2/install/robotanik_vision:/home/aziz/Desktop/ros2_ws/install/robotanik_vision:/home/aziz/Desktop/ros2_ws/install/robotanik_control:/home/aziz/Desktop/ros2_ws/install/my_py_pkg:/opt/ros/humble /usr/bin/cmake --install /home/aziz/Desktop/ros2v2/build/robotanik_sim
[0.630s] -- Install configuration: ""
[0.630s] -- Installing: /home/aziz/Desktop/ros2v2/install/robotanik_sim/share/robotanik_sim/launch
[0.631s] -- Installing: /home/aziz/Desktop/ros2v2/install/robotanik_sim/share/robotanik_sim/launch/sim.launch.py
[0.631s] -- Installing: /home/aziz/Desktop/ros2v2/install/robotanik_sim/share/robotanik_sim/urdf
[0.631s] -- Installing: /home/aziz/Desktop/ros2v2/install/robotanik_sim/share/robotanik_sim/urdf/robotanik.urdf
[0.631s] -- Installing: /home/aziz/Desktop/ros2v2/install/robotanik_sim/share/robotanik_sim/worlds
[0.631s] -- Installing: /home/aziz/Desktop/ros2v2/install/robotanik_sim/share/robotanik_sim/worlds/world_uret.py
[0.631s] -- Installing: /home/aziz/Desktop/ros2v2/install/robotanik_sim/share/robotanik_sim/worlds/robotanik_sera.world
[0.632s] -- Installing: /home/aziz/Desktop/ros2v2/install/robotanik_sim/share/robotanik_sim/maps
[0.632s] -- Installing: /home/aziz/Desktop/ros2v2/install/robotanik_sim/share/robotanik_sim/maps/harita_uret.py
[0.632s] -- Installing: /home/aziz/Desktop/ros2v2/install/robotanik_sim/share/robotanik_sim/maps/sera_haritasi.yaml
[0.632s] -- Installing: /home/aziz/Desktop/ros2v2/install/robotanik_sim/share/robotanik_sim/maps/robotanik_sera.pgm
[0.633s] -- Installing: /home/aziz/Desktop/ros2v2/install/robotanik_sim/share/robotanik_sim/maps/robotanik_sera.yaml
[0.633s] -- Installing: /home/aziz/Desktop/ros2v2/install/robotanik_sim/share/robotanik_sim/params
[0.633s] -- Installing: /home/aziz/Desktop/ros2v2/install/robotanik_sim/share/robotanik_sim/params/nav2_params.yaml
[0.633s] -- Installing: /home/aziz/Desktop/ros2v2/install/robotanik_sim/share/ament_index/resource_index/package_run_dependencies/robotanik_sim
[0.633s] -- Installing: /home/aziz/Desktop/ros2v2/install/robotanik_sim/share/ament_index/resource_index/parent_prefix_path/robotanik_sim
[0.634s] -- Installing: /home/aziz/Desktop/ros2v2/install/robotanik_sim/share/robotanik_sim/environment/ament_prefix_path.sh
[0.634s] -- Installing: /home/aziz/Desktop/ros2v2/install/robotanik_sim/share/robotanik_sim/environment/ament_prefix_path.dsv
[0.634s] -- Installing: /home/aziz/Desktop/ros2v2/install/robotanik_sim/share/robotanik_sim/environment/path.sh
[0.634s] -- Installing: /home/aziz/Desktop/ros2v2/install/robotanik_sim/share/robotanik_sim/environment/path.dsv
[0.634s] -- Installing: /home/aziz/Desktop/ros2v2/install/robotanik_sim/share/robotanik_sim/local_setup.bash
[0.634s] -- Installing: /home/aziz/Desktop/ros2v2/install/robotanik_sim/share/robotanik_sim/local_setup.sh
[0.634s] -- Installing: /home/aziz/Desktop/ros2v2/install/robotanik_sim/share/robotanik_sim/local_setup.zsh
[0.634s] -- Installing: /home/aziz/Desktop/ros2v2/install/robotanik_sim/share/robotanik_sim/local_setup.dsv
[0.634s] -- Installing: /home/aziz/Desktop/ros2v2/install/robotanik_sim/share/robotanik_sim/package.dsv
[0.634s] -- Installing: /home/aziz/Desktop/ros2v2/install/robotanik_sim/share/ament_index/resource_index/packages/robotanik_sim
[0.635s] -- Installing: /home/aziz/Desktop/ros2v2/install/robotanik_sim/share/robotanik_sim/cmake/robotanik_simConfig.cmake
[0.635s] -- Installing: /home/aziz/Desktop/ros2v2/install/robotanik_sim/share/robotanik_sim/cmake/robotanik_simConfig-version.cmake
[0.635s] -- Installing: /home/aziz/Desktop/ros2v2/install/robotanik_sim/share/robotanik_sim/package.xml
[0.637s] Invoked command in '/home/aziz/Desktop/ros2v2/build/robotanik_sim' returned '0': CMAKE_PREFIX_PATH=${CMAKE_PREFIX_PATH}:/home/aziz/Desktop/ros2v2/install/robotanik_vision:/home/aziz/Desktop/ros2_ws/install/robotanik_vision:/home/aziz/Desktop/ros2_ws/install/robotanik_control:/home/aziz/Desktop/ros2_ws/install/my_py_pkg:/opt/ros/humble /usr/bin/cmake --install /home/aziz/Desktop/ros2v2/build/robotanik_sim
