running egg_info
creating ../../build/robotanik_vision/robotanik_vision.egg-info
writing ../../build/robotanik_vision/robotanik_vision.egg-info/PKG-INFO
writing dependency_links to ../../build/robotanik_vision/robotanik_vision.egg-info/dependency_links.txt
writing entry points to ../../build/robotanik_vision/robotanik_vision.egg-info/entry_points.txt
writing requirements to ../../build/robotanik_vision/robotanik_vision.egg-info/requires.txt
writing top-level names to ../../build/robotanik_vision/robotanik_vision.egg-info/top_level.txt
writing manifest file '../../build/robotanik_vision/robotanik_vision.egg-info/SOURCES.txt'
reading manifest file '../../build/robotanik_vision/robotanik_vision.egg-info/SOURCES.txt'
writing manifest file '../../build/robotanik_vision/robotanik_vision.egg-info/SOURCES.txt'
running build
running build_py
creating /home/aziz/Desktop/ros2v2/build/robotanik_vision/build
creating /home/aziz/Desktop/ros2v2/build/robotanik_vision/build/lib
creating /home/aziz/Desktop/ros2v2/build/robotanik_vision/build/lib/robotanik_vision
copying robotanik_vision/camera_node.py -> /home/aziz/Desktop/ros2v2/build/robotanik_vision/build/lib/robotanik_vision
copying robotanik_vision/ai_analyzer_node.py -> /home/aziz/Desktop/ros2v2/build/robotanik_vision/build/lib/robotanik_vision
copying robotanik_vision/__init__.py -> /home/aziz/Desktop/ros2v2/build/robotanik_vision/build/lib/robotanik_vision
running install
running install_lib
creating /home/aziz/Desktop/ros2v2/install/robotanik_vision/lib/python3.10/site-packages/robotanik_vision
copying /home/aziz/Desktop/ros2v2/build/robotanik_vision/build/lib/robotanik_vision/camera_node.py -> /home/aziz/Desktop/ros2v2/install/robotanik_vision/lib/python3.10/site-packages/robotanik_vision
copying /home/aziz/Desktop/ros2v2/build/robotanik_vision/build/lib/robotanik_vision/ai_analyzer_node.py -> /home/aziz/Desktop/ros2v2/install/robotanik_vision/lib/python3.10/site-packages/robotanik_vision
copying /home/aziz/Desktop/ros2v2/build/robotanik_vision/build/lib/robotanik_vision/__init__.py -> /home/aziz/Desktop/ros2v2/install/robotanik_vision/lib/python3.10/site-packages/robotanik_vision
byte-compiling /home/aziz/Desktop/ros2v2/install/robotanik_vision/lib/python3.10/site-packages/robotanik_vision/camera_node.py to camera_node.cpython-310.pyc
byte-compiling /home/aziz/Desktop/ros2v2/install/robotanik_vision/lib/python3.10/site-packages/robotanik_vision/ai_analyzer_node.py to ai_analyzer_node.cpython-310.pyc
byte-compiling /home/aziz/Desktop/ros2v2/install/robotanik_vision/lib/python3.10/site-packages/robotanik_vision/__init__.py to __init__.cpython-310.pyc
running install_data
creating /home/aziz/Desktop/ros2v2/install/robotanik_vision/share/ament_index
creating /home/aziz/Desktop/ros2v2/install/robotanik_vision/share/ament_index/resource_index
creating /home/aziz/Desktop/ros2v2/install/robotanik_vision/share/ament_index/resource_index/packages
copying resource/robotanik_vision -> /home/aziz/Desktop/ros2v2/install/robotanik_vision/share/ament_index/resource_index/packages
copying package.xml -> /home/aziz/Desktop/ros2v2/install/robotanik_vision/share/robotanik_vision
running install_egg_info
Copying ../../build/robotanik_vision/robotanik_vision.egg-info to /home/aziz/Desktop/ros2v2/install/robotanik_vision/lib/python3.10/site-packages/robotanik_vision-0.0.0-py3.10.egg-info
running install_scripts
Installing ai_analyzer script to /home/aziz/Desktop/ros2v2/install/robotanik_vision/lib/robotanik_vision
Installing camera_node script to /home/aziz/Desktop/ros2v2/install/robotanik_vision/lib/robotanik_vision
writing list of installed files to '/home/aziz/Desktop/ros2v2/build/robotanik_vision/install.log'
