running egg_info
writing ../../build/robotanik_controller/robotanik_controller.egg-info/PKG-INFO
writing dependency_links to ../../build/robotanik_controller/robotanik_controller.egg-info/dependency_links.txt
writing entry points to ../../build/robotanik_controller/robotanik_controller.egg-info/entry_points.txt
writing requirements to ../../build/robotanik_controller/robotanik_controller.egg-info/requires.txt
writing top-level names to ../../build/robotanik_controller/robotanik_controller.egg-info/top_level.txt
reading manifest file '../../build/robotanik_controller/robotanik_controller.egg-info/SOURCES.txt'
writing manifest file '../../build/robotanik_controller/robotanik_controller.egg-info/SOURCES.txt'
running build
running build_py
copying robotanik_controller/main_controller.py -> /home/aziz/Desktop/ros2v2/build/robotanik_controller/build/lib/robotanik_controller
running install
running install_lib
copying /home/aziz/Desktop/ros2v2/build/robotanik_controller/build/lib/robotanik_controller/main_controller.py -> /home/aziz/Desktop/ros2v2/install/robotanik_controller/lib/python3.10/site-packages/robotanik_controller
byte-compiling /home/aziz/Desktop/ros2v2/install/robotanik_controller/lib/python3.10/site-packages/robotanik_controller/main_controller.py to main_controller.cpython-310.pyc
running install_data
running install_egg_info
removing '/home/aziz/Desktop/ros2v2/install/robotanik_controller/lib/python3.10/site-packages/robotanik_controller-0.0.0-py3.10.egg-info' (and everything under it)
Copying ../../build/robotanik_controller/robotanik_controller.egg-info to /home/aziz/Desktop/ros2v2/install/robotanik_controller/lib/python3.10/site-packages/robotanik_controller-0.0.0-py3.10.egg-info
running install_scripts
Installing main_controller script to /home/aziz/Desktop/ros2v2/install/robotanik_controller/lib/robotanik_controller
writing list of installed files to '/home/aziz/Desktop/ros2v2/build/robotanik_controller/install.log'
