[0.685s] Invoking command in '/home/aziz/Desktop/ros2v2/src/robotanik_controller': PYTHONPATH=/home/aziz/Desktop/ros2v2/build/robotanik_controller/prefix_override:/usr/lib/python3/dist-packages/colcon_core/task/python/colcon_distutils_commands:/home/aziz/Desktop/ros2v2/install/robotanik_controller/lib/python3.10/site-packages:${PYTHONPATH} /usr/bin/python3 -W ignore:setup.py install is deprecated -W ignore:easy_install command is deprecated setup.py egg_info --egg-base ../../build/robotanik_controller build --build-base /home/aziz/Desktop/ros2v2/build/robotanik_controller/build install --record /home/aziz/Desktop/ros2v2/build/robotanik_controller/install.log --single-version-externally-managed install_data
[0.827s] running egg_info
[0.827s] writing ../../build/robotanik_controller/robotanik_controller.egg-info/PKG-INFO
[0.827s] writing dependency_links to ../../build/robotanik_controller/robotanik_controller.egg-info/dependency_links.txt
[0.827s] writing entry points to ../../build/robotanik_controller/robotanik_controller.egg-info/entry_points.txt
[0.827s] writing requirements to ../../build/robotanik_controller/robotanik_controller.egg-info/requires.txt
[0.827s] writing top-level names to ../../build/robotanik_controller/robotanik_controller.egg-info/top_level.txt
[0.829s] reading manifest file '../../build/robotanik_controller/robotanik_controller.egg-info/SOURCES.txt'
[0.829s] writing manifest file '../../build/robotanik_controller/robotanik_controller.egg-info/SOURCES.txt'
[0.829s] running build
[0.829s] running build_py
[0.829s] running install
[0.830s] running install_lib
[0.831s] running install_data
[0.831s] copying launch/main.launch.py -> /home/aziz/Desktop/ros2v2/install/robotanik_controller/share/robotanik_controller/launch
[0.831s] running install_egg_info
[0.832s] removing '/home/aziz/Desktop/ros2v2/install/robotanik_controller/lib/python3.10/site-packages/robotanik_controller-0.0.0-py3.10.egg-info' (and everything under it)
[0.833s] Copying ../../build/robotanik_controller/robotanik_controller.egg-info to /home/aziz/Desktop/ros2v2/install/robotanik_controller/lib/python3.10/site-packages/robotanik_controller-0.0.0-py3.10.egg-info
[0.833s] running install_scripts
[0.846s] Installing main_controller script to /home/aziz/Desktop/ros2v2/install/robotanik_controller/lib/robotanik_controller
[0.847s] writing list of installed files to '/home/aziz/Desktop/ros2v2/build/robotanik_controller/install.log'
[0.874s] Invoked command in '/home/aziz/Desktop/ros2v2/src/robotanik_controller' returned '0': PYTHONPATH=/home/aziz/Desktop/ros2v2/build/robotanik_controller/prefix_override:/usr/lib/python3/dist-packages/colcon_core/task/python/colcon_distutils_commands:/home/aziz/Desktop/ros2v2/install/robotanik_controller/lib/python3.10/site-packages:${PYTHONPATH} /usr/bin/python3 -W ignore:setup.py install is deprecated -W ignore:easy_install command is deprecated setup.py egg_info --egg-base ../../build/robotanik_controller build --build-base /home/aziz/Desktop/ros2v2/build/robotanik_controller/build install --record /home/aziz/Desktop/ros2v2/build/robotanik_controller/install.log --single-version-externally-managed install_data
