[0.023s] Invoking command in '/home/aziz/Desktop/ros2v2/src/build/robotanik_sim': CMAKE_PREFIX_PATH=${CMAKE_PREFIX_PATH}:/home/aziz/Desktop/ros2v2/install/sensor_hcsr04:/home/aziz/Desktop/ros2v2/install/robotanik_vision:/home/aziz/Desktop/ros2v2/install/robotanik_control:/home/aziz/Desktop/ros2_ws/install/robotanik_vision:/home/aziz/Desktop/ros2_ws/install/robotanik_control:/home/aziz/Desktop/ros2_ws/install/my_py_pkg:/opt/ros/humble /usr/bin/cmake /home/aziz/Desktop/ros2v2/src/robotanik_sim -DAMENT_CMAKE_SYMLINK_INSTALL=1 -DCMAKE_INSTALL_PREFIX=/home/aziz/Desktop/ros2v2/src/install/robotanik_sim
[0.032s] -- Found ament_cmake: 1.3.13 (/opt/ros/humble/share/ament_cmake/cmake)
[0.108s] -- Override CMake install command with custom implementation using symlinks instead of copying resources
[0.115s] -- Found ament_lint_auto: 0.12.15 (/opt/ros/humble/share/ament_lint_auto/cmake)
[0.161s] -- Added test 'flake8' to check Python code syntax and style conventions
[0.161s] -- Added test 'lint_cmake' to check CMake code style
[0.162s] -- Added test 'pep257' to check Python code against some of the docstring style conventions in PEP 257
[0.162s] -- Added test 'xmllint' to check XML markup files
[0.163s] -- Configuring done
[0.167s] -- Generating done
[0.168s] -- Build files have been written to: /home/aziz/Desktop/ros2v2/src/build/robotanik_sim
[0.172s] Invoked command in '/home/aziz/Desktop/ros2v2/src/build/robotanik_sim' returned '0': CMAKE_PREFIX_PATH=${CMAKE_PREFIX_PATH}:/home/aziz/Desktop/ros2v2/install/sensor_hcsr04:/home/aziz/Desktop/ros2v2/install/robotanik_vision:/home/aziz/Desktop/ros2v2/install/robotanik_control:/home/aziz/Desktop/ros2_ws/install/robotanik_vision:/home/aziz/Desktop/ros2_ws/install/robotanik_control:/home/aziz/Desktop/ros2_ws/install/my_py_pkg:/opt/ros/humble /usr/bin/cmake /home/aziz/Desktop/ros2v2/src/robotanik_sim -DAMENT_CMAKE_SYMLINK_INSTALL=1 -DCMAKE_INSTALL_PREFIX=/home/aziz/Desktop/ros2v2/src/install/robotanik_sim
[0.173s] Invoking command in '/home/aziz/Desktop/ros2v2/src/build/robotanik_sim': CMAKE_PREFIX_PATH=${CMAKE_PREFIX_PATH}:/home/aziz/Desktop/ros2v2/install/sensor_hcsr04:/home/aziz/Desktop/ros2v2/install/robotanik_vision:/home/aziz/Desktop/ros2v2/install/robotanik_control:/home/aziz/Desktop/ros2_ws/install/robotanik_vision:/home/aziz/Desktop/ros2_ws/install/robotanik_control:/home/aziz/Desktop/ros2_ws/install/my_py_pkg:/opt/ros/humble /usr/bin/cmake --build /home/aziz/Desktop/ros2v2/src/build/robotanik_sim -- -j16 -l16
[0.200s] Invoked command in '/home/aziz/Desktop/ros2v2/src/build/robotanik_sim' returned '0': CMAKE_PREFIX_PATH=${CMAKE_PREFIX_PATH}:/home/aziz/Desktop/ros2v2/install/sensor_hcsr04:/home/aziz/Desktop/ros2v2/install/robotanik_vision:/home/aziz/Desktop/ros2v2/install/robotanik_control:/home/aziz/Desktop/ros2_ws/install/robotanik_vision:/home/aziz/Desktop/ros2_ws/install/robotanik_control:/home/aziz/Desktop/ros2_ws/install/my_py_pkg:/opt/ros/humble /usr/bin/cmake --build /home/aziz/Desktop/ros2v2/src/build/robotanik_sim -- -j16 -l16
[0.209s] Invoking command in '/home/aziz/Desktop/ros2v2/src/build/robotanik_sim': CMAKE_PREFIX_PATH=${CMAKE_PREFIX_PATH}:/home/aziz/Desktop/ros2v2/install/sensor_hcsr04:/home/aziz/Desktop/ros2v2/install/robotanik_vision:/home/aziz/Desktop/ros2v2/install/robotanik_control:/home/aziz/Desktop/ros2_ws/install/robotanik_vision:/home/aziz/Desktop/ros2_ws/install/robotanik_control:/home/aziz/Desktop/ros2_ws/install/my_py_pkg:/opt/ros/humble /usr/bin/cmake --install /home/aziz/Desktop/ros2v2/src/build/robotanik_sim
[0.213s] -- Install configuration: ""
[0.213s] -- Execute custom install script
[0.214s] -- Symlinking: /home/aziz/Desktop/ros2v2/src/install/robotanik_sim/share/robotanik_sim/launch/sim.launch.py
[0.220s] -- Symlinking: /home/aziz/Desktop/ros2v2/src/install/robotanik_sim/share/robotanik_sim/urdf/robotanik.urdf
[0.228s] -- Symlinking: /home/aziz/Desktop/ros2v2/src/install/robotanik_sim/share/robotanik_sim/worlds/robotanik_sera.world
[0.238s] -- Symlinking: /home/aziz/Desktop/ros2v2/src/install/robotanik_sim/share/robotanik_sim/worlds/world_uret.py
[0.246s] -- Symlinking: /home/aziz/Desktop/ros2v2/src/install/robotanik_sim/share/robotanik_sim/maps/harita_uret.py
[0.252s] -- Symlinking: /home/aziz/Desktop/ros2v2/src/install/robotanik_sim/share/robotanik_sim/maps/robotanik_sera.pgm
[0.259s] -- Symlinking: /home/aziz/Desktop/ros2v2/src/install/robotanik_sim/share/robotanik_sim/maps/robotanik_sera.yaml
[0.265s] -- Symlinking: /home/aziz/Desktop/ros2v2/src/install/robotanik_sim/share/robotanik_sim/maps/sera_haritasi.yaml
[0.271s] -- Symlinking: /home/aziz/Desktop/ros2v2/src/install/robotanik_sim/share/robotanik_sim/params/nav2_params.yaml
[0.277s] -- Symlinking: /home/aziz/Desktop/ros2v2/src/install/robotanik_sim/lib/robotanik_sim/row_fsm.py
[0.284s] -- Symlinking: /home/aziz/Desktop/ros2v2/src/install/robotanik_sim/share/ament_index/resource_index/package_run_dependencies/robotanik_sim
[0.290s] -- Symlinking: /home/aziz/Desktop/ros2v2/src/install/robotanik_sim/share/ament_index/resource_index/parent_prefix_path/robotanik_sim
[0.296s] -- Symlinking: /home/aziz/Desktop/ros2v2/src/install/robotanik_sim/share/robotanik_sim/environment/ament_prefix_path.sh
[0.301s] -- Symlinking: /home/aziz/Desktop/ros2v2/src/install/robotanik_sim/share/robotanik_sim/environment/ament_prefix_path.dsv
[0.307s] -- Symlinking: /home/aziz/Desktop/ros2v2/src/install/robotanik_sim/share/robotanik_sim/environment/path.sh
[0.314s] -- Symlinking: /home/aziz/Desktop/ros2v2/src/install/robotanik_sim/share/robotanik_sim/environment/path.dsv
[0.320s] -- Symlinking: /home/aziz/Desktop/ros2v2/src/install/robotanik_sim/share/robotanik_sim/local_setup.bash
[0.326s] -- Symlinking: /home/aziz/Desktop/ros2v2/src/install/robotanik_sim/share/robotanik_sim/local_setup.sh
[0.335s] -- Symlinking: /home/aziz/Desktop/ros2v2/src/install/robotanik_sim/share/robotanik_sim/local_setup.zsh
[0.343s] -- Symlinking: /home/aziz/Desktop/ros2v2/src/install/robotanik_sim/share/robotanik_sim/local_setup.dsv
[0.349s] -- Symlinking: /home/aziz/Desktop/ros2v2/src/install/robotanik_sim/share/robotanik_sim/package.dsv
[0.357s] -- Symlinking: /home/aziz/Desktop/ros2v2/src/install/robotanik_sim/share/ament_index/resource_index/packages/robotanik_sim
[0.364s] -- Symlinking: /home/aziz/Desktop/ros2v2/src/install/robotanik_sim/share/robotanik_sim/cmake/robotanik_simConfig.cmake
[0.372s] -- Symlinking: /home/aziz/Desktop/ros2v2/src/install/robotanik_sim/share/robotanik_sim/cmake/robotanik_simConfig-version.cmake
[0.380s] -- Symlinking: /home/aziz/Desktop/ros2v2/src/install/robotanik_sim/share/robotanik_sim/package.xml
[0.391s] Invoked command in '/home/aziz/Desktop/ros2v2/src/build/robotanik_sim' returned '0': CMAKE_PREFIX_PATH=${CMAKE_PREFIX_PATH}:/home/aziz/Desktop/ros2v2/install/sensor_hcsr04:/home/aziz/Desktop/ros2v2/install/robotanik_vision:/home/aziz/Desktop/ros2v2/install/robotanik_control:/home/aziz/Desktop/ros2_ws/install/robotanik_vision:/home/aziz/Desktop/ros2_ws/install/robotanik_control:/home/aziz/Desktop/ros2_ws/install/my_py_pkg:/opt/ros/humble /usr/bin/cmake --install /home/aziz/Desktop/ros2v2/src/build/robotanik_sim
