[0.136s] DEBUG:colcon:Command line arguments: ['/usr/bin/colcon', 'build']
[0.136s] DEBUG:colcon:Parsed command line arguments: Namespace(log_base=None, log_level=None, verb_name='build', build_base='build', install_base='install', merge_install=False, symlink_install=False, test_result_base=None, continue_on_error=False, executor='parallel', parallel_workers=16, event_handlers=None, ignore_user_meta=False, metas=['./colcon.meta'], base_paths=['.'], packages_ignore=None, packages_ignore_regex=None, paths=None, packages_up_to=None, packages_up_to_regex=None, packages_above=None, packages_above_and_dependencies=None, packages_above_depth=None, packages_select_by_dep=None, packages_skip_by_dep=None, packages_skip_up_to=None, packages_select_build_failed=False, packages_skip_build_finished=False, packages_select_test_failures=False, packages_skip_test_passed=False, packages_select=None, packages_skip=None, packages_select_regex=None, packages_skip_regex=None, packages_start=None, packages_end=None, allow_overriding=[], cmake_args=None, cmake_target=None, cmake_target_skip_unavailable=False, cmake_clean_cache=False, cmake_clean_first=False, cmake_force_configure=False, ament_cmake_args=None, catkin_cmake_args=None, catkin_skip_building_tests=False, verb_parser=<colcon_defaults.argument_parser.defaults.DefaultArgumentsDecorator object at 0x70d8108498d0>, verb_extension=<colcon_core.verb.build.BuildVerb object at 0x70d81094ad10>, main=<bound method BuildVerb.main of <colcon_core.verb.build.BuildVerb object at 0x70d81094ad10>>)
[0.271s] Level 1:colcon.colcon_core.package_discovery:discover_packages(colcon_meta) check parameters
[0.271s] Level 1:colcon.colcon_core.package_discovery:discover_packages(recursive) check parameters
[0.271s] Level 1:colcon.colcon_core.package_discovery:discover_packages(ignore) check parameters
[0.271s] Level 1:colcon.colcon_core.package_discovery:discover_packages(path) check parameters
[0.271s] Level 1:colcon.colcon_core.package_discovery:discover_packages(colcon_meta) discover
[0.271s] Level 1:colcon.colcon_core.package_discovery:discover_packages(recursive) discover
[0.271s] INFO:colcon.colcon_core.package_discovery:Crawling recursively for packages in '/home/aziz/Desktop/ros2v2'
[0.271s] Level 1:colcon.colcon_core.package_identification:_identify(.) by extensions ['ignore', 'ignore_ament_install']
[0.271s] Level 1:colcon.colcon_core.package_identification:_identify(.) by extension 'ignore'
[0.271s] Level 1:colcon.colcon_core.package_identification:_identify(.) by extension 'ignore_ament_install'
[0.271s] Level 1:colcon.colcon_core.package_identification:_identify(.) by extensions ['colcon_pkg']
[0.271s] Level 1:colcon.colcon_core.package_identification:_identify(.) by extension 'colcon_pkg'
[0.271s] Level 1:colcon.colcon_core.package_identification:_identify(.) by extensions ['colcon_meta']
[0.271s] Level 1:colcon.colcon_core.package_identification:_identify(.) by extension 'colcon_meta'
[0.271s] Level 1:colcon.colcon_core.package_identification:_identify(.) by extensions ['ros']
[0.271s] Level 1:colcon.colcon_core.package_identification:_identify(.) by extension 'ros'
[0.281s] Level 1:colcon.colcon_core.package_identification:_identify(.) by extensions ['cmake', 'python']
[0.281s] Level 1:colcon.colcon_core.package_identification:_identify(.) by extension 'cmake'
[0.281s] Level 1:colcon.colcon_core.package_identification:_identify(.) by extension 'python'
[0.281s] Level 1:colcon.colcon_core.package_identification:_identify(.) by extensions ['python_setup_py']
[0.281s] Level 1:colcon.colcon_core.package_identification:_identify(.) by extension 'python_setup_py'
[0.281s] Level 1:colcon.colcon_core.package_identification:_identify(build) by extensions ['ignore', 'ignore_ament_install']
[0.282s] Level 1:colcon.colcon_core.package_identification:_identify(build) by extension 'ignore'
[0.282s] Level 1:colcon.colcon_core.package_identification:_identify(build) ignored
[0.282s] Level 1:colcon.colcon_core.package_identification:_identify(docs) by extensions ['ignore', 'ignore_ament_install']
[0.282s] Level 1:colcon.colcon_core.package_identification:_identify(docs) by extension 'ignore'
[0.282s] Level 1:colcon.colcon_core.package_identification:_identify(docs) by extension 'ignore_ament_install'
[0.282s] Level 1:colcon.colcon_core.package_identification:_identify(docs) by extensions ['colcon_pkg']
[0.282s] Level 1:colcon.colcon_core.package_identification:_identify(docs) by extension 'colcon_pkg'
[0.282s] Level 1:colcon.colcon_core.package_identification:_identify(docs) by extensions ['colcon_meta']
[0.282s] Level 1:colcon.colcon_core.package_identification:_identify(docs) by extension 'colcon_meta'
[0.282s] Level 1:colcon.colcon_core.package_identification:_identify(docs) by extensions ['ros']
[0.282s] Level 1:colcon.colcon_core.package_identification:_identify(docs) by extension 'ros'
[0.282s] Level 1:colcon.colcon_core.package_identification:_identify(docs) by extensions ['cmake', 'python']
[0.282s] Level 1:colcon.colcon_core.package_identification:_identify(docs) by extension 'cmake'
[0.282s] Level 1:colcon.colcon_core.package_identification:_identify(docs) by extension 'python'
[0.282s] Level 1:colcon.colcon_core.package_identification:_identify(docs) by extensions ['python_setup_py']
[0.282s] Level 1:colcon.colcon_core.package_identification:_identify(docs) by extension 'python_setup_py'
[0.282s] Level 1:colcon.colcon_core.package_identification:_identify(install) by extensions ['ignore', 'ignore_ament_install']
[0.282s] Level 1:colcon.colcon_core.package_identification:_identify(install) by extension 'ignore'
[0.282s] Level 1:colcon.colcon_core.package_identification:_identify(install) ignored
[0.283s] Level 1:colcon.colcon_core.package_identification:_identify(log) by extensions ['ignore', 'ignore_ament_install']
[0.283s] Level 1:colcon.colcon_core.package_identification:_identify(log) by extension 'ignore'
[0.283s] Level 1:colcon.colcon_core.package_identification:_identify(log) ignored
[0.283s] Level 1:colcon.colcon_core.package_identification:_identify(src) by extensions ['ignore', 'ignore_ament_install']
[0.283s] Level 1:colcon.colcon_core.package_identification:_identify(src) by extension 'ignore'
[0.283s] Level 1:colcon.colcon_core.package_identification:_identify(src) by extension 'ignore_ament_install'
[0.283s] Level 1:colcon.colcon_core.package_identification:_identify(src) by extensions ['colcon_pkg']
[0.283s] Level 1:colcon.colcon_core.package_identification:_identify(src) by extension 'colcon_pkg'
[0.283s] Level 1:colcon.colcon_core.package_identification:_identify(src) by extensions ['colcon_meta']
[0.283s] Level 1:colcon.colcon_core.package_identification:_identify(src) by extension 'colcon_meta'
[0.283s] Level 1:colcon.colcon_core.package_identification:_identify(src) by extensions ['ros']
[0.283s] Level 1:colcon.colcon_core.package_identification:_identify(src) by extension 'ros'
[0.283s] Level 1:colcon.colcon_core.package_identification:_identify(src) by extensions ['cmake', 'python']
[0.283s] Level 1:colcon.colcon_core.package_identification:_identify(src) by extension 'cmake'
[0.283s] Level 1:colcon.colcon_core.package_identification:_identify(src) by extension 'python'
[0.283s] Level 1:colcon.colcon_core.package_identification:_identify(src) by extensions ['python_setup_py']
[0.283s] Level 1:colcon.colcon_core.package_identification:_identify(src) by extension 'python_setup_py'
[0.284s] Level 1:colcon.colcon_core.package_identification:_identify(src/build) by extensions ['ignore', 'ignore_ament_install']
[0.284s] Level 1:colcon.colcon_core.package_identification:_identify(src/build) by extension 'ignore'
[0.284s] Level 1:colcon.colcon_core.package_identification:_identify(src/build) ignored
[0.284s] Level 1:colcon.colcon_core.package_identification:_identify(src/install) by extensions ['ignore', 'ignore_ament_install']
[0.284s] Level 1:colcon.colcon_core.package_identification:_identify(src/install) by extension 'ignore'
[0.284s] Level 1:colcon.colcon_core.package_identification:_identify(src/install) ignored
[0.285s] Level 1:colcon.colcon_core.package_identification:_identify(src/log) by extensions ['ignore', 'ignore_ament_install']
[0.285s] Level 1:colcon.colcon_core.package_identification:_identify(src/log) by extension 'ignore'
[0.285s] Level 1:colcon.colcon_core.package_identification:_identify(src/log) ignored
[0.285s] Level 1:colcon.colcon_core.package_identification:_identify(src/robotanik_controller) by extensions ['ignore', 'ignore_ament_install']
[0.285s] Level 1:colcon.colcon_core.package_identification:_identify(src/robotanik_controller) by extension 'ignore'
[0.285s] Level 1:colcon.colcon_core.package_identification:_identify(src/robotanik_controller) by extension 'ignore_ament_install'
[0.285s] Level 1:colcon.colcon_core.package_identification:_identify(src/robotanik_controller) by extensions ['colcon_pkg']
[0.285s] Level 1:colcon.colcon_core.package_identification:_identify(src/robotanik_controller) by extension 'colcon_pkg'
[0.285s] Level 1:colcon.colcon_core.package_identification:_identify(src/robotanik_controller) by extensions ['colcon_meta']
[0.285s] Level 1:colcon.colcon_core.package_identification:_identify(src/robotanik_controller) by extension 'colcon_meta'
[0.285s] Level 1:colcon.colcon_core.package_identification:_identify(src/robotanik_controller) by extensions ['ros']
[0.285s] Level 1:colcon.colcon_core.package_identification:_identify(src/robotanik_controller) by extension 'ros'
[0.288s] DEBUG:colcon.colcon_core.package_identification:Package 'src/robotanik_controller' with type 'ros.ament_python' and name 'robotanik_controller'
[0.288s] Level 1:colcon.colcon_core.package_identification:_identify(src/robotanik_sim) by extensions ['ignore', 'ignore_ament_install']
[0.289s] Level 1:colcon.colcon_core.package_identification:_identify(src/robotanik_sim) by extension 'ignore'
[0.289s] Level 1:colcon.colcon_core.package_identification:_identify(src/robotanik_sim) by extension 'ignore_ament_install'
[0.289s] Level 1:colcon.colcon_core.package_identification:_identify(src/robotanik_sim) by extensions ['colcon_pkg']
[0.289s] Level 1:colcon.colcon_core.package_identification:_identify(src/robotanik_sim) by extension 'colcon_pkg'
[0.289s] Level 1:colcon.colcon_core.package_identification:_identify(src/robotanik_sim) by extensions ['colcon_meta']
[0.289s] Level 1:colcon.colcon_core.package_identification:_identify(src/robotanik_sim) by extension 'colcon_meta'
[0.289s] Level 1:colcon.colcon_core.package_identification:_identify(src/robotanik_sim) by extensions ['ros']
[0.289s] Level 1:colcon.colcon_core.package_identification:_identify(src/robotanik_sim) by extension 'ros'
[0.289s] DEBUG:colcon.colcon_core.package_identification:Package 'src/robotanik_sim' with type 'ros.ament_cmake' and name 'robotanik_sim'
[0.290s] Level 1:colcon.colcon_core.package_identification:_identify(src/robotanik_vision) by extensions ['ignore', 'ignore_ament_install']
[0.290s] Level 1:colcon.colcon_core.package_identification:_identify(src/robotanik_vision) by extension 'ignore'
[0.290s] Level 1:colcon.colcon_core.package_identification:_identify(src/robotanik_vision) by extension 'ignore_ament_install'
[0.290s] Level 1:colcon.colcon_core.package_identification:_identify(src/robotanik_vision) by extensions ['colcon_pkg']
[0.290s] Level 1:colcon.colcon_core.package_identification:_identify(src/robotanik_vision) by extension 'colcon_pkg'
[0.290s] Level 1:colcon.colcon_core.package_identification:_identify(src/robotanik_vision) by extensions ['colcon_meta']
[0.290s] Level 1:colcon.colcon_core.package_identification:_identify(src/robotanik_vision) by extension 'colcon_meta'
[0.290s] Level 1:colcon.colcon_core.package_identification:_identify(src/robotanik_vision) by extensions ['ros']
[0.290s] Level 1:colcon.colcon_core.package_identification:_identify(src/robotanik_vision) by extension 'ros'
[0.291s] DEBUG:colcon.colcon_core.package_identification:Package 'src/robotanik_vision' with type 'ros.ament_python' and name 'robotanik_vision'
[0.291s] Level 1:colcon.colcon_core.package_identification:_identify(src/sensor_hcsr04) by extensions ['ignore', 'ignore_ament_install']
[0.291s] Level 1:colcon.colcon_core.package_identification:_identify(src/sensor_hcsr04) by extension 'ignore'
[0.291s] Level 1:colcon.colcon_core.package_identification:_identify(src/sensor_hcsr04) by extension 'ignore_ament_install'
[0.291s] Level 1:colcon.colcon_core.package_identification:_identify(src/sensor_hcsr04) by extensions ['colcon_pkg']
[0.291s] Level 1:colcon.colcon_core.package_identification:_identify(src/sensor_hcsr04) by extension 'colcon_pkg'
[0.291s] Level 1:colcon.colcon_core.package_identification:_identify(src/sensor_hcsr04) by extensions ['colcon_meta']
[0.291s] Level 1:colcon.colcon_core.package_identification:_identify(src/sensor_hcsr04) by extension 'colcon_meta'
[0.291s] Level 1:colcon.colcon_core.package_identification:_identify(src/sensor_hcsr04) by extensions ['ros']
[0.291s] Level 1:colcon.colcon_core.package_identification:_identify(src/sensor_hcsr04) by extension 'ros'
[0.292s] DEBUG:colcon.colcon_core.package_identification:Package 'src/sensor_hcsr04' with type 'ros.ament_python' and name 'sensor_hcsr04'
[0.292s] Level 1:colcon.colcon_core.package_discovery:discover_packages(recursive) using defaults
[0.292s] Level 1:colcon.colcon_core.package_discovery:discover_packages(ignore) discover
[0.292s] Level 1:colcon.colcon_core.package_discovery:discover_packages(ignore) using defaults
[0.292s] Level 1:colcon.colcon_core.package_discovery:discover_packages(path) discover
[0.292s] Level 1:colcon.colcon_core.package_discovery:discover_packages(path) using defaults
[0.319s] Level 1:colcon.colcon_core.package_discovery:discover_packages(prefix_path) check parameters
[0.319s] Level 1:colcon.colcon_core.package_discovery:discover_packages(prefix_path) discover
[0.322s] DEBUG:colcon.colcon_installed_package_information.package_discovery:Found 4 installed packages in /home/aziz/Desktop/ros2_ws/install
[0.323s] DEBUG:colcon.colcon_installed_package_information.package_discovery:Found 326 installed packages in /opt/ros/humble
[0.325s] Level 1:colcon.colcon_core.package_discovery:discover_packages(prefix_path) using defaults
[0.358s] Level 5:colcon.colcon_core.verb:set package 'robotanik_controller' build argument 'cmake_args' from command line to 'None'
[0.358s] Level 5:colcon.colcon_core.verb:set package 'robotanik_controller' build argument 'cmake_target' from command line to 'None'
[0.358s] Level 5:colcon.colcon_core.verb:set package 'robotanik_controller' build argument 'cmake_target_skip_unavailable' from command line to 'False'
[0.358s] Level 5:colcon.colcon_core.verb:set package 'robotanik_controller' build argument 'cmake_clean_cache' from command line to 'False'
[0.358s] Level 5:colcon.colcon_core.verb:set package 'robotanik_controller' build argument 'cmake_clean_first' from command line to 'False'
[0.358s] Level 5:colcon.colcon_core.verb:set package 'robotanik_controller' build argument 'cmake_force_configure' from command line to 'False'
[0.358s] Level 5:colcon.colcon_core.verb:set package 'robotanik_controller' build argument 'ament_cmake_args' from command line to 'None'
[0.358s] Level 5:colcon.colcon_core.verb:set package 'robotanik_controller' build argument 'catkin_cmake_args' from command line to 'None'
[0.358s] Level 5:colcon.colcon_core.verb:set package 'robotanik_controller' build argument 'catkin_skip_building_tests' from command line to 'False'
[0.358s] DEBUG:colcon.colcon_core.verb:Building package 'robotanik_controller' with the following arguments: {'ament_cmake_args': None, 'build_base': '/home/aziz/Desktop/ros2v2/build/robotanik_controller', 'catkin_cmake_args': None, 'catkin_skip_building_tests': False, 'cmake_args': None, 'cmake_clean_cache': False, 'cmake_clean_first': False, 'cmake_force_configure': False, 'cmake_target': None, 'cmake_target_skip_unavailable': False, 'install_base': '/home/aziz/Desktop/ros2v2/install/robotanik_controller', 'merge_install': False, 'path': '/home/aziz/Desktop/ros2v2/src/robotanik_controller', 'symlink_install': False, 'test_result_base': None}
[0.358s] Level 5:colcon.colcon_core.verb:set package 'robotanik_sim' build argument 'cmake_args' from command line to 'None'
[0.359s] Level 5:colcon.colcon_core.verb:set package 'robotanik_sim' build argument 'cmake_target' from command line to 'None'
[0.359s] Level 5:colcon.colcon_core.verb:set package 'robotanik_sim' build argument 'cmake_target_skip_unavailable' from command line to 'False'
[0.359s] Level 5:colcon.colcon_core.verb:set package 'robotanik_sim' build argument 'cmake_clean_cache' from command line to 'False'
[0.359s] Level 5:colcon.colcon_core.verb:set package 'robotanik_sim' build argument 'cmake_clean_first' from command line to 'False'
[0.359s] Level 5:colcon.colcon_core.verb:set package 'robotanik_sim' build argument 'cmake_force_configure' from command line to 'False'
[0.359s] Level 5:colcon.colcon_core.verb:set package 'robotanik_sim' build argument 'ament_cmake_args' from command line to 'None'
[0.359s] Level 5:colcon.colcon_core.verb:set package 'robotanik_sim' build argument 'catkin_cmake_args' from command line to 'None'
[0.359s] Level 5:colcon.colcon_core.verb:set package 'robotanik_sim' build argument 'catkin_skip_building_tests' from command line to 'False'
[0.359s] DEBUG:colcon.colcon_core.verb:Building package 'robotanik_sim' with the following arguments: {'ament_cmake_args': None, 'build_base': '/home/aziz/Desktop/ros2v2/build/robotanik_sim', 'catkin_cmake_args': None, 'catkin_skip_building_tests': False, 'cmake_args': None, 'cmake_clean_cache': False, 'cmake_clean_first': False, 'cmake_force_configure': False, 'cmake_target': None, 'cmake_target_skip_unavailable': False, 'install_base': '/home/aziz/Desktop/ros2v2/install/robotanik_sim', 'merge_install': False, 'path': '/home/aziz/Desktop/ros2v2/src/robotanik_sim', 'symlink_install': False, 'test_result_base': None}
[0.359s] Level 5:colcon.colcon_core.verb:set package 'robotanik_vision' build argument 'cmake_args' from command line to 'None'
[0.359s] Level 5:colcon.colcon_core.verb:set package 'robotanik_vision' build argument 'cmake_target' from command line to 'None'
[0.359s] Level 5:colcon.colcon_core.verb:set package 'robotanik_vision' build argument 'cmake_target_skip_unavailable' from command line to 'False'
[0.359s] Level 5:colcon.colcon_core.verb:set package 'robotanik_vision' build argument 'cmake_clean_cache' from command line to 'False'
[0.359s] Level 5:colcon.colcon_core.verb:set package 'robotanik_vision' build argument 'cmake_clean_first' from command line to 'False'
[0.359s] Level 5:colcon.colcon_core.verb:set package 'robotanik_vision' build argument 'cmake_force_configure' from command line to 'False'
[0.359s] Level 5:colcon.colcon_core.verb:set package 'robotanik_vision' build argument 'ament_cmake_args' from command line to 'None'
[0.359s] Level 5:colcon.colcon_core.verb:set package 'robotanik_vision' build argument 'catkin_cmake_args' from command line to 'None'
[0.359s] Level 5:colcon.colcon_core.verb:set package 'robotanik_vision' build argument 'catkin_skip_building_tests' from command line to 'False'
[0.359s] DEBUG:colcon.colcon_core.verb:Building package 'robotanik_vision' with the following arguments: {'ament_cmake_args': None, 'build_base': '/home/aziz/Desktop/ros2v2/build/robotanik_vision', 'catkin_cmake_args': None, 'catkin_skip_building_tests': False, 'cmake_args': None, 'cmake_clean_cache': False, 'cmake_clean_first': False, 'cmake_force_configure': False, 'cmake_target': None, 'cmake_target_skip_unavailable': False, 'install_base': '/home/aziz/Desktop/ros2v2/install/robotanik_vision', 'merge_install': False, 'path': '/home/aziz/Desktop/ros2v2/src/robotanik_vision', 'symlink_install': False, 'test_result_base': None}
[0.359s] Level 5:colcon.colcon_core.verb:set package 'sensor_hcsr04' build argument 'cmake_args' from command line to 'None'
[0.359s] Level 5:colcon.colcon_core.verb:set package 'sensor_hcsr04' build argument 'cmake_target' from command line to 'None'
[0.359s] Level 5:colcon.colcon_core.verb:set package 'sensor_hcsr04' build argument 'cmake_target_skip_unavailable' from command line to 'False'
[0.359s] Level 5:colcon.colcon_core.verb:set package 'sensor_hcsr04' build argument 'cmake_clean_cache' from command line to 'False'
[0.359s] Level 5:colcon.colcon_core.verb:set package 'sensor_hcsr04' build argument 'cmake_clean_first' from command line to 'False'
[0.359s] Level 5:colcon.colcon_core.verb:set package 'sensor_hcsr04' build argument 'cmake_force_configure' from command line to 'False'
[0.359s] Level 5:colcon.colcon_core.verb:set package 'sensor_hcsr04' build argument 'ament_cmake_args' from command line to 'None'
[0.359s] Level 5:colcon.colcon_core.verb:set package 'sensor_hcsr04' build argument 'catkin_cmake_args' from command line to 'None'
[0.359s] Level 5:colcon.colcon_core.verb:set package 'sensor_hcsr04' build argument 'catkin_skip_building_tests' from command line to 'False'
[0.359s] DEBUG:colcon.colcon_core.verb:Building package 'sensor_hcsr04' with the following arguments: {'ament_cmake_args': None, 'build_base': '/home/aziz/Desktop/ros2v2/build/sensor_hcsr04', 'catkin_cmake_args': None, 'catkin_skip_building_tests': False, 'cmake_args': None, 'cmake_clean_cache': False, 'cmake_clean_first': False, 'cmake_force_configure': False, 'cmake_target': None, 'cmake_target_skip_unavailable': False, 'install_base': '/home/aziz/Desktop/ros2v2/install/sensor_hcsr04', 'merge_install': False, 'path': '/home/aziz/Desktop/ros2v2/src/sensor_hcsr04', 'symlink_install': False, 'test_result_base': None}
[0.359s] INFO:colcon.colcon_core.executor:Executing jobs using 'parallel' executor
[0.360s] DEBUG:colcon.colcon_parallel_executor.executor.parallel:run_until_complete
[0.360s] INFO:colcon.colcon_ros.task.ament_python.build:Building ROS package in '/home/aziz/Desktop/ros2v2/src/robotanik_controller' with build type 'ament_python'
[0.361s] Level 1:colcon.colcon_core.shell:create_environment_hook('robotanik_controller', 'ament_prefix_path')
[0.364s] INFO:colcon.colcon_core.plugin_system:Skipping extension 'colcon_core.shell.bat': Not used on non-Windows systems
[0.364s] INFO:colcon.colcon_core.shell:Creating environment hook '/home/aziz/Desktop/ros2v2/install/robotanik_controller/share/robotanik_controller/hook/ament_prefix_path.ps1'
[0.365s] INFO:colcon.colcon_core.shell:Creating environment descriptor '/home/aziz/Desktop/ros2v2/install/robotanik_controller/share/robotanik_controller/hook/ament_prefix_path.dsv'
[0.366s] INFO:colcon.colcon_core.shell:Creating environment hook '/home/aziz/Desktop/ros2v2/install/robotanik_controller/share/robotanik_controller/hook/ament_prefix_path.sh'
[0.367s] INFO:colcon.colcon_core.shell:Skip shell extension 'powershell' for command environment: Not usable outside of PowerShell
[0.367s] DEBUG:colcon.colcon_core.shell:Skip shell extension 'dsv' for command environment
[0.371s] INFO:colcon.colcon_ros.task.ament_cmake.build:Building ROS package in '/home/aziz/Desktop/ros2v2/src/robotanik_sim' with build type 'ament_cmake'
[0.371s] INFO:colcon.colcon_cmake.task.cmake.build:Building CMake package in '/home/aziz/Desktop/ros2v2/src/robotanik_sim'
[0.371s] INFO:colcon.colcon_core.shell:Skip shell extension 'powershell' for command environment: Not usable outside of PowerShell
[0.371s] DEBUG:colcon.colcon_core.shell:Skip shell extension 'dsv' for command environment
[0.374s] INFO:colcon.colcon_ros.task.ament_python.build:Building ROS package in '/home/aziz/Desktop/ros2v2/src/robotanik_vision' with build type 'ament_python'
[0.374s] Level 1:colcon.colcon_core.shell:create_environment_hook('robotanik_vision', 'ament_prefix_path')
[0.374s] INFO:colcon.colcon_core.shell:Creating environment hook '/home/aziz/Desktop/ros2v2/install/robotanik_vision/share/robotanik_vision/hook/ament_prefix_path.ps1'
[0.375s] INFO:colcon.colcon_core.shell:Creating environment descriptor '/home/aziz/Desktop/ros2v2/install/robotanik_vision/share/robotanik_vision/hook/ament_prefix_path.dsv'
[0.376s] INFO:colcon.colcon_core.shell:Creating environment hook '/home/aziz/Desktop/ros2v2/install/robotanik_vision/share/robotanik_vision/hook/ament_prefix_path.sh'
[0.376s] INFO:colcon.colcon_core.shell:Skip shell extension 'powershell' for command environment: Not usable outside of PowerShell
[0.376s] DEBUG:colcon.colcon_core.shell:Skip shell extension 'dsv' for command environment
[0.379s] INFO:colcon.colcon_ros.task.ament_python.build:Building ROS package in '/home/aziz/Desktop/ros2v2/src/sensor_hcsr04' with build type 'ament_python'
[0.379s] Level 1:colcon.colcon_core.shell:create_environment_hook('sensor_hcsr04', 'ament_prefix_path')
[0.379s] INFO:colcon.colcon_core.shell:Creating environment hook '/home/aziz/Desktop/ros2v2/install/sensor_hcsr04/share/sensor_hcsr04/hook/ament_prefix_path.ps1'
[0.380s] INFO:colcon.colcon_core.shell:Creating environment descriptor '/home/aziz/Desktop/ros2v2/install/sensor_hcsr04/share/sensor_hcsr04/hook/ament_prefix_path.dsv'
[0.380s] INFO:colcon.colcon_core.shell:Creating environment hook '/home/aziz/Desktop/ros2v2/install/sensor_hcsr04/share/sensor_hcsr04/hook/ament_prefix_path.sh'
[0.381s] INFO:colcon.colcon_core.shell:Skip shell extension 'powershell' for command environment: Not usable outside of PowerShell
[0.381s] DEBUG:colcon.colcon_core.shell:Skip shell extension 'dsv' for command environment
[0.594s] INFO:colcon.colcon_core.task.python.build:Building Python package in '/home/aziz/Desktop/ros2v2/src/robotanik_controller'
[0.594s] INFO:colcon.colcon_core.shell:Skip shell extension 'powershell' for command environment: Not usable outside of PowerShell
[0.594s] DEBUG:colcon.colcon_core.shell:Skip shell extension 'dsv' for command environment
[0.600s] DEBUG:colcon.colcon_core.event_handler.log_command:Invoking command in '/home/aziz/Desktop/ros2v2/build/robotanik_sim': CMAKE_PREFIX_PATH=${CMAKE_PREFIX_PATH}:/home/aziz/Desktop/ros2_ws/install/robotanik_vision:/home/aziz/Desktop/ros2_ws/install/robotanik_control:/home/aziz/Desktop/ros2_ws/install/my_py_pkg:/opt/ros/humble /usr/bin/cmake --build /home/aziz/Desktop/ros2v2/build/robotanik_sim -- -j16 -l16
[0.812s] INFO:colcon.colcon_core.task.python.build:Building Python package in '/home/aziz/Desktop/ros2v2/src/robotanik_vision'
[0.812s] INFO:colcon.colcon_core.shell:Skip shell extension 'powershell' for command environment: Not usable outside of PowerShell
[0.812s] DEBUG:colcon.colcon_core.shell:Skip shell extension 'dsv' for command environment
[1.019s] INFO:colcon.colcon_core.task.python.build:Building Python package in '/home/aziz/Desktop/ros2v2/src/sensor_hcsr04'
[1.019s] INFO:colcon.colcon_core.shell:Skip shell extension 'powershell' for command environment: Not usable outside of PowerShell
[1.020s] DEBUG:colcon.colcon_core.shell:Skip shell extension 'dsv' for command environment
[1.028s] DEBUG:colcon.colcon_core.event_handler.log_command:Invoked command in '/home/aziz/Desktop/ros2v2/build/robotanik_sim' returned '0': CMAKE_PREFIX_PATH=${CMAKE_PREFIX_PATH}:/home/aziz/Desktop/ros2_ws/install/robotanik_vision:/home/aziz/Desktop/ros2_ws/install/robotanik_control:/home/aziz/Desktop/ros2_ws/install/my_py_pkg:/opt/ros/humble /usr/bin/cmake --build /home/aziz/Desktop/ros2v2/build/robotanik_sim -- -j16 -l16
[1.039s] DEBUG:colcon.colcon_core.event_handler.log_command:Invoking command in '/home/aziz/Desktop/ros2v2/build/robotanik_sim': CMAKE_PREFIX_PATH=${CMAKE_PREFIX_PATH}:/home/aziz/Desktop/ros2_ws/install/robotanik_vision:/home/aziz/Desktop/ros2_ws/install/robotanik_control:/home/aziz/Desktop/ros2_ws/install/my_py_pkg:/opt/ros/humble /usr/bin/cmake --install /home/aziz/Desktop/ros2v2/build/robotanik_sim
[1.056s] Level 1:colcon.colcon_core.environment:create_environment_scripts_only(robotanik_sim)
[1.057s] DEBUG:colcon.colcon_core.event_handler.log_command:Invoked command in '/home/aziz/Desktop/ros2v2/build/robotanik_sim' returned '0': CMAKE_PREFIX_PATH=${CMAKE_PREFIX_PATH}:/home/aziz/Desktop/ros2_ws/install/robotanik_vision:/home/aziz/Desktop/ros2_ws/install/robotanik_control:/home/aziz/Desktop/ros2_ws/install/my_py_pkg:/opt/ros/humble /usr/bin/cmake --install /home/aziz/Desktop/ros2v2/build/robotanik_sim
[1.061s] Level 1:colcon.colcon_core.environment:checking '/home/aziz/Desktop/ros2v2/install/robotanik_sim' for CMake module files
[1.062s] Level 1:colcon.colcon_core.environment:checking '/home/aziz/Desktop/ros2v2/install/robotanik_sim' for CMake config files
[1.062s] Level 1:colcon.colcon_core.shell:create_environment_hook('robotanik_sim', 'cmake_prefix_path')
[1.062s] INFO:colcon.colcon_core.shell:Creating environment hook '/home/aziz/Desktop/ros2v2/install/robotanik_sim/share/robotanik_sim/hook/cmake_prefix_path.ps1'
[1.063s] INFO:colcon.colcon_core.shell:Creating environment descriptor '/home/aziz/Desktop/ros2v2/install/robotanik_sim/share/robotanik_sim/hook/cmake_prefix_path.dsv'
[1.063s] INFO:colcon.colcon_core.shell:Creating environment hook '/home/aziz/Desktop/ros2v2/install/robotanik_sim/share/robotanik_sim/hook/cmake_prefix_path.sh'
[1.064s] Level 1:colcon.colcon_core.environment:checking '/home/aziz/Desktop/ros2v2/install/robotanik_sim/lib'
[1.064s] Level 1:colcon.colcon_core.environment:checking '/home/aziz/Desktop/ros2v2/install/robotanik_sim/bin'
[1.064s] Level 1:colcon.colcon_core.environment:checking '/home/aziz/Desktop/ros2v2/install/robotanik_sim/lib/pkgconfig/robotanik_sim.pc'
[1.064s] Level 1:colcon.colcon_core.environment:checking '/home/aziz/Desktop/ros2v2/install/robotanik_sim/lib/python3.10/site-packages'
[1.064s] Level 1:colcon.colcon_core.environment:checking '/home/aziz/Desktop/ros2v2/install/robotanik_sim/bin'
[1.064s] INFO:colcon.colcon_core.shell:Creating package script '/home/aziz/Desktop/ros2v2/install/robotanik_sim/share/robotanik_sim/package.ps1'
[1.065s] INFO:colcon.colcon_core.shell:Creating package descriptor '/home/aziz/Desktop/ros2v2/install/robotanik_sim/share/robotanik_sim/package.dsv'
[1.066s] INFO:colcon.colcon_core.shell:Creating package script '/home/aziz/Desktop/ros2v2/install/robotanik_sim/share/robotanik_sim/package.sh'
[1.067s] INFO:colcon.colcon_core.shell:Creating package script '/home/aziz/Desktop/ros2v2/install/robotanik_sim/share/robotanik_sim/package.bash'
[1.067s] INFO:colcon.colcon_core.shell:Creating package script '/home/aziz/Desktop/ros2v2/install/robotanik_sim/share/robotanik_sim/package.zsh'
[1.068s] Level 1:colcon.colcon_core.environment:create_file_with_runtime_dependencies(/home/aziz/Desktop/ros2v2/install/robotanik_sim/share/colcon-core/packages/robotanik_sim)
[1.069s] Level 1:colcon.colcon_core.environment:create_environment_scripts_only(robotanik_sim)
[1.069s] Level 1:colcon.colcon_core.environment:checking '/home/aziz/Desktop/ros2v2/install/robotanik_sim' for CMake module files
[1.069s] Level 1:colcon.colcon_core.environment:checking '/home/aziz/Desktop/ros2v2/install/robotanik_sim' for CMake config files
[1.069s] Level 1:colcon.colcon_core.shell:create_environment_hook('robotanik_sim', 'cmake_prefix_path')
[1.069s] INFO:colcon.colcon_core.shell:Creating environment hook '/home/aziz/Desktop/ros2v2/install/robotanik_sim/share/robotanik_sim/hook/cmake_prefix_path.ps1'
[1.070s] INFO:colcon.colcon_core.shell:Creating environment descriptor '/home/aziz/Desktop/ros2v2/install/robotanik_sim/share/robotanik_sim/hook/cmake_prefix_path.dsv'
[1.070s] INFO:colcon.colcon_core.shell:Creating environment hook '/home/aziz/Desktop/ros2v2/install/robotanik_sim/share/robotanik_sim/hook/cmake_prefix_path.sh'
[1.070s] Level 1:colcon.colcon_core.environment:checking '/home/aziz/Desktop/ros2v2/install/robotanik_sim/lib'
[1.071s] Level 1:colcon.colcon_core.environment:checking '/home/aziz/Desktop/ros2v2/install/robotanik_sim/bin'
[1.071s] Level 1:colcon.colcon_core.environment:checking '/home/aziz/Desktop/ros2v2/install/robotanik_sim/lib/pkgconfig/robotanik_sim.pc'
[1.071s] Level 1:colcon.colcon_core.environment:checking '/home/aziz/Desktop/ros2v2/install/robotanik_sim/lib/python3.10/site-packages'
[1.071s] Level 1:colcon.colcon_core.environment:checking '/home/aziz/Desktop/ros2v2/install/robotanik_sim/bin'
[1.071s] INFO:colcon.colcon_core.shell:Creating package script '/home/aziz/Desktop/ros2v2/install/robotanik_sim/share/robotanik_sim/package.ps1'
[1.072s] INFO:colcon.colcon_core.shell:Creating package descriptor '/home/aziz/Desktop/ros2v2/install/robotanik_sim/share/robotanik_sim/package.dsv'
[1.072s] INFO:colcon.colcon_core.shell:Creating package script '/home/aziz/Desktop/ros2v2/install/robotanik_sim/share/robotanik_sim/package.sh'
[1.072s] INFO:colcon.colcon_core.shell:Creating package script '/home/aziz/Desktop/ros2v2/install/robotanik_sim/share/robotanik_sim/package.bash'
[1.073s] INFO:colcon.colcon_core.shell:Creating package script '/home/aziz/Desktop/ros2v2/install/robotanik_sim/share/robotanik_sim/package.zsh'
[1.073s] Level 1:colcon.colcon_core.environment:create_file_with_runtime_dependencies(/home/aziz/Desktop/ros2v2/install/robotanik_sim/share/colcon-core/packages/robotanik_sim)
[1.284s] DEBUG:colcon.colcon_core.event_handler.log_command:Invoking command in '/home/aziz/Desktop/ros2v2/src/robotanik_vision': PYTHONPATH=/home/aziz/Desktop/ros2v2/build/robotanik_vision/prefix_override:/usr/lib/python3/dist-packages/colcon_core/task/python/colcon_distutils_commands:/home/aziz/Desktop/ros2v2/install/robotanik_vision/lib/python3.10/site-packages:${PYTHONPATH} /usr/bin/python3 -W ignore:setup.py install is deprecated -W ignore:easy_install command is deprecated setup.py egg_info --egg-base ../../build/robotanik_vision build --build-base /home/aziz/Desktop/ros2v2/build/robotanik_vision/build install --record /home/aziz/Desktop/ros2v2/build/robotanik_vision/install.log --single-version-externally-managed install_data
[1.286s] DEBUG:colcon.colcon_core.event_handler.log_command:Invoking command in '/home/aziz/Desktop/ros2v2/src/robotanik_controller': PYTHONPATH=/home/aziz/Desktop/ros2v2/build/robotanik_controller/prefix_override:/usr/lib/python3/dist-packages/colcon_core/task/python/colcon_distutils_commands:/home/aziz/Desktop/ros2v2/install/robotanik_controller/lib/python3.10/site-packages:${PYTHONPATH} /usr/bin/python3 -W ignore:setup.py install is deprecated -W ignore:easy_install command is deprecated setup.py egg_info --egg-base ../../build/robotanik_controller build --build-base /home/aziz/Desktop/ros2v2/build/robotanik_controller/build install --record /home/aziz/Desktop/ros2v2/build/robotanik_controller/install.log --single-version-externally-managed install_data
[1.287s] DEBUG:colcon.colcon_core.event_handler.log_command:Invoking command in '/home/aziz/Desktop/ros2v2/src/sensor_hcsr04': PYTHONPATH=/home/aziz/Desktop/ros2v2/build/sensor_hcsr04/prefix_override:/usr/lib/python3/dist-packages/colcon_core/task/python/colcon_distutils_commands:/home/aziz/Desktop/ros2v2/install/sensor_hcsr04/lib/python3.10/site-packages:${PYTHONPATH} /usr/bin/python3 -W ignore:setup.py install is deprecated -W ignore:easy_install command is deprecated setup.py egg_info --egg-base ../../build/sensor_hcsr04 build --build-base /home/aziz/Desktop/ros2v2/build/sensor_hcsr04/build install --record /home/aziz/Desktop/ros2v2/build/sensor_hcsr04/install.log --single-version-externally-managed install_data
[1.486s] Level 1:colcon.colcon_core.environment:checking '/home/aziz/Desktop/ros2v2/install/robotanik_vision' for CMake module files
[1.487s] DEBUG:colcon.colcon_core.event_handler.log_command:Invoked command in '/home/aziz/Desktop/ros2v2/src/robotanik_vision' returned '0': PYTHONPATH=/home/aziz/Desktop/ros2v2/build/robotanik_vision/prefix_override:/usr/lib/python3/dist-packages/colcon_core/task/python/colcon_distutils_commands:/home/aziz/Desktop/ros2v2/install/robotanik_vision/lib/python3.10/site-packages:${PYTHONPATH} /usr/bin/python3 -W ignore:setup.py install is deprecated -W ignore:easy_install command is deprecated setup.py egg_info --egg-base ../../build/robotanik_vision build --build-base /home/aziz/Desktop/ros2v2/build/robotanik_vision/build install --record /home/aziz/Desktop/ros2v2/build/robotanik_vision/install.log --single-version-externally-managed install_data
[1.487s] Level 1:colcon.colcon_core.environment:checking '/home/aziz/Desktop/ros2v2/install/robotanik_vision' for CMake config files
[1.487s] Level 1:colcon.colcon_core.environment:checking '/home/aziz/Desktop/ros2v2/install/robotanik_vision/lib'
[1.488s] Level 1:colcon.colcon_core.environment:checking '/home/aziz/Desktop/ros2v2/install/robotanik_vision/bin'
[1.488s] Level 1:colcon.colcon_core.environment:checking '/home/aziz/Desktop/ros2v2/install/robotanik_vision/lib/pkgconfig/robotanik_vision.pc'
[1.488s] Level 1:colcon.colcon_core.environment:checking '/home/aziz/Desktop/ros2v2/install/robotanik_vision/lib/python3.10/site-packages'
[1.488s] Level 1:colcon.colcon_core.shell:create_environment_hook('robotanik_vision', 'pythonpath')
[1.488s] INFO:colcon.colcon_core.shell:Creating environment hook '/home/aziz/Desktop/ros2v2/install/robotanik_vision/share/robotanik_vision/hook/pythonpath.ps1'
[1.488s] INFO:colcon.colcon_core.shell:Creating environment descriptor '/home/aziz/Desktop/ros2v2/install/robotanik_vision/share/robotanik_vision/hook/pythonpath.dsv'
[1.488s] INFO:colcon.colcon_core.shell:Creating environment hook '/home/aziz/Desktop/ros2v2/install/robotanik_vision/share/robotanik_vision/hook/pythonpath.sh'
[1.489s] Level 1:colcon.colcon_core.environment:checking '/home/aziz/Desktop/ros2v2/install/robotanik_vision/bin'
[1.489s] Level 1:colcon.colcon_core.environment:create_environment_scripts_only(robotanik_vision)
[1.489s] INFO:colcon.colcon_core.shell:Creating package script '/home/aziz/Desktop/ros2v2/install/robotanik_vision/share/robotanik_vision/package.ps1'
[1.489s] INFO:colcon.colcon_core.shell:Creating package descriptor '/home/aziz/Desktop/ros2v2/install/robotanik_vision/share/robotanik_vision/package.dsv'
[1.490s] INFO:colcon.colcon_core.shell:Creating package script '/home/aziz/Desktop/ros2v2/install/robotanik_vision/share/robotanik_vision/package.sh'
[1.490s] INFO:colcon.colcon_core.shell:Creating package script '/home/aziz/Desktop/ros2v2/install/robotanik_vision/share/robotanik_vision/package.bash'
[1.490s] INFO:colcon.colcon_core.shell:Creating package script '/home/aziz/Desktop/ros2v2/install/robotanik_vision/share/robotanik_vision/package.zsh'
[1.490s] Level 1:colcon.colcon_core.environment:create_file_with_runtime_dependencies(/home/aziz/Desktop/ros2v2/install/robotanik_vision/share/colcon-core/packages/robotanik_vision)
[1.491s] Level 1:colcon.colcon_core.environment:checking '/home/aziz/Desktop/ros2v2/install/sensor_hcsr04' for CMake module files
[1.491s] DEBUG:colcon.colcon_core.event_handler.log_command:Invoked command in '/home/aziz/Desktop/ros2v2/src/sensor_hcsr04' returned '0': PYTHONPATH=/home/aziz/Desktop/ros2v2/build/sensor_hcsr04/prefix_override:/usr/lib/python3/dist-packages/colcon_core/task/python/colcon_distutils_commands:/home/aziz/Desktop/ros2v2/install/sensor_hcsr04/lib/python3.10/site-packages:${PYTHONPATH} /usr/bin/python3 -W ignore:setup.py install is deprecated -W ignore:easy_install command is deprecated setup.py egg_info --egg-base ../../build/sensor_hcsr04 build --build-base /home/aziz/Desktop/ros2v2/build/sensor_hcsr04/build install --record /home/aziz/Desktop/ros2v2/build/sensor_hcsr04/install.log --single-version-externally-managed install_data
[1.491s] Level 1:colcon.colcon_core.environment:checking '/home/aziz/Desktop/ros2v2/install/sensor_hcsr04' for CMake config files
[1.492s] Level 1:colcon.colcon_core.environment:checking '/home/aziz/Desktop/ros2v2/install/sensor_hcsr04/lib'
[1.492s] Level 1:colcon.colcon_core.environment:checking '/home/aziz/Desktop/ros2v2/install/sensor_hcsr04/bin'
[1.492s] Level 1:colcon.colcon_core.environment:checking '/home/aziz/Desktop/ros2v2/install/sensor_hcsr04/lib/pkgconfig/sensor_hcsr04.pc'
[1.492s] Level 1:colcon.colcon_core.environment:checking '/home/aziz/Desktop/ros2v2/install/sensor_hcsr04/lib/python3.10/site-packages'
[1.492s] Level 1:colcon.colcon_core.shell:create_environment_hook('sensor_hcsr04', 'pythonpath')
[1.492s] INFO:colcon.colcon_core.shell:Creating environment hook '/home/aziz/Desktop/ros2v2/install/sensor_hcsr04/share/sensor_hcsr04/hook/pythonpath.ps1'
[1.492s] INFO:colcon.colcon_core.shell:Creating environment descriptor '/home/aziz/Desktop/ros2v2/install/sensor_hcsr04/share/sensor_hcsr04/hook/pythonpath.dsv'
[1.493s] INFO:colcon.colcon_core.shell:Creating environment hook '/home/aziz/Desktop/ros2v2/install/sensor_hcsr04/share/sensor_hcsr04/hook/pythonpath.sh'
[1.493s] Level 1:colcon.colcon_core.environment:checking '/home/aziz/Desktop/ros2v2/install/sensor_hcsr04/bin'
[1.493s] Level 1:colcon.colcon_core.environment:create_environment_scripts_only(sensor_hcsr04)
[1.493s] INFO:colcon.colcon_core.shell:Creating package script '/home/aziz/Desktop/ros2v2/install/sensor_hcsr04/share/sensor_hcsr04/package.ps1'
[1.493s] INFO:colcon.colcon_core.shell:Creating package descriptor '/home/aziz/Desktop/ros2v2/install/sensor_hcsr04/share/sensor_hcsr04/package.dsv'
[1.494s] INFO:colcon.colcon_core.shell:Creating package script '/home/aziz/Desktop/ros2v2/install/sensor_hcsr04/share/sensor_hcsr04/package.sh'
[1.494s] INFO:colcon.colcon_core.shell:Creating package script '/home/aziz/Desktop/ros2v2/install/sensor_hcsr04/share/sensor_hcsr04/package.bash'
[1.494s] INFO:colcon.colcon_core.shell:Creating package script '/home/aziz/Desktop/ros2v2/install/sensor_hcsr04/share/sensor_hcsr04/package.zsh'
[1.494s] Level 1:colcon.colcon_core.environment:create_file_with_runtime_dependencies(/home/aziz/Desktop/ros2v2/install/sensor_hcsr04/share/colcon-core/packages/sensor_hcsr04)
[1.495s] Level 1:colcon.colcon_core.environment:checking '/home/aziz/Desktop/ros2v2/install/robotanik_controller' for CMake module files
[1.495s] DEBUG:colcon.colcon_core.event_handler.log_command:Invoked command in '/home/aziz/Desktop/ros2v2/src/robotanik_controller' returned '0': PYTHONPATH=/home/aziz/Desktop/ros2v2/build/robotanik_controller/prefix_override:/usr/lib/python3/dist-packages/colcon_core/task/python/colcon_distutils_commands:/home/aziz/Desktop/ros2v2/install/robotanik_controller/lib/python3.10/site-packages:${PYTHONPATH} /usr/bin/python3 -W ignore:setup.py install is deprecated -W ignore:easy_install command is deprecated setup.py egg_info --egg-base ../../build/robotanik_controller build --build-base /home/aziz/Desktop/ros2v2/build/robotanik_controller/build install --record /home/aziz/Desktop/ros2v2/build/robotanik_controller/install.log --single-version-externally-managed install_data
[1.495s] Level 1:colcon.colcon_core.environment:checking '/home/aziz/Desktop/ros2v2/install/robotanik_controller' for CMake config files
[1.496s] Level 1:colcon.colcon_core.environment:checking '/home/aziz/Desktop/ros2v2/install/robotanik_controller/lib'
[1.496s] Level 1:colcon.colcon_core.environment:checking '/home/aziz/Desktop/ros2v2/install/robotanik_controller/bin'
[1.496s] Level 1:colcon.colcon_core.environment:checking '/home/aziz/Desktop/ros2v2/install/robotanik_controller/lib/pkgconfig/robotanik_controller.pc'
[1.496s] Level 1:colcon.colcon_core.environment:checking '/home/aziz/Desktop/ros2v2/install/robotanik_controller/lib/python3.10/site-packages'
[1.496s] Level 1:colcon.colcon_core.shell:create_environment_hook('robotanik_controller', 'pythonpath')
[1.496s] INFO:colcon.colcon_core.shell:Creating environment hook '/home/aziz/Desktop/ros2v2/install/robotanik_controller/share/robotanik_controller/hook/pythonpath.ps1'
[1.496s] INFO:colcon.colcon_core.shell:Creating environment descriptor '/home/aziz/Desktop/ros2v2/install/robotanik_controller/share/robotanik_controller/hook/pythonpath.dsv'
[1.497s] INFO:colcon.colcon_core.shell:Creating environment hook '/home/aziz/Desktop/ros2v2/install/robotanik_controller/share/robotanik_controller/hook/pythonpath.sh'
[1.497s] Level 1:colcon.colcon_core.environment:checking '/home/aziz/Desktop/ros2v2/install/robotanik_controller/bin'
[1.497s] Level 1:colcon.colcon_core.environment:create_environment_scripts_only(robotanik_controller)
[1.497s] INFO:colcon.colcon_core.shell:Creating package script '/home/aziz/Desktop/ros2v2/install/robotanik_controller/share/robotanik_controller/package.ps1'
[1.497s] INFO:colcon.colcon_core.shell:Creating package descriptor '/home/aziz/Desktop/ros2v2/install/robotanik_controller/share/robotanik_controller/package.dsv'
[1.498s] INFO:colcon.colcon_core.shell:Creating package script '/home/aziz/Desktop/ros2v2/install/robotanik_controller/share/robotanik_controller/package.sh'
[1.498s] INFO:colcon.colcon_core.shell:Creating package script '/home/aziz/Desktop/ros2v2/install/robotanik_controller/share/robotanik_controller/package.bash'
[1.498s] INFO:colcon.colcon_core.shell:Creating package script '/home/aziz/Desktop/ros2v2/install/robotanik_controller/share/robotanik_controller/package.zsh'
[1.498s] Level 1:colcon.colcon_core.environment:create_file_with_runtime_dependencies(/home/aziz/Desktop/ros2v2/install/robotanik_controller/share/colcon-core/packages/robotanik_controller)
[1.498s] DEBUG:colcon.colcon_parallel_executor.executor.parallel:closing loop
[1.499s] DEBUG:colcon.colcon_parallel_executor.executor.parallel:loop closed
[1.499s] DEBUG:colcon.colcon_parallel_executor.executor.parallel:run_until_complete finished with '0'
[1.499s] DEBUG:colcon.colcon_core.event_reactor:joining thread
[1.503s] INFO:colcon.colcon_core.plugin_system:Skipping extension 'colcon_notification.desktop_notification.terminal_notifier': Not used on non-Darwin systems
[1.503s] INFO:colcon.colcon_core.plugin_system:Skipping extension 'colcon_notification.desktop_notification.win32': Not used on non-Windows systems
[1.503s] INFO:colcon.colcon_notification.desktop_notification:Sending desktop notification using 'notify2'
[1.515s] DEBUG:colcon.colcon_core.event_reactor:joined thread
[1.515s] INFO:colcon.colcon_core.shell:Creating prefix script '/home/aziz/Desktop/ros2v2/install/local_setup.ps1'
[1.516s] INFO:colcon.colcon_core.shell:Creating prefix util module '/home/aziz/Desktop/ros2v2/install/_local_setup_util_ps1.py'
[1.517s] INFO:colcon.colcon_core.shell:Creating prefix chain script '/home/aziz/Desktop/ros2v2/install/setup.ps1'
[1.518s] INFO:colcon.colcon_core.shell:Creating prefix script '/home/aziz/Desktop/ros2v2/install/local_setup.sh'
[1.518s] INFO:colcon.colcon_core.shell:Creating prefix util module '/home/aziz/Desktop/ros2v2/install/_local_setup_util_sh.py'
[1.518s] INFO:colcon.colcon_core.shell:Creating prefix chain script '/home/aziz/Desktop/ros2v2/install/setup.sh'
[1.519s] INFO:colcon.colcon_core.shell:Creating prefix script '/home/aziz/Desktop/ros2v2/install/local_setup.bash'
[1.520s] INFO:colcon.colcon_core.shell:Creating prefix chain script '/home/aziz/Desktop/ros2v2/install/setup.bash'
[1.521s] INFO:colcon.colcon_core.shell:Creating prefix script '/home/aziz/Desktop/ros2v2/install/local_setup.zsh'
[1.521s] INFO:colcon.colcon_core.shell:Creating prefix chain script '/home/aziz/Desktop/ros2v2/install/setup.zsh'
