[0.647s] Invoking command in '/home/aziz/Desktop/ros2v2/src/robotanik_vision': PYTHONPATH=/home/aziz/Desktop/ros2v2/build/robotanik_vision/prefix_override:/usr/lib/python3/dist-packages/colcon_core/task/python/colcon_distutils_commands:/home/aziz/Desktop/ros2v2/install/robotanik_vision/lib/python3.10/site-packages:${PYTHONPATH} /usr/bin/python3 -W ignore:setup.py install is deprecated -W ignore:easy_install command is deprecated setup.py egg_info --egg-base ../../build/robotanik_vision build --build-base /home/aziz/Desktop/ros2v2/build/robotanik_vision/build install --record /home/aziz/Desktop/ros2v2/build/robotanik_vision/install.log --single-version-externally-managed install_data
[0.776s] running egg_info
[0.776s] writing ../../build/robotanik_vision/robotanik_vision.egg-info/PKG-INFO
[0.776s] writing dependency_links to ../../build/robotanik_vision/robotanik_vision.egg-info/dependency_links.txt
[0.776s] writing entry points to ../../build/robotanik_vision/robotanik_vision.egg-info/entry_points.txt
[0.776s] writing requirements to ../../build/robotanik_vision/robotanik_vision.egg-info/requires.txt
[0.776s] writing top-level names to ../../build/robotanik_vision/robotanik_vision.egg-info/top_level.txt
[0.777s] reading manifest file '../../build/robotanik_vision/robotanik_vision.egg-info/SOURCES.txt'
[0.778s] writing manifest file '../../build/robotanik_vision/robotanik_vision.egg-info/SOURCES.txt'
[0.778s] running build
[0.778s] running build_py
[0.779s] running install
[0.779s] running install_lib
[0.780s] running install_data
[0.780s] running install_egg_info
[0.781s] removing '/home/aziz/Desktop/ros2v2/install/robotanik_vision/lib/python3.10/site-packages/robotanik_vision-0.0.0-py3.10.egg-info' (and everything under it)
[0.781s] Copying ../../build/robotanik_vision/robotanik_vision.egg-info to /home/aziz/Desktop/ros2v2/install/robotanik_vision/lib/python3.10/site-packages/robotanik_vision-0.0.0-py3.10.egg-info
[0.781s] running install_scripts
[0.793s] Installing ai_analyzer script to /home/aziz/Desktop/ros2v2/install/robotanik_vision/lib/robotanik_vision
[0.793s] Installing camera_node script to /home/aziz/Desktop/ros2v2/install/robotanik_vision/lib/robotanik_vision
[0.793s] writing list of installed files to '/home/aziz/Desktop/ros2v2/build/robotanik_vision/install.log'
[0.826s] Invoked command in '/home/aziz/Desktop/ros2v2/src/robotanik_vision' returned '0': PYTHONPATH=/home/aziz/Desktop/ros2v2/build/robotanik_vision/prefix_override:/usr/lib/python3/dist-packages/colcon_core/task/python/colcon_distutils_commands:/home/aziz/Desktop/ros2v2/install/robotanik_vision/lib/python3.10/site-packages:${PYTHONPATH} /usr/bin/python3 -W ignore:setup.py install is deprecated -W ignore:easy_install command is deprecated setup.py egg_info --egg-base ../../build/robotanik_vision build --build-base /home/aziz/Desktop/ros2v2/build/robotanik_vision/build install --record /home/aziz/Desktop/ros2v2/build/robotanik_vision/install.log --single-version-externally-managed install_data
