[0.488s] Invoking command in '/home/aziz/Desktop/ros2v2/src/robotanik_control': PYTHONPATH=/home/aziz/Desktop/ros2v2/build/robotanik_control/prefix_override:/usr/lib/python3/dist-packages/colcon_core/task/python/colcon_distutils_commands:/home/aziz/Desktop/ros2v2/install/robotanik_control/lib/python3.10/site-packages:${PYTHONPATH} /usr/bin/python3 -W ignore:setup.py install is deprecated -W ignore:easy_install command is deprecated setup.py egg_info --egg-base ../../build/robotanik_control build --build-base /home/aziz/Desktop/ros2v2/build/robotanik_control/build install --record /home/aziz/Desktop/ros2v2/build/robotanik_control/install.log --single-version-externally-managed install_data
[0.617s] running egg_info
[0.617s] writing ../../build/robotanik_control/robotanik_control.egg-info/PKG-INFO
[0.617s] writing dependency_links to ../../build/robotanik_control/robotanik_control.egg-info/dependency_links.txt
[0.617s] writing entry points to ../../build/robotanik_control/robotanik_control.egg-info/entry_points.txt
[0.617s] writing requirements to ../../build/robotanik_control/robotanik_control.egg-info/requires.txt
[0.617s] writing top-level names to ../../build/robotanik_control/robotanik_control.egg-info/top_level.txt
[0.618s] reading manifest file '../../build/robotanik_control/robotanik_control.egg-info/SOURCES.txt'
[0.619s] writing manifest file '../../build/robotanik_control/robotanik_control.egg-info/SOURCES.txt'
[0.619s] running build
[0.619s] running build_py
[0.619s] running install
[0.619s] running install_lib
[0.620s] running install_data
[0.620s] running install_egg_info
[0.621s] removing '/home/aziz/Desktop/ros2v2/install/robotanik_control/lib/python3.10/site-packages/robotanik_control-0.0.0-py3.10.egg-info' (and everything under it)
[0.621s] Copying ../../build/robotanik_control/robotanik_control.egg-info to /home/aziz/Desktop/ros2v2/install/robotanik_control/lib/python3.10/site-packages/robotanik_control-0.0.0-py3.10.egg-info
[0.622s] running install_scripts
[0.636s] Installing location_simulator script to /home/aziz/Desktop/ros2v2/install/robotanik_control/lib/robotanik_control
[0.636s] Installing main_controller script to /home/aziz/Desktop/ros2v2/install/robotanik_control/lib/robotanik_control
[0.636s] writing list of installed files to '/home/aziz/Desktop/ros2v2/build/robotanik_control/install.log'
[0.662s] Invoked command in '/home/aziz/Desktop/ros2v2/src/robotanik_control' returned '0': PYTHONPATH=/home/aziz/Desktop/ros2v2/build/robotanik_control/prefix_override:/usr/lib/python3/dist-packages/colcon_core/task/python/colcon_distutils_commands:/home/aziz/Desktop/ros2v2/install/robotanik_control/lib/python3.10/site-packages:${PYTHONPATH} /usr/bin/python3 -W ignore:setup.py install is deprecated -W ignore:easy_install command is deprecated setup.py egg_info --egg-base ../../build/robotanik_control build --build-base /home/aziz/Desktop/ros2v2/build/robotanik_control/build install --record /home/aziz/Desktop/ros2v2/build/robotanik_control/install.log --single-version-externally-managed install_data
