[0.056s] DEBUG:colcon:Command line arguments: ['/usr/bin/colcon', 'build']
[0.056s] DEBUG:colcon:Parsed command line arguments: Namespace(log_base=None, log_level=None, verb_name='build', build_base='build', install_base='install', merge_install=False, symlink_install=False, test_result_base=None, continue_on_error=False, executor='parallel', parallel_workers=16, event_handlers=None, ignore_user_meta=False, metas=['./colcon.meta'], base_paths=['.'], packages_ignore=None, packages_ignore_regex=None, paths=None, packages_up_to=None, packages_up_to_regex=None, packages_above=None, packages_above_and_dependencies=None, packages_above_depth=None, packages_select_by_dep=None, packages_skip_by_dep=None, packages_skip_up_to=None, packages_select_build_failed=False, packages_skip_build_finished=False, packages_select_test_failures=False, packages_skip_test_passed=False, packages_select=None, packages_skip=None, packages_select_regex=None, packages_skip_regex=None, packages_start=None, packages_end=None, allow_overriding=[], cmake_args=None, cmake_target=None, cmake_target_skip_unavailable=False, cmake_clean_cache=False, cmake_clean_first=False, cmake_force_configure=False, ament_cmake_args=None, catkin_cmake_args=None, catkin_skip_building_tests=False, verb_parser=<colcon_defaults.argument_parser.defaults.DefaultArgumentsDecorator object at 0x76dffb729990>, verb_extension=<colcon_core.verb.build.BuildVerb object at 0x76dffb852dd0>, main=<bound method BuildVerb.main of <colcon_core.verb.build.BuildVerb object at 0x76dffb852dd0>>)
[0.141s] Level 1:colcon.colcon_core.package_discovery:discover_packages(colcon_meta) check parameters
[0.141s] Level 1:colcon.colcon_core.package_discovery:discover_packages(recursive) check parameters
[0.141s] Level 1:colcon.colcon_core.package_discovery:discover_packages(ignore) check parameters
[0.141s] Level 1:colcon.colcon_core.package_discovery:discover_packages(path) check parameters
[0.141s] Level 1:colcon.colcon_core.package_discovery:discover_packages(colcon_meta) discover
[0.141s] Level 1:colcon.colcon_core.package_discovery:discover_packages(recursive) discover
[0.141s] INFO:colcon.colcon_core.package_discovery:Crawling recursively for packages in '/home/aziz/Desktop/ros2v2'
[0.141s] Level 1:colcon.colcon_core.package_identification:_identify(.) by extensions ['ignore', 'ignore_ament_install']
[0.141s] Level 1:colcon.colcon_core.package_identification:_identify(.) by extension 'ignore'
[0.141s] Level 1:colcon.colcon_core.package_identification:_identify(.) by extension 'ignore_ament_install'
[0.141s] Level 1:colcon.colcon_core.package_identification:_identify(.) by extensions ['colcon_pkg']
[0.141s] Level 1:colcon.colcon_core.package_identification:_identify(.) by extension 'colcon_pkg'
[0.141s] Level 1:colcon.colcon_core.package_identification:_identify(.) by extensions ['colcon_meta']
[0.141s] Level 1:colcon.colcon_core.package_identification:_identify(.) by extension 'colcon_meta'
[0.141s] Level 1:colcon.colcon_core.package_identification:_identify(.) by extensions ['ros']
[0.141s] Level 1:colcon.colcon_core.package_identification:_identify(.) by extension 'ros'
[0.147s] Level 1:colcon.colcon_core.package_identification:_identify(.) by extensions ['cmake', 'python']
[0.147s] Level 1:colcon.colcon_core.package_identification:_identify(.) by extension 'cmake'
[0.147s] Level 1:colcon.colcon_core.package_identification:_identify(.) by extension 'python'
[0.147s] Level 1:colcon.colcon_core.package_identification:_identify(.) by extensions ['python_setup_py']
[0.147s] Level 1:colcon.colcon_core.package_identification:_identify(.) by extension 'python_setup_py'
[0.148s] Level 1:colcon.colcon_core.package_identification:_identify(build) by extensions ['ignore', 'ignore_ament_install']
[0.148s] Level 1:colcon.colcon_core.package_identification:_identify(build) by extension 'ignore'
[0.148s] Level 1:colcon.colcon_core.package_identification:_identify(build) ignored
[0.148s] Level 1:colcon.colcon_core.package_identification:_identify(docs) by extensions ['ignore', 'ignore_ament_install']
[0.148s] Level 1:colcon.colcon_core.package_identification:_identify(docs) by extension 'ignore'
[0.148s] Level 1:colcon.colcon_core.package_identification:_identify(docs) by extension 'ignore_ament_install'
[0.148s] Level 1:colcon.colcon_core.package_identification:_identify(docs) by extensions ['colcon_pkg']
[0.148s] Level 1:colcon.colcon_core.package_identification:_identify(docs) by extension 'colcon_pkg'
[0.148s] Level 1:colcon.colcon_core.package_identification:_identify(docs) by extensions ['colcon_meta']
[0.148s] Level 1:colcon.colcon_core.package_identification:_identify(docs) by extension 'colcon_meta'
[0.148s] Level 1:colcon.colcon_core.package_identification:_identify(docs) by extensions ['ros']
[0.148s] Level 1:colcon.colcon_core.package_identification:_identify(docs) by extension 'ros'
[0.148s] Level 1:colcon.colcon_core.package_identification:_identify(docs) by extensions ['cmake', 'python']
[0.148s] Level 1:colcon.colcon_core.package_identification:_identify(docs) by extension 'cmake'
[0.148s] Level 1:colcon.colcon_core.package_identification:_identify(docs) by extension 'python'
[0.148s] Level 1:colcon.colcon_core.package_identification:_identify(docs) by extensions ['python_setup_py']
[0.148s] Level 1:colcon.colcon_core.package_identification:_identify(docs) by extension 'python_setup_py'
[0.148s] Level 1:colcon.colcon_core.package_identification:_identify(install) by extensions ['ignore', 'ignore_ament_install']
[0.148s] Level 1:colcon.colcon_core.package_identification:_identify(install) by extension 'ignore'
[0.148s] Level 1:colcon.colcon_core.package_identification:_identify(install) ignored
[0.148s] Level 1:colcon.colcon_core.package_identification:_identify(log) by extensions ['ignore', 'ignore_ament_install']
[0.148s] Level 1:colcon.colcon_core.package_identification:_identify(log) by extension 'ignore'
[0.148s] Level 1:colcon.colcon_core.package_identification:_identify(log) ignored
[0.148s] Level 1:colcon.colcon_core.package_identification:_identify(src) by extensions ['ignore', 'ignore_ament_install']
[0.148s] Level 1:colcon.colcon_core.package_identification:_identify(src) by extension 'ignore'
[0.148s] Level 1:colcon.colcon_core.package_identification:_identify(src) by extension 'ignore_ament_install'
[0.148s] Level 1:colcon.colcon_core.package_identification:_identify(src) by extensions ['colcon_pkg']
[0.148s] Level 1:colcon.colcon_core.package_identification:_identify(src) by extension 'colcon_pkg'
[0.148s] Level 1:colcon.colcon_core.package_identification:_identify(src) by extensions ['colcon_meta']
[0.148s] Level 1:colcon.colcon_core.package_identification:_identify(src) by extension 'colcon_meta'
[0.148s] Level 1:colcon.colcon_core.package_identification:_identify(src) by extensions ['ros']
[0.148s] Level 1:colcon.colcon_core.package_identification:_identify(src) by extension 'ros'
[0.148s] Level 1:colcon.colcon_core.package_identification:_identify(src) by extensions ['cmake', 'python']
[0.148s] Level 1:colcon.colcon_core.package_identification:_identify(src) by extension 'cmake'
[0.148s] Level 1:colcon.colcon_core.package_identification:_identify(src) by extension 'python'
[0.148s] Level 1:colcon.colcon_core.package_identification:_identify(src) by extensions ['python_setup_py']
[0.148s] Level 1:colcon.colcon_core.package_identification:_identify(src) by extension 'python_setup_py'
[0.148s] Level 1:colcon.colcon_core.package_identification:_identify(src/build) by extensions ['ignore', 'ignore_ament_install']
[0.148s] Level 1:colcon.colcon_core.package_identification:_identify(src/build) by extension 'ignore'
[0.148s] Level 1:colcon.colcon_core.package_identification:_identify(src/build) ignored
[0.148s] Level 1:colcon.colcon_core.package_identification:_identify(src/install) by extensions ['ignore', 'ignore_ament_install']
[0.149s] Level 1:colcon.colcon_core.package_identification:_identify(src/install) by extension 'ignore'
[0.149s] Level 1:colcon.colcon_core.package_identification:_identify(src/install) ignored
[0.149s] Level 1:colcon.colcon_core.package_identification:_identify(src/log) by extensions ['ignore', 'ignore_ament_install']
[0.149s] Level 1:colcon.colcon_core.package_identification:_identify(src/log) by extension 'ignore'
[0.149s] Level 1:colcon.colcon_core.package_identification:_identify(src/log) ignored
[0.149s] Level 1:colcon.colcon_core.package_identification:_identify(src/robotanik_control) by extensions ['ignore', 'ignore_ament_install']
[0.149s] Level 1:colcon.colcon_core.package_identification:_identify(src/robotanik_control) by extension 'ignore'
[0.149s] Level 1:colcon.colcon_core.package_identification:_identify(src/robotanik_control) by extension 'ignore_ament_install'
[0.149s] Level 1:colcon.colcon_core.package_identification:_identify(src/robotanik_control) by extensions ['colcon_pkg']
[0.149s] Level 1:colcon.colcon_core.package_identification:_identify(src/robotanik_control) by extension 'colcon_pkg'
[0.149s] Level 1:colcon.colcon_core.package_identification:_identify(src/robotanik_control) by extensions ['colcon_meta']
[0.149s] Level 1:colcon.colcon_core.package_identification:_identify(src/robotanik_control) by extension 'colcon_meta'
[0.149s] Level 1:colcon.colcon_core.package_identification:_identify(src/robotanik_control) by extensions ['ros']
[0.149s] Level 1:colcon.colcon_core.package_identification:_identify(src/robotanik_control) by extension 'ros'
[0.150s] DEBUG:colcon.colcon_core.package_identification:Package 'src/robotanik_control' with type 'ros.ament_python' and name 'robotanik_control'
[0.150s] Level 1:colcon.colcon_core.package_identification:_identify(src/robotanik_sim) by extensions ['ignore', 'ignore_ament_install']
[0.150s] Level 1:colcon.colcon_core.package_identification:_identify(src/robotanik_sim) by extension 'ignore'
[0.150s] Level 1:colcon.colcon_core.package_identification:_identify(src/robotanik_sim) by extension 'ignore_ament_install'
[0.150s] Level 1:colcon.colcon_core.package_identification:_identify(src/robotanik_sim) by extensions ['colcon_pkg']
[0.150s] Level 1:colcon.colcon_core.package_identification:_identify(src/robotanik_sim) by extension 'colcon_pkg'
[0.150s] Level 1:colcon.colcon_core.package_identification:_identify(src/robotanik_sim) by extensions ['colcon_meta']
[0.150s] Level 1:colcon.colcon_core.package_identification:_identify(src/robotanik_sim) by extension 'colcon_meta'
[0.150s] Level 1:colcon.colcon_core.package_identification:_identify(src/robotanik_sim) by extensions ['ros']
[0.150s] Level 1:colcon.colcon_core.package_identification:_identify(src/robotanik_sim) by extension 'ros'
[0.151s] DEBUG:colcon.colcon_core.package_identification:Package 'src/robotanik_sim' with type 'ros.ament_cmake' and name 'robotanik_sim'
[0.151s] Level 1:colcon.colcon_core.package_identification:_identify(src/robotanik_vision) by extensions ['ignore', 'ignore_ament_install']
[0.151s] Level 1:colcon.colcon_core.package_identification:_identify(src/robotanik_vision) by extension 'ignore'
[0.151s] Level 1:colcon.colcon_core.package_identification:_identify(src/robotanik_vision) by extension 'ignore_ament_install'
[0.151s] Level 1:colcon.colcon_core.package_identification:_identify(src/robotanik_vision) by extensions ['colcon_pkg']
[0.151s] Level 1:colcon.colcon_core.package_identification:_identify(src/robotanik_vision) by extension 'colcon_pkg'
[0.151s] Level 1:colcon.colcon_core.package_identification:_identify(src/robotanik_vision) by extensions ['colcon_meta']
[0.151s] Level 1:colcon.colcon_core.package_identification:_identify(src/robotanik_vision) by extension 'colcon_meta'
[0.151s] Level 1:colcon.colcon_core.package_identification:_identify(src/robotanik_vision) by extensions ['ros']
[0.151s] Level 1:colcon.colcon_core.package_identification:_identify(src/robotanik_vision) by extension 'ros'
[0.151s] DEBUG:colcon.colcon_core.package_identification:Package 'src/robotanik_vision' with type 'ros.ament_python' and name 'robotanik_vision'
[0.151s] Level 1:colcon.colcon_core.package_identification:_identify(src/sensor_hcsr04) by extensions ['ignore', 'ignore_ament_install']
[0.151s] Level 1:colcon.colcon_core.package_identification:_identify(src/sensor_hcsr04) by extension 'ignore'
[0.151s] Level 1:colcon.colcon_core.package_identification:_identify(src/sensor_hcsr04) by extension 'ignore_ament_install'
[0.151s] Level 1:colcon.colcon_core.package_identification:_identify(src/sensor_hcsr04) by extensions ['colcon_pkg']
[0.151s] Level 1:colcon.colcon_core.package_identification:_identify(src/sensor_hcsr04) by extension 'colcon_pkg'
[0.151s] Level 1:colcon.colcon_core.package_identification:_identify(src/sensor_hcsr04) by extensions ['colcon_meta']
[0.151s] Level 1:colcon.colcon_core.package_identification:_identify(src/sensor_hcsr04) by extension 'colcon_meta'
[0.151s] Level 1:colcon.colcon_core.package_identification:_identify(src/sensor_hcsr04) by extensions ['ros']
[0.151s] Level 1:colcon.colcon_core.package_identification:_identify(src/sensor_hcsr04) by extension 'ros'
[0.152s] DEBUG:colcon.colcon_core.package_identification:Package 'src/sensor_hcsr04' with type 'ros.ament_python' and name 'sensor_hcsr04'
[0.152s] Level 1:colcon.colcon_core.package_discovery:discover_packages(recursive) using defaults
[0.152s] Level 1:colcon.colcon_core.package_discovery:discover_packages(ignore) discover
[0.152s] Level 1:colcon.colcon_core.package_discovery:discover_packages(ignore) using defaults
[0.152s] Level 1:colcon.colcon_core.package_discovery:discover_packages(path) discover
[0.152s] Level 1:colcon.colcon_core.package_discovery:discover_packages(path) using defaults
[0.168s] Level 1:colcon.colcon_core.package_discovery:discover_packages(prefix_path) check parameters
[0.169s] Level 1:colcon.colcon_core.package_discovery:discover_packages(prefix_path) discover
[0.169s] DEBUG:colcon.colcon_installed_package_information.package_discovery:Found 4 installed packages in /home/aziz/Desktop/ros2_ws/install
[0.170s] DEBUG:colcon.colcon_installed_package_information.package_discovery:Found 326 installed packages in /opt/ros/humble
[0.171s] Level 1:colcon.colcon_core.package_discovery:discover_packages(prefix_path) using defaults
[0.192s] Level 5:colcon.colcon_core.verb:set package 'robotanik_control' build argument 'cmake_args' from command line to 'None'
[0.192s] Level 5:colcon.colcon_core.verb:set package 'robotanik_control' build argument 'cmake_target' from command line to 'None'
[0.192s] Level 5:colcon.colcon_core.verb:set package 'robotanik_control' build argument 'cmake_target_skip_unavailable' from command line to 'False'
[0.192s] Level 5:colcon.colcon_core.verb:set package 'robotanik_control' build argument 'cmake_clean_cache' from command line to 'False'
[0.192s] Level 5:colcon.colcon_core.verb:set package 'robotanik_control' build argument 'cmake_clean_first' from command line to 'False'
[0.192s] Level 5:colcon.colcon_core.verb:set package 'robotanik_control' build argument 'cmake_force_configure' from command line to 'False'
[0.192s] Level 5:colcon.colcon_core.verb:set package 'robotanik_control' build argument 'ament_cmake_args' from command line to 'None'
[0.192s] Level 5:colcon.colcon_core.verb:set package 'robotanik_control' build argument 'catkin_cmake_args' from command line to 'None'
[0.192s] Level 5:colcon.colcon_core.verb:set package 'robotanik_control' build argument 'catkin_skip_building_tests' from command line to 'False'
[0.192s] DEBUG:colcon.colcon_core.verb:Building package 'robotanik_control' with the following arguments: {'ament_cmake_args': None, 'build_base': '/home/aziz/Desktop/ros2v2/build/robotanik_control', 'catkin_cmake_args': None, 'catkin_skip_building_tests': False, 'cmake_args': None, 'cmake_clean_cache': False, 'cmake_clean_first': False, 'cmake_force_configure': False, 'cmake_target': None, 'cmake_target_skip_unavailable': False, 'install_base': '/home/aziz/Desktop/ros2v2/install/robotanik_control', 'merge_install': False, 'path': '/home/aziz/Desktop/ros2v2/src/robotanik_control', 'symlink_install': False, 'test_result_base': None}
[0.192s] Level 5:colcon.colcon_core.verb:set package 'robotanik_sim' build argument 'cmake_args' from command line to 'None'
[0.192s] Level 5:colcon.colcon_core.verb:set package 'robotanik_sim' build argument 'cmake_target' from command line to 'None'
[0.192s] Level 5:colcon.colcon_core.verb:set package 'robotanik_sim' build argument 'cmake_target_skip_unavailable' from command line to 'False'
[0.192s] Level 5:colcon.colcon_core.verb:set package 'robotanik_sim' build argument 'cmake_clean_cache' from command line to 'False'
[0.192s] Level 5:colcon.colcon_core.verb:set package 'robotanik_sim' build argument 'cmake_clean_first' from command line to 'False'
[0.192s] Level 5:colcon.colcon_core.verb:set package 'robotanik_sim' build argument 'cmake_force_configure' from command line to 'False'
[0.192s] Level 5:colcon.colcon_core.verb:set package 'robotanik_sim' build argument 'ament_cmake_args' from command line to 'None'
[0.192s] Level 5:colcon.colcon_core.verb:set package 'robotanik_sim' build argument 'catkin_cmake_args' from command line to 'None'
[0.192s] Level 5:colcon.colcon_core.verb:set package 'robotanik_sim' build argument 'catkin_skip_building_tests' from command line to 'False'
[0.192s] DEBUG:colcon.colcon_core.verb:Building package 'robotanik_sim' with the following arguments: {'ament_cmake_args': None, 'build_base': '/home/aziz/Desktop/ros2v2/build/robotanik_sim', 'catkin_cmake_args': None, 'catkin_skip_building_tests': False, 'cmake_args': None, 'cmake_clean_cache': False, 'cmake_clean_first': False, 'cmake_force_configure': False, 'cmake_target': None, 'cmake_target_skip_unavailable': False, 'install_base': '/home/aziz/Desktop/ros2v2/install/robotanik_sim', 'merge_install': False, 'path': '/home/aziz/Desktop/ros2v2/src/robotanik_sim', 'symlink_install': False, 'test_result_base': None}
[0.192s] Level 5:colcon.colcon_core.verb:set package 'robotanik_vision' build argument 'cmake_args' from command line to 'None'
[0.192s] Level 5:colcon.colcon_core.verb:set package 'robotanik_vision' build argument 'cmake_target' from command line to 'None'
[0.192s] Level 5:colcon.colcon_core.verb:set package 'robotanik_vision' build argument 'cmake_target_skip_unavailable' from command line to 'False'
[0.192s] Level 5:colcon.colcon_core.verb:set package 'robotanik_vision' build argument 'cmake_clean_cache' from command line to 'False'
[0.192s] Level 5:colcon.colcon_core.verb:set package 'robotanik_vision' build argument 'cmake_clean_first' from command line to 'False'
[0.192s] Level 5:colcon.colcon_core.verb:set package 'robotanik_vision' build argument 'cmake_force_configure' from command line to 'False'
[0.192s] Level 5:colcon.colcon_core.verb:set package 'robotanik_vision' build argument 'ament_cmake_args' from command line to 'None'
[0.192s] Level 5:colcon.colcon_core.verb:set package 'robotanik_vision' build argument 'catkin_cmake_args' from command line to 'None'
[0.192s] Level 5:colcon.colcon_core.verb:set package 'robotanik_vision' build argument 'catkin_skip_building_tests' from command line to 'False'
[0.192s] DEBUG:colcon.colcon_core.verb:Building package 'robotanik_vision' with the following arguments: {'ament_cmake_args': None, 'build_base': '/home/aziz/Desktop/ros2v2/build/robotanik_vision', 'catkin_cmake_args': None, 'catkin_skip_building_tests': False, 'cmake_args': None, 'cmake_clean_cache': False, 'cmake_clean_first': False, 'cmake_force_configure': False, 'cmake_target': None, 'cmake_target_skip_unavailable': False, 'install_base': '/home/aziz/Desktop/ros2v2/install/robotanik_vision', 'merge_install': False, 'path': '/home/aziz/Desktop/ros2v2/src/robotanik_vision', 'symlink_install': False, 'test_result_base': None}
[0.193s] Level 5:colcon.colcon_core.verb:set package 'sensor_hcsr04' build argument 'cmake_args' from command line to 'None'
[0.193s] Level 5:colcon.colcon_core.verb:set package 'sensor_hcsr04' build argument 'cmake_target' from command line to 'None'
[0.193s] Level 5:colcon.colcon_core.verb:set package 'sensor_hcsr04' build argument 'cmake_target_skip_unavailable' from command line to 'False'
[0.193s] Level 5:colcon.colcon_core.verb:set package 'sensor_hcsr04' build argument 'cmake_clean_cache' from command line to 'False'
[0.193s] Level 5:colcon.colcon_core.verb:set package 'sensor_hcsr04' build argument 'cmake_clean_first' from command line to 'False'
[0.193s] Level 5:colcon.colcon_core.verb:set package 'sensor_hcsr04' build argument 'cmake_force_configure' from command line to 'False'
[0.193s] Level 5:colcon.colcon_core.verb:set package 'sensor_hcsr04' build argument 'ament_cmake_args' from command line to 'None'
[0.193s] Level 5:colcon.colcon_core.verb:set package 'sensor_hcsr04' build argument 'catkin_cmake_args' from command line to 'None'
[0.193s] Level 5:colcon.colcon_core.verb:set package 'sensor_hcsr04' build argument 'catkin_skip_building_tests' from command line to 'False'
[0.193s] DEBUG:colcon.colcon_core.verb:Building package 'sensor_hcsr04' with the following arguments: {'ament_cmake_args': None, 'build_base': '/home/aziz/Desktop/ros2v2/build/sensor_hcsr04', 'catkin_cmake_args': None, 'catkin_skip_building_tests': False, 'cmake_args': None, 'cmake_clean_cache': False, 'cmake_clean_first': False, 'cmake_force_configure': False, 'cmake_target': None, 'cmake_target_skip_unavailable': False, 'install_base': '/home/aziz/Desktop/ros2v2/install/sensor_hcsr04', 'merge_install': False, 'path': '/home/aziz/Desktop/ros2v2/src/sensor_hcsr04', 'symlink_install': False, 'test_result_base': None}
[0.193s] INFO:colcon.colcon_core.executor:Executing jobs using 'parallel' executor
[0.194s] DEBUG:colcon.colcon_parallel_executor.executor.parallel:run_until_complete
[0.194s] INFO:colcon.colcon_ros.task.ament_python.build:Building ROS package in '/home/aziz/Desktop/ros2v2/src/robotanik_control' with build type 'ament_python'
[0.194s] Level 1:colcon.colcon_core.shell:create_environment_hook('robotanik_control', 'ament_prefix_path')
[0.195s] INFO:colcon.colcon_core.plugin_system:Skipping extension 'colcon_core.shell.bat': Not used on non-Windows systems
[0.195s] INFO:colcon.colcon_core.shell:Creating environment hook '/home/aziz/Desktop/ros2v2/install/robotanik_control/share/robotanik_control/hook/ament_prefix_path.ps1'
[0.196s] INFO:colcon.colcon_core.shell:Creating environment descriptor '/home/aziz/Desktop/ros2v2/install/robotanik_control/share/robotanik_control/hook/ament_prefix_path.dsv'
[0.196s] INFO:colcon.colcon_core.shell:Creating environment hook '/home/aziz/Desktop/ros2v2/install/robotanik_control/share/robotanik_control/hook/ament_prefix_path.sh'
[0.196s] INFO:colcon.colcon_core.shell:Skip shell extension 'powershell' for command environment: Not usable outside of PowerShell
[0.196s] DEBUG:colcon.colcon_core.shell:Skip shell extension 'dsv' for command environment
[0.198s] INFO:colcon.colcon_ros.task.ament_cmake.build:Building ROS package in '/home/aziz/Desktop/ros2v2/src/robotanik_sim' with build type 'ament_cmake'
[0.199s] INFO:colcon.colcon_cmake.task.cmake.build:Building CMake package in '/home/aziz/Desktop/ros2v2/src/robotanik_sim'
[0.199s] INFO:colcon.colcon_core.shell:Skip shell extension 'powershell' for command environment: Not usable outside of PowerShell
[0.199s] DEBUG:colcon.colcon_core.shell:Skip shell extension 'dsv' for command environment
[0.201s] INFO:colcon.colcon_ros.task.ament_python.build:Building ROS package in '/home/aziz/Desktop/ros2v2/src/robotanik_vision' with build type 'ament_python'
[0.201s] Level 1:colcon.colcon_core.shell:create_environment_hook('robotanik_vision', 'ament_prefix_path')
[0.201s] INFO:colcon.colcon_core.shell:Creating environment hook '/home/aziz/Desktop/ros2v2/install/robotanik_vision/share/robotanik_vision/hook/ament_prefix_path.ps1'
[0.201s] INFO:colcon.colcon_core.shell:Creating environment descriptor '/home/aziz/Desktop/ros2v2/install/robotanik_vision/share/robotanik_vision/hook/ament_prefix_path.dsv'
[0.201s] INFO:colcon.colcon_core.shell:Creating environment hook '/home/aziz/Desktop/ros2v2/install/robotanik_vision/share/robotanik_vision/hook/ament_prefix_path.sh'
[0.202s] INFO:colcon.colcon_core.shell:Skip shell extension 'powershell' for command environment: Not usable outside of PowerShell
[0.202s] DEBUG:colcon.colcon_core.shell:Skip shell extension 'dsv' for command environment
[0.204s] INFO:colcon.colcon_ros.task.ament_python.build:Building ROS package in '/home/aziz/Desktop/ros2v2/src/sensor_hcsr04' with build type 'ament_python'
[0.204s] Level 1:colcon.colcon_core.shell:create_environment_hook('sensor_hcsr04', 'ament_prefix_path')
[0.204s] INFO:colcon.colcon_core.shell:Creating environment hook '/home/aziz/Desktop/ros2v2/install/sensor_hcsr04/share/sensor_hcsr04/hook/ament_prefix_path.ps1'
[0.204s] INFO:colcon.colcon_core.shell:Creating environment descriptor '/home/aziz/Desktop/ros2v2/install/sensor_hcsr04/share/sensor_hcsr04/hook/ament_prefix_path.dsv'
[0.204s] INFO:colcon.colcon_core.shell:Creating environment hook '/home/aziz/Desktop/ros2v2/install/sensor_hcsr04/share/sensor_hcsr04/hook/ament_prefix_path.sh'
[0.204s] INFO:colcon.colcon_core.shell:Skip shell extension 'powershell' for command environment: Not usable outside of PowerShell
[0.204s] DEBUG:colcon.colcon_core.shell:Skip shell extension 'dsv' for command environment
[0.364s] INFO:colcon.colcon_core.task.python.build:Building Python package in '/home/aziz/Desktop/ros2v2/src/robotanik_control'
[0.365s] INFO:colcon.colcon_core.shell:Skip shell extension 'powershell' for command environment: Not usable outside of PowerShell
[0.365s] DEBUG:colcon.colcon_core.shell:Skip shell extension 'dsv' for command environment
[0.371s] DEBUG:colcon.colcon_core.event_handler.log_command:Invoking command in '/home/aziz/Desktop/ros2v2/build/robotanik_sim': CMAKE_PREFIX_PATH=${CMAKE_PREFIX_PATH}:/home/aziz/Desktop/ros2_ws/install/robotanik_vision:/home/aziz/Desktop/ros2_ws/install/robotanik_control:/home/aziz/Desktop/ros2_ws/install/my_py_pkg:/opt/ros/humble /usr/bin/cmake --build /home/aziz/Desktop/ros2v2/build/robotanik_sim -- -j16 -l16
[0.505s] INFO:colcon.colcon_core.task.python.build:Building Python package in '/home/aziz/Desktop/ros2v2/src/robotanik_vision'
[0.505s] INFO:colcon.colcon_core.shell:Skip shell extension 'powershell' for command environment: Not usable outside of PowerShell
[0.505s] DEBUG:colcon.colcon_core.shell:Skip shell extension 'dsv' for command environment
[0.656s] INFO:colcon.colcon_core.task.python.build:Building Python package in '/home/aziz/Desktop/ros2v2/src/sensor_hcsr04'
[0.656s] INFO:colcon.colcon_core.shell:Skip shell extension 'powershell' for command environment: Not usable outside of PowerShell
[0.656s] DEBUG:colcon.colcon_core.shell:Skip shell extension 'dsv' for command environment
[0.659s] DEBUG:colcon.colcon_core.event_handler.log_command:Invoked command in '/home/aziz/Desktop/ros2v2/build/robotanik_sim' returned '0': CMAKE_PREFIX_PATH=${CMAKE_PREFIX_PATH}:/home/aziz/Desktop/ros2_ws/install/robotanik_vision:/home/aziz/Desktop/ros2_ws/install/robotanik_control:/home/aziz/Desktop/ros2_ws/install/my_py_pkg:/opt/ros/humble /usr/bin/cmake --build /home/aziz/Desktop/ros2v2/build/robotanik_sim -- -j16 -l16
[0.668s] DEBUG:colcon.colcon_core.event_handler.log_command:Invoking command in '/home/aziz/Desktop/ros2v2/build/robotanik_sim': CMAKE_PREFIX_PATH=${CMAKE_PREFIX_PATH}:/home/aziz/Desktop/ros2_ws/install/robotanik_vision:/home/aziz/Desktop/ros2_ws/install/robotanik_control:/home/aziz/Desktop/ros2_ws/install/my_py_pkg:/opt/ros/humble /usr/bin/cmake --install /home/aziz/Desktop/ros2v2/build/robotanik_sim
[0.676s] Level 1:colcon.colcon_core.environment:create_environment_scripts_only(robotanik_sim)
[0.677s] DEBUG:colcon.colcon_core.event_handler.log_command:Invoked command in '/home/aziz/Desktop/ros2v2/build/robotanik_sim' returned '0': CMAKE_PREFIX_PATH=${CMAKE_PREFIX_PATH}:/home/aziz/Desktop/ros2_ws/install/robotanik_vision:/home/aziz/Desktop/ros2_ws/install/robotanik_control:/home/aziz/Desktop/ros2_ws/install/my_py_pkg:/opt/ros/humble /usr/bin/cmake --install /home/aziz/Desktop/ros2v2/build/robotanik_sim
[0.678s] Level 1:colcon.colcon_core.environment:checking '/home/aziz/Desktop/ros2v2/install/robotanik_sim' for CMake module files
[0.678s] Level 1:colcon.colcon_core.environment:checking '/home/aziz/Desktop/ros2v2/install/robotanik_sim' for CMake config files
[0.678s] Level 1:colcon.colcon_core.shell:create_environment_hook('robotanik_sim', 'cmake_prefix_path')
[0.679s] INFO:colcon.colcon_core.shell:Creating environment hook '/home/aziz/Desktop/ros2v2/install/robotanik_sim/share/robotanik_sim/hook/cmake_prefix_path.ps1'
[0.679s] INFO:colcon.colcon_core.shell:Creating environment descriptor '/home/aziz/Desktop/ros2v2/install/robotanik_sim/share/robotanik_sim/hook/cmake_prefix_path.dsv'
[0.679s] INFO:colcon.colcon_core.shell:Creating environment hook '/home/aziz/Desktop/ros2v2/install/robotanik_sim/share/robotanik_sim/hook/cmake_prefix_path.sh'
[0.679s] Level 1:colcon.colcon_core.environment:checking '/home/aziz/Desktop/ros2v2/install/robotanik_sim/lib'
[0.680s] Level 1:colcon.colcon_core.environment:checking '/home/aziz/Desktop/ros2v2/install/robotanik_sim/bin'
[0.680s] Level 1:colcon.colcon_core.environment:checking '/home/aziz/Desktop/ros2v2/install/robotanik_sim/lib/pkgconfig/robotanik_sim.pc'
[0.680s] Level 1:colcon.colcon_core.environment:checking '/home/aziz/Desktop/ros2v2/install/robotanik_sim/lib/python3.10/site-packages'
[0.680s] Level 1:colcon.colcon_core.environment:checking '/home/aziz/Desktop/ros2v2/install/robotanik_sim/bin'
[0.680s] INFO:colcon.colcon_core.shell:Creating package script '/home/aziz/Desktop/ros2v2/install/robotanik_sim/share/robotanik_sim/package.ps1'
[0.681s] INFO:colcon.colcon_core.shell:Creating package descriptor '/home/aziz/Desktop/ros2v2/install/robotanik_sim/share/robotanik_sim/package.dsv'
[0.681s] INFO:colcon.colcon_core.shell:Creating package script '/home/aziz/Desktop/ros2v2/install/robotanik_sim/share/robotanik_sim/package.sh'
[0.681s] INFO:colcon.colcon_core.shell:Creating package script '/home/aziz/Desktop/ros2v2/install/robotanik_sim/share/robotanik_sim/package.bash'
[0.682s] INFO:colcon.colcon_core.shell:Creating package script '/home/aziz/Desktop/ros2v2/install/robotanik_sim/share/robotanik_sim/package.zsh'
[0.682s] Level 1:colcon.colcon_core.environment:create_file_with_runtime_dependencies(/home/aziz/Desktop/ros2v2/install/robotanik_sim/share/colcon-core/packages/robotanik_sim)
[0.682s] Level 1:colcon.colcon_core.environment:create_environment_scripts_only(robotanik_sim)
[0.682s] Level 1:colcon.colcon_core.environment:checking '/home/aziz/Desktop/ros2v2/install/robotanik_sim' for CMake module files
[0.683s] Level 1:colcon.colcon_core.environment:checking '/home/aziz/Desktop/ros2v2/install/robotanik_sim' for CMake config files
[0.683s] Level 1:colcon.colcon_core.shell:create_environment_hook('robotanik_sim', 'cmake_prefix_path')
[0.683s] INFO:colcon.colcon_core.shell:Creating environment hook '/home/aziz/Desktop/ros2v2/install/robotanik_sim/share/robotanik_sim/hook/cmake_prefix_path.ps1'
[0.683s] INFO:colcon.colcon_core.shell:Creating environment descriptor '/home/aziz/Desktop/ros2v2/install/robotanik_sim/share/robotanik_sim/hook/cmake_prefix_path.dsv'
[0.683s] INFO:colcon.colcon_core.shell:Creating environment hook '/home/aziz/Desktop/ros2v2/install/robotanik_sim/share/robotanik_sim/hook/cmake_prefix_path.sh'
[0.683s] Level 1:colcon.colcon_core.environment:checking '/home/aziz/Desktop/ros2v2/install/robotanik_sim/lib'
[0.683s] Level 1:colcon.colcon_core.environment:checking '/home/aziz/Desktop/ros2v2/install/robotanik_sim/bin'
[0.684s] Level 1:colcon.colcon_core.environment:checking '/home/aziz/Desktop/ros2v2/install/robotanik_sim/lib/pkgconfig/robotanik_sim.pc'
[0.684s] Level 1:colcon.colcon_core.environment:checking '/home/aziz/Desktop/ros2v2/install/robotanik_sim/lib/python3.10/site-packages'
[0.684s] Level 1:colcon.colcon_core.environment:checking '/home/aziz/Desktop/ros2v2/install/robotanik_sim/bin'
[0.684s] INFO:colcon.colcon_core.shell:Creating package script '/home/aziz/Desktop/ros2v2/install/robotanik_sim/share/robotanik_sim/package.ps1'
[0.684s] INFO:colcon.colcon_core.shell:Creating package descriptor '/home/aziz/Desktop/ros2v2/install/robotanik_sim/share/robotanik_sim/package.dsv'
[0.684s] INFO:colcon.colcon_core.shell:Creating package script '/home/aziz/Desktop/ros2v2/install/robotanik_sim/share/robotanik_sim/package.sh'
[0.685s] INFO:colcon.colcon_core.shell:Creating package script '/home/aziz/Desktop/ros2v2/install/robotanik_sim/share/robotanik_sim/package.bash'
[0.685s] INFO:colcon.colcon_core.shell:Creating package script '/home/aziz/Desktop/ros2v2/install/robotanik_sim/share/robotanik_sim/package.zsh'
[0.685s] Level 1:colcon.colcon_core.environment:create_file_with_runtime_dependencies(/home/aziz/Desktop/ros2v2/install/robotanik_sim/share/colcon-core/packages/robotanik_sim)
[0.891s] DEBUG:colcon.colcon_core.event_handler.log_command:Invoking command in '/home/aziz/Desktop/ros2v2/src/robotanik_vision': PYTHONPATH=/home/aziz/Desktop/ros2v2/build/robotanik_vision/prefix_override:/usr/lib/python3/dist-packages/colcon_core/task/python/colcon_distutils_commands:/home/aziz/Desktop/ros2v2/install/robotanik_vision/lib/python3.10/site-packages:${PYTHONPATH} /usr/bin/python3 -W ignore:setup.py install is deprecated -W ignore:easy_install command is deprecated setup.py egg_info --egg-base ../../build/robotanik_vision build --build-base /home/aziz/Desktop/ros2v2/build/robotanik_vision/build install --record /home/aziz/Desktop/ros2v2/build/robotanik_vision/install.log --single-version-externally-managed install_data
[0.892s] DEBUG:colcon.colcon_core.event_handler.log_command:Invoking command in '/home/aziz/Desktop/ros2v2/src/sensor_hcsr04': PYTHONPATH=/home/aziz/Desktop/ros2v2/build/sensor_hcsr04/prefix_override:/usr/lib/python3/dist-packages/colcon_core/task/python/colcon_distutils_commands:/home/aziz/Desktop/ros2v2/install/sensor_hcsr04/lib/python3.10/site-packages:${PYTHONPATH} /usr/bin/python3 -W ignore:setup.py install is deprecated -W ignore:easy_install command is deprecated setup.py egg_info --egg-base ../../build/sensor_hcsr04 build --build-base /home/aziz/Desktop/ros2v2/build/sensor_hcsr04/build install --record /home/aziz/Desktop/ros2v2/build/sensor_hcsr04/install.log --single-version-externally-managed install_data
[0.894s] DEBUG:colcon.colcon_core.event_handler.log_command:Invoking command in '/home/aziz/Desktop/ros2v2/src/robotanik_control': PYTHONPATH=/home/aziz/Desktop/ros2v2/build/robotanik_control/prefix_override:/usr/lib/python3/dist-packages/colcon_core/task/python/colcon_distutils_commands:/home/aziz/Desktop/ros2v2/install/robotanik_control/lib/python3.10/site-packages:${PYTHONPATH} /usr/bin/python3 -W ignore:setup.py install is deprecated -W ignore:easy_install command is deprecated setup.py egg_info --egg-base ../../build/robotanik_control build --build-base /home/aziz/Desktop/ros2v2/build/robotanik_control/build install --record /home/aziz/Desktop/ros2v2/build/robotanik_control/install.log --single-version-externally-managed install_data
[1.071s] Level 1:colcon.colcon_core.environment:checking '/home/aziz/Desktop/ros2v2/install/robotanik_control' for CMake module files
[1.071s] DEBUG:colcon.colcon_core.event_handler.log_command:Invoked command in '/home/aziz/Desktop/ros2v2/src/robotanik_control' returned '0': PYTHONPATH=/home/aziz/Desktop/ros2v2/build/robotanik_control/prefix_override:/usr/lib/python3/dist-packages/colcon_core/task/python/colcon_distutils_commands:/home/aziz/Desktop/ros2v2/install/robotanik_control/lib/python3.10/site-packages:${PYTHONPATH} /usr/bin/python3 -W ignore:setup.py install is deprecated -W ignore:easy_install command is deprecated setup.py egg_info --egg-base ../../build/robotanik_control build --build-base /home/aziz/Desktop/ros2v2/build/robotanik_control/build install --record /home/aziz/Desktop/ros2v2/build/robotanik_control/install.log --single-version-externally-managed install_data
[1.072s] Level 1:colcon.colcon_core.environment:checking '/home/aziz/Desktop/ros2v2/install/robotanik_control' for CMake config files
[1.072s] Level 1:colcon.colcon_core.environment:checking '/home/aziz/Desktop/ros2v2/install/robotanik_control/lib'
[1.072s] Level 1:colcon.colcon_core.environment:checking '/home/aziz/Desktop/ros2v2/install/robotanik_control/bin'
[1.072s] Level 1:colcon.colcon_core.environment:checking '/home/aziz/Desktop/ros2v2/install/robotanik_control/lib/pkgconfig/robotanik_control.pc'
[1.072s] Level 1:colcon.colcon_core.environment:checking '/home/aziz/Desktop/ros2v2/install/robotanik_control/lib/python3.10/site-packages'
[1.072s] Level 1:colcon.colcon_core.shell:create_environment_hook('robotanik_control', 'pythonpath')
[1.072s] INFO:colcon.colcon_core.shell:Creating environment hook '/home/aziz/Desktop/ros2v2/install/robotanik_control/share/robotanik_control/hook/pythonpath.ps1'
[1.073s] INFO:colcon.colcon_core.shell:Creating environment descriptor '/home/aziz/Desktop/ros2v2/install/robotanik_control/share/robotanik_control/hook/pythonpath.dsv'
[1.073s] INFO:colcon.colcon_core.shell:Creating environment hook '/home/aziz/Desktop/ros2v2/install/robotanik_control/share/robotanik_control/hook/pythonpath.sh'
[1.073s] Level 1:colcon.colcon_core.environment:checking '/home/aziz/Desktop/ros2v2/install/robotanik_control/bin'
[1.073s] Level 1:colcon.colcon_core.environment:create_environment_scripts_only(robotanik_control)
[1.073s] INFO:colcon.colcon_core.shell:Creating package script '/home/aziz/Desktop/ros2v2/install/robotanik_control/share/robotanik_control/package.ps1'
[1.074s] INFO:colcon.colcon_core.shell:Creating package descriptor '/home/aziz/Desktop/ros2v2/install/robotanik_control/share/robotanik_control/package.dsv'
[1.074s] INFO:colcon.colcon_core.shell:Creating package script '/home/aziz/Desktop/ros2v2/install/robotanik_control/share/robotanik_control/package.sh'
[1.074s] INFO:colcon.colcon_core.shell:Creating package script '/home/aziz/Desktop/ros2v2/install/robotanik_control/share/robotanik_control/package.bash'
[1.074s] INFO:colcon.colcon_core.shell:Creating package script '/home/aziz/Desktop/ros2v2/install/robotanik_control/share/robotanik_control/package.zsh'
[1.075s] Level 1:colcon.colcon_core.environment:create_file_with_runtime_dependencies(/home/aziz/Desktop/ros2v2/install/robotanik_control/share/colcon-core/packages/robotanik_control)
[1.075s] Level 1:colcon.colcon_core.environment:checking '/home/aziz/Desktop/ros2v2/install/robotanik_vision' for CMake module files
[1.075s] Level 1:colcon.colcon_core.environment:checking '/home/aziz/Desktop/ros2v2/install/robotanik_vision' for CMake config files
[1.076s] DEBUG:colcon.colcon_core.event_handler.log_command:Invoked command in '/home/aziz/Desktop/ros2v2/src/robotanik_vision' returned '0': PYTHONPATH=/home/aziz/Desktop/ros2v2/build/robotanik_vision/prefix_override:/usr/lib/python3/dist-packages/colcon_core/task/python/colcon_distutils_commands:/home/aziz/Desktop/ros2v2/install/robotanik_vision/lib/python3.10/site-packages:${PYTHONPATH} /usr/bin/python3 -W ignore:setup.py install is deprecated -W ignore:easy_install command is deprecated setup.py egg_info --egg-base ../../build/robotanik_vision build --build-base /home/aziz/Desktop/ros2v2/build/robotanik_vision/build install --record /home/aziz/Desktop/ros2v2/build/robotanik_vision/install.log --single-version-externally-managed install_data
[1.076s] Level 1:colcon.colcon_core.environment:checking '/home/aziz/Desktop/ros2v2/install/robotanik_vision/lib'
[1.076s] Level 1:colcon.colcon_core.environment:checking '/home/aziz/Desktop/ros2v2/install/robotanik_vision/bin'
[1.076s] Level 1:colcon.colcon_core.environment:checking '/home/aziz/Desktop/ros2v2/install/robotanik_vision/lib/pkgconfig/robotanik_vision.pc'
[1.076s] Level 1:colcon.colcon_core.environment:checking '/home/aziz/Desktop/ros2v2/install/robotanik_vision/lib/python3.10/site-packages'
[1.076s] Level 1:colcon.colcon_core.shell:create_environment_hook('robotanik_vision', 'pythonpath')
[1.076s] INFO:colcon.colcon_core.shell:Creating environment hook '/home/aziz/Desktop/ros2v2/install/robotanik_vision/share/robotanik_vision/hook/pythonpath.ps1'
[1.077s] INFO:colcon.colcon_core.shell:Creating environment descriptor '/home/aziz/Desktop/ros2v2/install/robotanik_vision/share/robotanik_vision/hook/pythonpath.dsv'
[1.077s] INFO:colcon.colcon_core.shell:Creating environment hook '/home/aziz/Desktop/ros2v2/install/robotanik_vision/share/robotanik_vision/hook/pythonpath.sh'
[1.077s] Level 1:colcon.colcon_core.environment:checking '/home/aziz/Desktop/ros2v2/install/robotanik_vision/bin'
[1.077s] Level 1:colcon.colcon_core.environment:create_environment_scripts_only(robotanik_vision)
[1.077s] INFO:colcon.colcon_core.shell:Creating package script '/home/aziz/Desktop/ros2v2/install/robotanik_vision/share/robotanik_vision/package.ps1'
[1.077s] INFO:colcon.colcon_core.shell:Creating package descriptor '/home/aziz/Desktop/ros2v2/install/robotanik_vision/share/robotanik_vision/package.dsv'
[1.078s] INFO:colcon.colcon_core.shell:Creating package script '/home/aziz/Desktop/ros2v2/install/robotanik_vision/share/robotanik_vision/package.sh'
[1.078s] INFO:colcon.colcon_core.shell:Creating package script '/home/aziz/Desktop/ros2v2/install/robotanik_vision/share/robotanik_vision/package.bash'
[1.078s] INFO:colcon.colcon_core.shell:Creating package script '/home/aziz/Desktop/ros2v2/install/robotanik_vision/share/robotanik_vision/package.zsh'
[1.078s] Level 1:colcon.colcon_core.environment:create_file_with_runtime_dependencies(/home/aziz/Desktop/ros2v2/install/robotanik_vision/share/colcon-core/packages/robotanik_vision)
[1.079s] Level 1:colcon.colcon_core.environment:checking '/home/aziz/Desktop/ros2v2/install/sensor_hcsr04' for CMake module files
[1.079s] Level 1:colcon.colcon_core.environment:checking '/home/aziz/Desktop/ros2v2/install/sensor_hcsr04' for CMake config files
[1.079s] DEBUG:colcon.colcon_core.event_handler.log_command:Invoked command in '/home/aziz/Desktop/ros2v2/src/sensor_hcsr04' returned '0': PYTHONPATH=/home/aziz/Desktop/ros2v2/build/sensor_hcsr04/prefix_override:/usr/lib/python3/dist-packages/colcon_core/task/python/colcon_distutils_commands:/home/aziz/Desktop/ros2v2/install/sensor_hcsr04/lib/python3.10/site-packages:${PYTHONPATH} /usr/bin/python3 -W ignore:setup.py install is deprecated -W ignore:easy_install command is deprecated setup.py egg_info --egg-base ../../build/sensor_hcsr04 build --build-base /home/aziz/Desktop/ros2v2/build/sensor_hcsr04/build install --record /home/aziz/Desktop/ros2v2/build/sensor_hcsr04/install.log --single-version-externally-managed install_data
[1.080s] Level 1:colcon.colcon_core.environment:checking '/home/aziz/Desktop/ros2v2/install/sensor_hcsr04/lib'
[1.080s] Level 1:colcon.colcon_core.environment:checking '/home/aziz/Desktop/ros2v2/install/sensor_hcsr04/bin'
[1.080s] Level 1:colcon.colcon_core.environment:checking '/home/aziz/Desktop/ros2v2/install/sensor_hcsr04/lib/pkgconfig/sensor_hcsr04.pc'
[1.080s] Level 1:colcon.colcon_core.environment:checking '/home/aziz/Desktop/ros2v2/install/sensor_hcsr04/lib/python3.10/site-packages'
[1.080s] Level 1:colcon.colcon_core.shell:create_environment_hook('sensor_hcsr04', 'pythonpath')
[1.080s] INFO:colcon.colcon_core.shell:Creating environment hook '/home/aziz/Desktop/ros2v2/install/sensor_hcsr04/share/sensor_hcsr04/hook/pythonpath.ps1'
[1.080s] INFO:colcon.colcon_core.shell:Creating environment descriptor '/home/aziz/Desktop/ros2v2/install/sensor_hcsr04/share/sensor_hcsr04/hook/pythonpath.dsv'
[1.080s] INFO:colcon.colcon_core.shell:Creating environment hook '/home/aziz/Desktop/ros2v2/install/sensor_hcsr04/share/sensor_hcsr04/hook/pythonpath.sh'
[1.081s] Level 1:colcon.colcon_core.environment:checking '/home/aziz/Desktop/ros2v2/install/sensor_hcsr04/bin'
[1.081s] Level 1:colcon.colcon_core.environment:create_environment_scripts_only(sensor_hcsr04)
[1.081s] INFO:colcon.colcon_core.shell:Creating package script '/home/aziz/Desktop/ros2v2/install/sensor_hcsr04/share/sensor_hcsr04/package.ps1'
[1.081s] INFO:colcon.colcon_core.shell:Creating package descriptor '/home/aziz/Desktop/ros2v2/install/sensor_hcsr04/share/sensor_hcsr04/package.dsv'
[1.081s] INFO:colcon.colcon_core.shell:Creating package script '/home/aziz/Desktop/ros2v2/install/sensor_hcsr04/share/sensor_hcsr04/package.sh'
[1.082s] INFO:colcon.colcon_core.shell:Creating package script '/home/aziz/Desktop/ros2v2/install/sensor_hcsr04/share/sensor_hcsr04/package.bash'
[1.082s] INFO:colcon.colcon_core.shell:Creating package script '/home/aziz/Desktop/ros2v2/install/sensor_hcsr04/share/sensor_hcsr04/package.zsh'
[1.082s] Level 1:colcon.colcon_core.environment:create_file_with_runtime_dependencies(/home/aziz/Desktop/ros2v2/install/sensor_hcsr04/share/colcon-core/packages/sensor_hcsr04)
[1.082s] DEBUG:colcon.colcon_parallel_executor.executor.parallel:closing loop
[1.082s] DEBUG:colcon.colcon_parallel_executor.executor.parallel:loop closed
[1.082s] DEBUG:colcon.colcon_parallel_executor.executor.parallel:run_until_complete finished with '0'
[1.082s] DEBUG:colcon.colcon_core.event_reactor:joining thread
[1.086s] INFO:colcon.colcon_core.plugin_system:Skipping extension 'colcon_notification.desktop_notification.terminal_notifier': Not used on non-Darwin systems
[1.086s] INFO:colcon.colcon_core.plugin_system:Skipping extension 'colcon_notification.desktop_notification.win32': Not used on non-Windows systems
[1.086s] INFO:colcon.colcon_notification.desktop_notification:Sending desktop notification using 'notify2'
[1.094s] DEBUG:colcon.colcon_core.event_reactor:joined thread
[1.095s] INFO:colcon.colcon_core.shell:Creating prefix script '/home/aziz/Desktop/ros2v2/install/local_setup.ps1'
[1.096s] INFO:colcon.colcon_core.shell:Creating prefix util module '/home/aziz/Desktop/ros2v2/install/_local_setup_util_ps1.py'
[1.096s] INFO:colcon.colcon_core.shell:Creating prefix chain script '/home/aziz/Desktop/ros2v2/install/setup.ps1'
[1.097s] INFO:colcon.colcon_core.shell:Creating prefix script '/home/aziz/Desktop/ros2v2/install/local_setup.sh'
[1.097s] INFO:colcon.colcon_core.shell:Creating prefix util module '/home/aziz/Desktop/ros2v2/install/_local_setup_util_sh.py'
[1.098s] INFO:colcon.colcon_core.shell:Creating prefix chain script '/home/aziz/Desktop/ros2v2/install/setup.sh'
[1.098s] INFO:colcon.colcon_core.shell:Creating prefix script '/home/aziz/Desktop/ros2v2/install/local_setup.bash'
[1.099s] INFO:colcon.colcon_core.shell:Creating prefix chain script '/home/aziz/Desktop/ros2v2/install/setup.bash'
[1.099s] INFO:colcon.colcon_core.shell:Creating prefix script '/home/aziz/Desktop/ros2v2/install/local_setup.zsh'
[1.099s] INFO:colcon.colcon_core.shell:Creating prefix chain script '/home/aziz/Desktop/ros2v2/install/setup.zsh'
