[0.108s] DEBUG:colcon:Command line arguments: ['/usr/bin/colcon', 'build', '--packages-select', 'sensor_hcsr04']
[0.108s] DEBUG:colcon:Parsed command line arguments: Namespace(log_base=None, log_level=None, verb_name='build', build_base='build', install_base='install', merge_install=False, symlink_install=False, test_result_base=None, continue_on_error=False, executor='parallel', parallel_workers=16, event_handlers=None, ignore_user_meta=False, metas=['./colcon.meta'], base_paths=['.'], packages_ignore=None, packages_ignore_regex=None, paths=None, packages_up_to=None, packages_up_to_regex=None, packages_above=None, packages_above_and_dependencies=None, packages_above_depth=None, packages_select_by_dep=None, packages_skip_by_dep=None, packages_skip_up_to=None, packages_select_build_failed=False, packages_skip_build_finished=False, packages_select_test_failures=False, packages_skip_test_passed=False, packages_select=['sensor_hcsr04'], packages_skip=None, packages_select_regex=None, packages_skip_regex=None, packages_start=None, packages_end=None, allow_overriding=[], cmake_args=None, cmake_target=None, cmake_target_skip_unavailable=False, cmake_clean_cache=False, cmake_clean_first=False, cmake_force_configure=False, ament_cmake_args=None, catkin_cmake_args=None, catkin_skip_building_tests=False, verb_parser=<colcon_defaults.argument_parser.defaults.DefaultArgumentsDecorator object at 0x72e0f0df5840>, verb_extension=<colcon_core.verb.build.BuildVerb object at 0x72e0f0f3ac80>, main=<bound method BuildVerb.main of <colcon_core.verb.build.BuildVerb object at 0x72e0f0f3ac80>>)
[0.288s] Level 1:colcon.colcon_core.package_discovery:discover_packages(colcon_meta) check parameters
[0.288s] Level 1:colcon.colcon_core.package_discovery:discover_packages(recursive) check parameters
[0.288s] Level 1:colcon.colcon_core.package_discovery:discover_packages(ignore) check parameters
[0.288s] Level 1:colcon.colcon_core.package_discovery:discover_packages(path) check parameters
[0.288s] Level 1:colcon.colcon_core.package_discovery:discover_packages(colcon_meta) discover
[0.288s] Level 1:colcon.colcon_core.package_discovery:discover_packages(recursive) discover
[0.288s] INFO:colcon.colcon_core.package_discovery:Crawling recursively for packages in '/home/aziz/Desktop/ros2v2'
[0.288s] Level 1:colcon.colcon_core.package_identification:_identify(.) by extensions ['ignore', 'ignore_ament_install']
[0.288s] Level 1:colcon.colcon_core.package_identification:_identify(.) by extension 'ignore'
[0.288s] Level 1:colcon.colcon_core.package_identification:_identify(.) by extension 'ignore_ament_install'
[0.288s] Level 1:colcon.colcon_core.package_identification:_identify(.) by extensions ['colcon_pkg']
[0.288s] Level 1:colcon.colcon_core.package_identification:_identify(.) by extension 'colcon_pkg'
[0.289s] Level 1:colcon.colcon_core.package_identification:_identify(.) by extensions ['colcon_meta']
[0.289s] Level 1:colcon.colcon_core.package_identification:_identify(.) by extension 'colcon_meta'
[0.289s] Level 1:colcon.colcon_core.package_identification:_identify(.) by extensions ['ros']
[0.289s] Level 1:colcon.colcon_core.package_identification:_identify(.) by extension 'ros'
[0.298s] Level 1:colcon.colcon_core.package_identification:_identify(.) by extensions ['cmake', 'python']
[0.298s] Level 1:colcon.colcon_core.package_identification:_identify(.) by extension 'cmake'
[0.298s] Level 1:colcon.colcon_core.package_identification:_identify(.) by extension 'python'
[0.298s] Level 1:colcon.colcon_core.package_identification:_identify(.) by extensions ['python_setup_py']
[0.298s] Level 1:colcon.colcon_core.package_identification:_identify(.) by extension 'python_setup_py'
[0.298s] Level 1:colcon.colcon_core.package_identification:_identify(build) by extensions ['ignore', 'ignore_ament_install']
[0.298s] Level 1:colcon.colcon_core.package_identification:_identify(build) by extension 'ignore'
[0.298s] Level 1:colcon.colcon_core.package_identification:_identify(build) ignored
[0.299s] Level 1:colcon.colcon_core.package_identification:_identify(docs) by extensions ['ignore', 'ignore_ament_install']
[0.299s] Level 1:colcon.colcon_core.package_identification:_identify(docs) by extension 'ignore'
[0.299s] Level 1:colcon.colcon_core.package_identification:_identify(docs) by extension 'ignore_ament_install'
[0.299s] Level 1:colcon.colcon_core.package_identification:_identify(docs) by extensions ['colcon_pkg']
[0.299s] Level 1:colcon.colcon_core.package_identification:_identify(docs) by extension 'colcon_pkg'
[0.299s] Level 1:colcon.colcon_core.package_identification:_identify(docs) by extensions ['colcon_meta']
[0.299s] Level 1:colcon.colcon_core.package_identification:_identify(docs) by extension 'colcon_meta'
[0.299s] Level 1:colcon.colcon_core.package_identification:_identify(docs) by extensions ['ros']
[0.299s] Level 1:colcon.colcon_core.package_identification:_identify(docs) by extension 'ros'
[0.299s] Level 1:colcon.colcon_core.package_identification:_identify(docs) by extensions ['cmake', 'python']
[0.299s] Level 1:colcon.colcon_core.package_identification:_identify(docs) by extension 'cmake'
[0.299s] Level 1:colcon.colcon_core.package_identification:_identify(docs) by extension 'python'
[0.299s] Level 1:colcon.colcon_core.package_identification:_identify(docs) by extensions ['python_setup_py']
[0.299s] Level 1:colcon.colcon_core.package_identification:_identify(docs) by extension 'python_setup_py'
[0.299s] Level 1:colcon.colcon_core.package_identification:_identify(install) by extensions ['ignore', 'ignore_ament_install']
[0.299s] Level 1:colcon.colcon_core.package_identification:_identify(install) by extension 'ignore'
[0.299s] Level 1:colcon.colcon_core.package_identification:_identify(install) ignored
[0.299s] Level 1:colcon.colcon_core.package_identification:_identify(log) by extensions ['ignore', 'ignore_ament_install']
[0.299s] Level 1:colcon.colcon_core.package_identification:_identify(log) by extension 'ignore'
[0.299s] Level 1:colcon.colcon_core.package_identification:_identify(log) ignored
[0.299s] Level 1:colcon.colcon_core.package_identification:_identify(src) by extensions ['ignore', 'ignore_ament_install']
[0.299s] Level 1:colcon.colcon_core.package_identification:_identify(src) by extension 'ignore'
[0.299s] Level 1:colcon.colcon_core.package_identification:_identify(src) by extension 'ignore_ament_install'
[0.300s] Level 1:colcon.colcon_core.package_identification:_identify(src) by extensions ['colcon_pkg']
[0.300s] Level 1:colcon.colcon_core.package_identification:_identify(src) by extension 'colcon_pkg'
[0.300s] Level 1:colcon.colcon_core.package_identification:_identify(src) by extensions ['colcon_meta']
[0.300s] Level 1:colcon.colcon_core.package_identification:_identify(src) by extension 'colcon_meta'
[0.300s] Level 1:colcon.colcon_core.package_identification:_identify(src) by extensions ['ros']
[0.300s] Level 1:colcon.colcon_core.package_identification:_identify(src) by extension 'ros'
[0.300s] Level 1:colcon.colcon_core.package_identification:_identify(src) by extensions ['cmake', 'python']
[0.300s] Level 1:colcon.colcon_core.package_identification:_identify(src) by extension 'cmake'
[0.300s] Level 1:colcon.colcon_core.package_identification:_identify(src) by extension 'python'
[0.300s] Level 1:colcon.colcon_core.package_identification:_identify(src) by extensions ['python_setup_py']
[0.300s] Level 1:colcon.colcon_core.package_identification:_identify(src) by extension 'python_setup_py'
[0.300s] Level 1:colcon.colcon_core.package_identification:_identify(src/robotanik_control) by extensions ['ignore', 'ignore_ament_install']
[0.300s] Level 1:colcon.colcon_core.package_identification:_identify(src/robotanik_control) by extension 'ignore'
[0.300s] Level 1:colcon.colcon_core.package_identification:_identify(src/robotanik_control) by extension 'ignore_ament_install'
[0.300s] Level 1:colcon.colcon_core.package_identification:_identify(src/robotanik_control) by extensions ['colcon_pkg']
[0.300s] Level 1:colcon.colcon_core.package_identification:_identify(src/robotanik_control) by extension 'colcon_pkg'
[0.300s] Level 1:colcon.colcon_core.package_identification:_identify(src/robotanik_control) by extensions ['colcon_meta']
[0.300s] Level 1:colcon.colcon_core.package_identification:_identify(src/robotanik_control) by extension 'colcon_meta'
[0.300s] Level 1:colcon.colcon_core.package_identification:_identify(src/robotanik_control) by extensions ['ros']
[0.300s] Level 1:colcon.colcon_core.package_identification:_identify(src/robotanik_control) by extension 'ros'
[0.303s] DEBUG:colcon.colcon_core.package_identification:Package 'src/robotanik_control' with type 'ros.ament_python' and name 'robotanik_control'
[0.303s] Level 1:colcon.colcon_core.package_identification:_identify(src/robotanik_sim) by extensions ['ignore', 'ignore_ament_install']
[0.303s] Level 1:colcon.colcon_core.package_identification:_identify(src/robotanik_sim) by extension 'ignore'
[0.303s] Level 1:colcon.colcon_core.package_identification:_identify(src/robotanik_sim) by extension 'ignore_ament_install'
[0.303s] Level 1:colcon.colcon_core.package_identification:_identify(src/robotanik_sim) by extensions ['colcon_pkg']
[0.303s] Level 1:colcon.colcon_core.package_identification:_identify(src/robotanik_sim) by extension 'colcon_pkg'
[0.303s] Level 1:colcon.colcon_core.package_identification:_identify(src/robotanik_sim) by extensions ['colcon_meta']
[0.303s] Level 1:colcon.colcon_core.package_identification:_identify(src/robotanik_sim) by extension 'colcon_meta'
[0.303s] Level 1:colcon.colcon_core.package_identification:_identify(src/robotanik_sim) by extensions ['ros']
[0.303s] Level 1:colcon.colcon_core.package_identification:_identify(src/robotanik_sim) by extension 'ros'
[0.304s] DEBUG:colcon.colcon_core.package_identification:Package 'src/robotanik_sim' with type 'ros.ament_cmake' and name 'robotanik_sim'
[0.304s] Level 1:colcon.colcon_core.package_identification:_identify(src/robotanik_vision) by extensions ['ignore', 'ignore_ament_install']
[0.304s] Level 1:colcon.colcon_core.package_identification:_identify(src/robotanik_vision) by extension 'ignore'
[0.304s] Level 1:colcon.colcon_core.package_identification:_identify(src/robotanik_vision) by extension 'ignore_ament_install'
[0.304s] Level 1:colcon.colcon_core.package_identification:_identify(src/robotanik_vision) by extensions ['colcon_pkg']
[0.304s] Level 1:colcon.colcon_core.package_identification:_identify(src/robotanik_vision) by extension 'colcon_pkg'
[0.304s] Level 1:colcon.colcon_core.package_identification:_identify(src/robotanik_vision) by extensions ['colcon_meta']
[0.304s] Level 1:colcon.colcon_core.package_identification:_identify(src/robotanik_vision) by extension 'colcon_meta'
[0.304s] Level 1:colcon.colcon_core.package_identification:_identify(src/robotanik_vision) by extensions ['ros']
[0.304s] Level 1:colcon.colcon_core.package_identification:_identify(src/robotanik_vision) by extension 'ros'
[0.305s] DEBUG:colcon.colcon_core.package_identification:Package 'src/robotanik_vision' with type 'ros.ament_python' and name 'robotanik_vision'
[0.305s] Level 1:colcon.colcon_core.package_identification:_identify(src/sensor_hcsr04) by extensions ['ignore', 'ignore_ament_install']
[0.305s] Level 1:colcon.colcon_core.package_identification:_identify(src/sensor_hcsr04) by extension 'ignore'
[0.305s] Level 1:colcon.colcon_core.package_identification:_identify(src/sensor_hcsr04) by extension 'ignore_ament_install'
[0.305s] Level 1:colcon.colcon_core.package_identification:_identify(src/sensor_hcsr04) by extensions ['colcon_pkg']
[0.305s] Level 1:colcon.colcon_core.package_identification:_identify(src/sensor_hcsr04) by extension 'colcon_pkg'
[0.305s] Level 1:colcon.colcon_core.package_identification:_identify(src/sensor_hcsr04) by extensions ['colcon_meta']
[0.305s] Level 1:colcon.colcon_core.package_identification:_identify(src/sensor_hcsr04) by extension 'colcon_meta'
[0.305s] Level 1:colcon.colcon_core.package_identification:_identify(src/sensor_hcsr04) by extensions ['ros']
[0.305s] Level 1:colcon.colcon_core.package_identification:_identify(src/sensor_hcsr04) by extension 'ros'
[0.306s] DEBUG:colcon.colcon_core.package_identification:Package 'src/sensor_hcsr04' with type 'ros.ament_python' and name 'sensor_hcsr04'
[0.306s] Level 1:colcon.colcon_core.package_discovery:discover_packages(recursive) using defaults
[0.306s] Level 1:colcon.colcon_core.package_discovery:discover_packages(ignore) discover
[0.306s] Level 1:colcon.colcon_core.package_discovery:discover_packages(ignore) using defaults
[0.306s] Level 1:colcon.colcon_core.package_discovery:discover_packages(path) discover
[0.306s] Level 1:colcon.colcon_core.package_discovery:discover_packages(path) using defaults
[0.335s] INFO:colcon.colcon_core.package_selection:Skipping not selected package 'robotanik_control' in 'src/robotanik_control'
[0.335s] INFO:colcon.colcon_core.package_selection:Skipping not selected package 'robotanik_sim' in 'src/robotanik_sim'
[0.335s] INFO:colcon.colcon_core.package_selection:Skipping not selected package 'robotanik_vision' in 'src/robotanik_vision'
[0.335s] Level 1:colcon.colcon_core.package_discovery:discover_packages(prefix_path) check parameters
[0.335s] Level 1:colcon.colcon_core.package_discovery:discover_packages(prefix_path) discover
[0.338s] DEBUG:colcon.colcon_installed_package_information.package_discovery:Found 4 installed packages in /home/aziz/Desktop/ros2_ws/install
[0.339s] DEBUG:colcon.colcon_installed_package_information.package_discovery:Found 324 installed packages in /opt/ros/humble
[0.341s] Level 1:colcon.colcon_core.package_discovery:discover_packages(prefix_path) using defaults
[0.378s] Level 5:colcon.colcon_core.verb:set package 'sensor_hcsr04' build argument 'cmake_args' from command line to 'None'
[0.378s] Level 5:colcon.colcon_core.verb:set package 'sensor_hcsr04' build argument 'cmake_target' from command line to 'None'
[0.378s] Level 5:colcon.colcon_core.verb:set package 'sensor_hcsr04' build argument 'cmake_target_skip_unavailable' from command line to 'False'
[0.378s] Level 5:colcon.colcon_core.verb:set package 'sensor_hcsr04' build argument 'cmake_clean_cache' from command line to 'False'
[0.378s] Level 5:colcon.colcon_core.verb:set package 'sensor_hcsr04' build argument 'cmake_clean_first' from command line to 'False'
[0.378s] Level 5:colcon.colcon_core.verb:set package 'sensor_hcsr04' build argument 'cmake_force_configure' from command line to 'False'
[0.378s] Level 5:colcon.colcon_core.verb:set package 'sensor_hcsr04' build argument 'ament_cmake_args' from command line to 'None'
[0.378s] Level 5:colcon.colcon_core.verb:set package 'sensor_hcsr04' build argument 'catkin_cmake_args' from command line to 'None'
[0.379s] Level 5:colcon.colcon_core.verb:set package 'sensor_hcsr04' build argument 'catkin_skip_building_tests' from command line to 'False'
[0.379s] DEBUG:colcon.colcon_core.verb:Building package 'sensor_hcsr04' with the following arguments: {'ament_cmake_args': None, 'build_base': '/home/aziz/Desktop/ros2v2/build/sensor_hcsr04', 'catkin_cmake_args': None, 'catkin_skip_building_tests': False, 'cmake_args': None, 'cmake_clean_cache': False, 'cmake_clean_first': False, 'cmake_force_configure': False, 'cmake_target': None, 'cmake_target_skip_unavailable': False, 'install_base': '/home/aziz/Desktop/ros2v2/install/sensor_hcsr04', 'merge_install': False, 'path': '/home/aziz/Desktop/ros2v2/src/sensor_hcsr04', 'symlink_install': False, 'test_result_base': None}
[0.379s] INFO:colcon.colcon_core.executor:Executing jobs using 'parallel' executor
[0.380s] DEBUG:colcon.colcon_parallel_executor.executor.parallel:run_until_complete
[0.380s] INFO:colcon.colcon_ros.task.ament_python.build:Building ROS package in '/home/aziz/Desktop/ros2v2/src/sensor_hcsr04' with build type 'ament_python'
[0.380s] Level 1:colcon.colcon_core.shell:create_environment_hook('sensor_hcsr04', 'ament_prefix_path')
[0.383s] INFO:colcon.colcon_core.plugin_system:Skipping extension 'colcon_core.shell.bat': Not used on non-Windows systems
[0.384s] INFO:colcon.colcon_core.shell:Creating environment hook '/home/aziz/Desktop/ros2v2/install/sensor_hcsr04/share/sensor_hcsr04/hook/ament_prefix_path.ps1'
[0.384s] INFO:colcon.colcon_core.shell:Creating environment descriptor '/home/aziz/Desktop/ros2v2/install/sensor_hcsr04/share/sensor_hcsr04/hook/ament_prefix_path.dsv'
[0.385s] INFO:colcon.colcon_core.shell:Creating environment hook '/home/aziz/Desktop/ros2v2/install/sensor_hcsr04/share/sensor_hcsr04/hook/ament_prefix_path.sh'
[0.386s] INFO:colcon.colcon_core.shell:Skip shell extension 'powershell' for command environment: Not usable outside of PowerShell
[0.386s] DEBUG:colcon.colcon_core.shell:Skip shell extension 'dsv' for command environment
[0.610s] INFO:colcon.colcon_core.task.python.build:Building Python package in '/home/aziz/Desktop/ros2v2/src/sensor_hcsr04'
[0.610s] INFO:colcon.colcon_core.shell:Skip shell extension 'powershell' for command environment: Not usable outside of PowerShell
[0.610s] DEBUG:colcon.colcon_core.shell:Skip shell extension 'dsv' for command environment
[0.869s] DEBUG:colcon.colcon_core.event_handler.log_command:Invoking command in '/home/aziz/Desktop/ros2v2/src/sensor_hcsr04': PYTHONPATH=/home/aziz/Desktop/ros2v2/build/sensor_hcsr04/prefix_override:/usr/lib/python3/dist-packages/colcon_core/task/python/colcon_distutils_commands:/home/aziz/Desktop/ros2v2/install/sensor_hcsr04/lib/python3.10/site-packages:${PYTHONPATH} /usr/bin/python3 -W ignore:setup.py install is deprecated -W ignore:easy_install command is deprecated setup.py egg_info --egg-base ../../build/sensor_hcsr04 build --build-base /home/aziz/Desktop/ros2v2/build/sensor_hcsr04/build install --record /home/aziz/Desktop/ros2v2/build/sensor_hcsr04/install.log --single-version-externally-managed install_data
[1.054s] DEBUG:colcon.colcon_core.event_handler.log_command:Invoked command in '/home/aziz/Desktop/ros2v2/src/sensor_hcsr04' returned '0': PYTHONPATH=/home/aziz/Desktop/ros2v2/build/sensor_hcsr04/prefix_override:/usr/lib/python3/dist-packages/colcon_core/task/python/colcon_distutils_commands:/home/aziz/Desktop/ros2v2/install/sensor_hcsr04/lib/python3.10/site-packages:${PYTHONPATH} /usr/bin/python3 -W ignore:setup.py install is deprecated -W ignore:easy_install command is deprecated setup.py egg_info --egg-base ../../build/sensor_hcsr04 build --build-base /home/aziz/Desktop/ros2v2/build/sensor_hcsr04/build install --record /home/aziz/Desktop/ros2v2/build/sensor_hcsr04/install.log --single-version-externally-managed install_data
[1.057s] Level 1:colcon.colcon_core.environment:checking '/home/aziz/Desktop/ros2v2/install/sensor_hcsr04' for CMake module files
[1.057s] Level 1:colcon.colcon_core.environment:checking '/home/aziz/Desktop/ros2v2/install/sensor_hcsr04' for CMake config files
[1.057s] Level 1:colcon.colcon_core.environment:checking '/home/aziz/Desktop/ros2v2/install/sensor_hcsr04/lib'
[1.057s] Level 1:colcon.colcon_core.environment:checking '/home/aziz/Desktop/ros2v2/install/sensor_hcsr04/bin'
[1.057s] Level 1:colcon.colcon_core.environment:checking '/home/aziz/Desktop/ros2v2/install/sensor_hcsr04/lib/pkgconfig/sensor_hcsr04.pc'
[1.058s] Level 1:colcon.colcon_core.environment:checking '/home/aziz/Desktop/ros2v2/install/sensor_hcsr04/lib/python3.10/site-packages'
[1.058s] Level 1:colcon.colcon_core.shell:create_environment_hook('sensor_hcsr04', 'pythonpath')
[1.058s] INFO:colcon.colcon_core.shell:Creating environment hook '/home/aziz/Desktop/ros2v2/install/sensor_hcsr04/share/sensor_hcsr04/hook/pythonpath.ps1'
[1.058s] INFO:colcon.colcon_core.shell:Creating environment descriptor '/home/aziz/Desktop/ros2v2/install/sensor_hcsr04/share/sensor_hcsr04/hook/pythonpath.dsv'
[1.058s] INFO:colcon.colcon_core.shell:Creating environment hook '/home/aziz/Desktop/ros2v2/install/sensor_hcsr04/share/sensor_hcsr04/hook/pythonpath.sh'
[1.059s] Level 1:colcon.colcon_core.environment:checking '/home/aziz/Desktop/ros2v2/install/sensor_hcsr04/bin'
[1.059s] Level 1:colcon.colcon_core.environment:create_environment_scripts_only(sensor_hcsr04)
[1.059s] INFO:colcon.colcon_core.shell:Creating package script '/home/aziz/Desktop/ros2v2/install/sensor_hcsr04/share/sensor_hcsr04/package.ps1'
[1.060s] INFO:colcon.colcon_core.shell:Creating package descriptor '/home/aziz/Desktop/ros2v2/install/sensor_hcsr04/share/sensor_hcsr04/package.dsv'
[1.060s] INFO:colcon.colcon_core.shell:Creating package script '/home/aziz/Desktop/ros2v2/install/sensor_hcsr04/share/sensor_hcsr04/package.sh'
[1.061s] INFO:colcon.colcon_core.shell:Creating package script '/home/aziz/Desktop/ros2v2/install/sensor_hcsr04/share/sensor_hcsr04/package.bash'
[1.061s] INFO:colcon.colcon_core.shell:Creating package script '/home/aziz/Desktop/ros2v2/install/sensor_hcsr04/share/sensor_hcsr04/package.zsh'
[1.062s] Level 1:colcon.colcon_core.environment:create_file_with_runtime_dependencies(/home/aziz/Desktop/ros2v2/install/sensor_hcsr04/share/colcon-core/packages/sensor_hcsr04)
[1.062s] DEBUG:colcon.colcon_parallel_executor.executor.parallel:closing loop
[1.063s] DEBUG:colcon.colcon_parallel_executor.executor.parallel:loop closed
[1.063s] DEBUG:colcon.colcon_parallel_executor.executor.parallel:run_until_complete finished with '0'
[1.063s] DEBUG:colcon.colcon_core.event_reactor:joining thread
[1.066s] INFO:colcon.colcon_core.plugin_system:Skipping extension 'colcon_notification.desktop_notification.terminal_notifier': Not used on non-Darwin systems
[1.066s] INFO:colcon.colcon_core.plugin_system:Skipping extension 'colcon_notification.desktop_notification.win32': Not used on non-Windows systems
[1.066s] INFO:colcon.colcon_notification.desktop_notification:Sending desktop notification using 'notify2'
[1.076s] DEBUG:colcon.colcon_core.event_reactor:joined thread
[1.077s] INFO:colcon.colcon_core.shell:Creating prefix script '/home/aziz/Desktop/ros2v2/install/local_setup.ps1'
[1.077s] INFO:colcon.colcon_core.shell:Creating prefix util module '/home/aziz/Desktop/ros2v2/install/_local_setup_util_ps1.py'
[1.078s] INFO:colcon.colcon_core.shell:Creating prefix chain script '/home/aziz/Desktop/ros2v2/install/setup.ps1'
[1.079s] INFO:colcon.colcon_core.shell:Creating prefix script '/home/aziz/Desktop/ros2v2/install/local_setup.sh'
[1.080s] INFO:colcon.colcon_core.shell:Creating prefix util module '/home/aziz/Desktop/ros2v2/install/_local_setup_util_sh.py'
[1.081s] INFO:colcon.colcon_core.shell:Creating prefix chain script '/home/aziz/Desktop/ros2v2/install/setup.sh'
[1.081s] INFO:colcon.colcon_core.shell:Creating prefix script '/home/aziz/Desktop/ros2v2/install/local_setup.bash'
[1.082s] INFO:colcon.colcon_core.shell:Creating prefix chain script '/home/aziz/Desktop/ros2v2/install/setup.bash'
[1.082s] INFO:colcon.colcon_core.shell:Creating prefix script '/home/aziz/Desktop/ros2v2/install/local_setup.zsh'
[1.083s] INFO:colcon.colcon_core.shell:Creating prefix chain script '/home/aziz/Desktop/ros2v2/install/setup.zsh'
