running egg_info
writing ../../build/sensor_hcsr04/sensor_hcsr04.egg-info/PKG-INFO
writing dependency_links to ../../build/sensor_hcsr04/sensor_hcsr04.egg-info/dependency_links.txt
writing entry points to ../../build/sensor_hcsr04/sensor_hcsr04.egg-info/entry_points.txt
writing requirements to ../../build/sensor_hcsr04/sensor_hcsr04.egg-info/requires.txt
writing top-level names to ../../build/sensor_hcsr04/sensor_hcsr04.egg-info/top_level.txt
reading manifest file '../../build/sensor_hcsr04/sensor_hcsr04.egg-info/SOURCES.txt'
writing manifest file '../../build/sensor_hcsr04/sensor_hcsr04.egg-info/SOURCES.txt'
running build
running build_py
running install
running install_lib
running install_data
running install_egg_info
removing '/home/aziz/Desktop/ros2v2/install/sensor_hcsr04/lib/python3.10/site-packages/sensor_hcsr04-0.0.0-py3.10.egg-info' (and everything under it)
Copying ../../build/sensor_hcsr04/sensor_hcsr04.egg-info to /home/aziz/Desktop/ros2v2/install/sensor_hcsr04/lib/python3.10/site-packages/sensor_hcsr04-0.0.0-py3.10.egg-info
running install_scripts
Installing sensor_viewer script to /home/aziz/Desktop/ros2v2/install/sensor_hcsr04/lib/sensor_hcsr04
Installing serial_bridge script to /home/aziz/Desktop/ros2v2/install/sensor_hcsr04/lib/sensor_hcsr04
writing list of installed files to '/home/aziz/Desktop/ros2v2/build/sensor_hcsr04/install.log'
