[0.083s] DEBUG:colcon:Command line arguments: ['/usr/bin/colcon', 'build']
[0.083s] DEBUG:colcon:Parsed command line arguments: Namespace(log_base=None, log_level=None, verb_name='build', build_base='build', install_base='install', merge_install=False, symlink_install=False, test_result_base=None, continue_on_error=False, executor='parallel', parallel_workers=16, event_handlers=None, ignore_user_meta=False, metas=['./colcon.meta'], base_paths=['.'], packages_ignore=None, packages_ignore_regex=None, paths=None, packages_up_to=None, packages_up_to_regex=None, packages_above=None, packages_above_and_dependencies=None, packages_above_depth=None, packages_select_by_dep=None, packages_skip_by_dep=None, packages_skip_up_to=None, packages_select_build_failed=False, packages_skip_build_finished=False, packages_select_test_failures=False, packages_skip_test_passed=False, packages_select=None, packages_skip=None, packages_select_regex=None, packages_skip_regex=None, packages_start=None, packages_end=None, allow_overriding=[], cmake_args=None, cmake_target=None, cmake_target_skip_unavailable=False, cmake_clean_cache=False, cmake_clean_first=False, cmake_force_configure=False, ament_cmake_args=None, catkin_cmake_args=None, catkin_skip_building_tests=False, verb_parser=<colcon_defaults.argument_parser.defaults.DefaultArgumentsDecorator object at 0x7302501f5810>, verb_extension=<colcon_core.verb.build.BuildVerb object at 0x73025033ec50>, main=<bound method BuildVerb.main of <colcon_core.verb.build.BuildVerb object at 0x73025033ec50>>)
[0.207s] Level 1:colcon.colcon_core.package_discovery:discover_packages(colcon_meta) check parameters
[0.207s] Level 1:colcon.colcon_core.package_discovery:discover_packages(recursive) check parameters
[0.207s] Level 1:colcon.colcon_core.package_discovery:discover_packages(ignore) check parameters
[0.207s] Level 1:colcon.colcon_core.package_discovery:discover_packages(path) check parameters
[0.207s] Level 1:colcon.colcon_core.package_discovery:discover_packages(colcon_meta) discover
[0.207s] Level 1:colcon.colcon_core.package_discovery:discover_packages(recursive) discover
[0.207s] INFO:colcon.colcon_core.package_discovery:Crawling recursively for packages in '/home/aziz/Desktop/ros2v2/src'
[0.207s] Level 1:colcon.colcon_core.package_identification:_identify(.) by extensions ['ignore', 'ignore_ament_install']
[0.207s] Level 1:colcon.colcon_core.package_identification:_identify(.) by extension 'ignore'
[0.208s] Level 1:colcon.colcon_core.package_identification:_identify(.) by extension 'ignore_ament_install'
[0.208s] Level 1:colcon.colcon_core.package_identification:_identify(.) by extensions ['colcon_pkg']
[0.208s] Level 1:colcon.colcon_core.package_identification:_identify(.) by extension 'colcon_pkg'
[0.208s] Level 1:colcon.colcon_core.package_identification:_identify(.) by extensions ['colcon_meta']
[0.208s] Level 1:colcon.colcon_core.package_identification:_identify(.) by extension 'colcon_meta'
[0.208s] Level 1:colcon.colcon_core.package_identification:_identify(.) by extensions ['ros']
[0.208s] Level 1:colcon.colcon_core.package_identification:_identify(.) by extension 'ros'
[0.219s] Level 1:colcon.colcon_core.package_identification:_identify(.) by extensions ['cmake', 'python']
[0.219s] Level 1:colcon.colcon_core.package_identification:_identify(.) by extension 'cmake'
[0.219s] Level 1:colcon.colcon_core.package_identification:_identify(.) by extension 'python'
[0.219s] Level 1:colcon.colcon_core.package_identification:_identify(.) by extensions ['python_setup_py']
[0.219s] Level 1:colcon.colcon_core.package_identification:_identify(.) by extension 'python_setup_py'
[0.219s] Level 1:colcon.colcon_core.package_identification:_identify(build) by extensions ['ignore', 'ignore_ament_install']
[0.219s] Level 1:colcon.colcon_core.package_identification:_identify(build) by extension 'ignore'
[0.219s] Level 1:colcon.colcon_core.package_identification:_identify(build) ignored
[0.220s] Level 1:colcon.colcon_core.package_identification:_identify(install) by extensions ['ignore', 'ignore_ament_install']
[0.220s] Level 1:colcon.colcon_core.package_identification:_identify(install) by extension 'ignore'
[0.220s] Level 1:colcon.colcon_core.package_identification:_identify(install) ignored
[0.220s] Level 1:colcon.colcon_core.package_identification:_identify(log) by extensions ['ignore', 'ignore_ament_install']
[0.220s] Level 1:colcon.colcon_core.package_identification:_identify(log) by extension 'ignore'
[0.220s] Level 1:colcon.colcon_core.package_identification:_identify(log) ignored
[0.220s] Level 1:colcon.colcon_core.package_identification:_identify(robotanik_control) by extensions ['ignore', 'ignore_ament_install']
[0.220s] Level 1:colcon.colcon_core.package_identification:_identify(robotanik_control) by extension 'ignore'
[0.220s] Level 1:colcon.colcon_core.package_identification:_identify(robotanik_control) by extension 'ignore_ament_install'
[0.220s] Level 1:colcon.colcon_core.package_identification:_identify(robotanik_control) by extensions ['colcon_pkg']
[0.220s] Level 1:colcon.colcon_core.package_identification:_identify(robotanik_control) by extension 'colcon_pkg'
[0.220s] Level 1:colcon.colcon_core.package_identification:_identify(robotanik_control) by extensions ['colcon_meta']
[0.220s] Level 1:colcon.colcon_core.package_identification:_identify(robotanik_control) by extension 'colcon_meta'
[0.220s] Level 1:colcon.colcon_core.package_identification:_identify(robotanik_control) by extensions ['ros']
[0.220s] Level 1:colcon.colcon_core.package_identification:_identify(robotanik_control) by extension 'ros'
[0.222s] DEBUG:colcon.colcon_core.package_identification:Package 'robotanik_control' with type 'ros.ament_python' and name 'robotanik_control'
[0.222s] Level 1:colcon.colcon_core.package_identification:_identify(robotanik_sim) by extensions ['ignore', 'ignore_ament_install']
[0.222s] Level 1:colcon.colcon_core.package_identification:_identify(robotanik_sim) by extension 'ignore'
[0.222s] Level 1:colcon.colcon_core.package_identification:_identify(robotanik_sim) by extension 'ignore_ament_install'
[0.222s] Level 1:colcon.colcon_core.package_identification:_identify(robotanik_sim) by extensions ['colcon_pkg']
[0.223s] Level 1:colcon.colcon_core.package_identification:_identify(robotanik_sim) by extension 'colcon_pkg'
[0.223s] Level 1:colcon.colcon_core.package_identification:_identify(robotanik_sim) by extensions ['colcon_meta']
[0.223s] Level 1:colcon.colcon_core.package_identification:_identify(robotanik_sim) by extension 'colcon_meta'
[0.223s] Level 1:colcon.colcon_core.package_identification:_identify(robotanik_sim) by extensions ['ros']
[0.223s] Level 1:colcon.colcon_core.package_identification:_identify(robotanik_sim) by extension 'ros'
[0.223s] DEBUG:colcon.colcon_core.package_identification:Package 'robotanik_sim' with type 'ros.ament_cmake' and name 'robotanik_sim'
[0.223s] Level 1:colcon.colcon_core.package_identification:_identify(robotanik_vision) by extensions ['ignore', 'ignore_ament_install']
[0.223s] Level 1:colcon.colcon_core.package_identification:_identify(robotanik_vision) by extension 'ignore'
[0.223s] Level 1:colcon.colcon_core.package_identification:_identify(robotanik_vision) by extension 'ignore_ament_install'
[0.223s] Level 1:colcon.colcon_core.package_identification:_identify(robotanik_vision) by extensions ['colcon_pkg']
[0.223s] Level 1:colcon.colcon_core.package_identification:_identify(robotanik_vision) by extension 'colcon_pkg'
[0.223s] Level 1:colcon.colcon_core.package_identification:_identify(robotanik_vision) by extensions ['colcon_meta']
[0.223s] Level 1:colcon.colcon_core.package_identification:_identify(robotanik_vision) by extension 'colcon_meta'
[0.223s] Level 1:colcon.colcon_core.package_identification:_identify(robotanik_vision) by extensions ['ros']
[0.223s] Level 1:colcon.colcon_core.package_identification:_identify(robotanik_vision) by extension 'ros'
[0.224s] DEBUG:colcon.colcon_core.package_identification:Package 'robotanik_vision' with type 'ros.ament_python' and name 'robotanik_vision'
[0.224s] Level 1:colcon.colcon_core.package_identification:_identify(sensor_hcsr04) by extensions ['ignore', 'ignore_ament_install']
[0.224s] Level 1:colcon.colcon_core.package_identification:_identify(sensor_hcsr04) by extension 'ignore'
[0.224s] Level 1:colcon.colcon_core.package_identification:_identify(sensor_hcsr04) by extension 'ignore_ament_install'
[0.224s] Level 1:colcon.colcon_core.package_identification:_identify(sensor_hcsr04) by extensions ['colcon_pkg']
[0.224s] Level 1:colcon.colcon_core.package_identification:_identify(sensor_hcsr04) by extension 'colcon_pkg'
[0.224s] Level 1:colcon.colcon_core.package_identification:_identify(sensor_hcsr04) by extensions ['colcon_meta']
[0.224s] Level 1:colcon.colcon_core.package_identification:_identify(sensor_hcsr04) by extension 'colcon_meta'
[0.224s] Level 1:colcon.colcon_core.package_identification:_identify(sensor_hcsr04) by extensions ['ros']
[0.224s] Level 1:colcon.colcon_core.package_identification:_identify(sensor_hcsr04) by extension 'ros'
[0.225s] DEBUG:colcon.colcon_core.package_identification:Package 'sensor_hcsr04' with type 'ros.ament_python' and name 'sensor_hcsr04'
[0.225s] Level 1:colcon.colcon_core.package_discovery:discover_packages(recursive) using defaults
[0.225s] Level 1:colcon.colcon_core.package_discovery:discover_packages(ignore) discover
[0.225s] Level 1:colcon.colcon_core.package_discovery:discover_packages(ignore) using defaults
[0.225s] Level 1:colcon.colcon_core.package_discovery:discover_packages(path) discover
[0.225s] Level 1:colcon.colcon_core.package_discovery:discover_packages(path) using defaults
[0.252s] Level 1:colcon.colcon_core.package_discovery:discover_packages(prefix_path) check parameters
[0.253s] Level 1:colcon.colcon_core.package_discovery:discover_packages(prefix_path) discover
[0.254s] DEBUG:colcon.colcon_installed_package_information.package_discovery:Found 1 installed packages in /home/aziz/Desktop/ros2v2/src/install
[0.254s] DEBUG:colcon.colcon_installed_package_information.package_discovery:Found 4 installed packages in /home/aziz/Desktop/ros2_ws/install
[0.256s] DEBUG:colcon.colcon_installed_package_information.package_discovery:Found 324 installed packages in /opt/ros/humble
[0.257s] Level 1:colcon.colcon_core.package_discovery:discover_packages(prefix_path) using defaults
[0.289s] Level 5:colcon.colcon_core.verb:set package 'robotanik_control' build argument 'cmake_args' from command line to 'None'
[0.289s] Level 5:colcon.colcon_core.verb:set package 'robotanik_control' build argument 'cmake_target' from command line to 'None'
[0.289s] Level 5:colcon.colcon_core.verb:set package 'robotanik_control' build argument 'cmake_target_skip_unavailable' from command line to 'False'
[0.289s] Level 5:colcon.colcon_core.verb:set package 'robotanik_control' build argument 'cmake_clean_cache' from command line to 'False'
[0.289s] Level 5:colcon.colcon_core.verb:set package 'robotanik_control' build argument 'cmake_clean_first' from command line to 'False'
[0.289s] Level 5:colcon.colcon_core.verb:set package 'robotanik_control' build argument 'cmake_force_configure' from command line to 'False'
[0.289s] Level 5:colcon.colcon_core.verb:set package 'robotanik_control' build argument 'ament_cmake_args' from command line to 'None'
[0.289s] Level 5:colcon.colcon_core.verb:set package 'robotanik_control' build argument 'catkin_cmake_args' from command line to 'None'
[0.289s] Level 5:colcon.colcon_core.verb:set package 'robotanik_control' build argument 'catkin_skip_building_tests' from command line to 'False'
[0.289s] DEBUG:colcon.colcon_core.verb:Building package 'robotanik_control' with the following arguments: {'ament_cmake_args': None, 'build_base': '/home/aziz/Desktop/ros2v2/src/build/robotanik_control', 'catkin_cmake_args': None, 'catkin_skip_building_tests': False, 'cmake_args': None, 'cmake_clean_cache': False, 'cmake_clean_first': False, 'cmake_force_configure': False, 'cmake_target': None, 'cmake_target_skip_unavailable': False, 'install_base': '/home/aziz/Desktop/ros2v2/src/install/robotanik_control', 'merge_install': False, 'path': '/home/aziz/Desktop/ros2v2/src/robotanik_control', 'symlink_install': False, 'test_result_base': None}
[0.289s] Level 5:colcon.colcon_core.verb:set package 'robotanik_sim' build argument 'cmake_args' from command line to 'None'
[0.290s] Level 5:colcon.colcon_core.verb:set package 'robotanik_sim' build argument 'cmake_target' from command line to 'None'
[0.290s] Level 5:colcon.colcon_core.verb:set package 'robotanik_sim' build argument 'cmake_target_skip_unavailable' from command line to 'False'
[0.290s] Level 5:colcon.colcon_core.verb:set package 'robotanik_sim' build argument 'cmake_clean_cache' from command line to 'False'
[0.290s] Level 5:colcon.colcon_core.verb:set package 'robotanik_sim' build argument 'cmake_clean_first' from command line to 'False'
[0.290s] Level 5:colcon.colcon_core.verb:set package 'robotanik_sim' build argument 'cmake_force_configure' from command line to 'False'
[0.290s] Level 5:colcon.colcon_core.verb:set package 'robotanik_sim' build argument 'ament_cmake_args' from command line to 'None'
[0.290s] Level 5:colcon.colcon_core.verb:set package 'robotanik_sim' build argument 'catkin_cmake_args' from command line to 'None'
[0.290s] Level 5:colcon.colcon_core.verb:set package 'robotanik_sim' build argument 'catkin_skip_building_tests' from command line to 'False'
[0.290s] DEBUG:colcon.colcon_core.verb:Building package 'robotanik_sim' with the following arguments: {'ament_cmake_args': None, 'build_base': '/home/aziz/Desktop/ros2v2/src/build/robotanik_sim', 'catkin_cmake_args': None, 'catkin_skip_building_tests': False, 'cmake_args': None, 'cmake_clean_cache': False, 'cmake_clean_first': False, 'cmake_force_configure': False, 'cmake_target': None, 'cmake_target_skip_unavailable': False, 'install_base': '/home/aziz/Desktop/ros2v2/src/install/robotanik_sim', 'merge_install': False, 'path': '/home/aziz/Desktop/ros2v2/src/robotanik_sim', 'symlink_install': False, 'test_result_base': None}
[0.290s] Level 5:colcon.colcon_core.verb:set package 'robotanik_vision' build argument 'cmake_args' from command line to 'None'
[0.290s] Level 5:colcon.colcon_core.verb:set package 'robotanik_vision' build argument 'cmake_target' from command line to 'None'
[0.290s] Level 5:colcon.colcon_core.verb:set package 'robotanik_vision' build argument 'cmake_target_skip_unavailable' from command line to 'False'
[0.290s] Level 5:colcon.colcon_core.verb:set package 'robotanik_vision' build argument 'cmake_clean_cache' from command line to 'False'
[0.290s] Level 5:colcon.colcon_core.verb:set package 'robotanik_vision' build argument 'cmake_clean_first' from command line to 'False'
[0.290s] Level 5:colcon.colcon_core.verb:set package 'robotanik_vision' build argument 'cmake_force_configure' from command line to 'False'
[0.290s] Level 5:colcon.colcon_core.verb:set package 'robotanik_vision' build argument 'ament_cmake_args' from command line to 'None'
[0.290s] Level 5:colcon.colcon_core.verb:set package 'robotanik_vision' build argument 'catkin_cmake_args' from command line to 'None'
[0.290s] Level 5:colcon.colcon_core.verb:set package 'robotanik_vision' build argument 'catkin_skip_building_tests' from command line to 'False'
[0.290s] DEBUG:colcon.colcon_core.verb:Building package 'robotanik_vision' with the following arguments: {'ament_cmake_args': None, 'build_base': '/home/aziz/Desktop/ros2v2/src/build/robotanik_vision', 'catkin_cmake_args': None, 'catkin_skip_building_tests': False, 'cmake_args': None, 'cmake_clean_cache': False, 'cmake_clean_first': False, 'cmake_force_configure': False, 'cmake_target': None, 'cmake_target_skip_unavailable': False, 'install_base': '/home/aziz/Desktop/ros2v2/src/install/robotanik_vision', 'merge_install': False, 'path': '/home/aziz/Desktop/ros2v2/src/robotanik_vision', 'symlink_install': False, 'test_result_base': None}
[0.290s] Level 5:colcon.colcon_core.verb:set package 'sensor_hcsr04' build argument 'cmake_args' from command line to 'None'
[0.290s] Level 5:colcon.colcon_core.verb:set package 'sensor_hcsr04' build argument 'cmake_target' from command line to 'None'
[0.290s] Level 5:colcon.colcon_core.verb:set package 'sensor_hcsr04' build argument 'cmake_target_skip_unavailable' from command line to 'False'
[0.290s] Level 5:colcon.colcon_core.verb:set package 'sensor_hcsr04' build argument 'cmake_clean_cache' from command line to 'False'
[0.290s] Level 5:colcon.colcon_core.verb:set package 'sensor_hcsr04' build argument 'cmake_clean_first' from command line to 'False'
[0.290s] Level 5:colcon.colcon_core.verb:set package 'sensor_hcsr04' build argument 'cmake_force_configure' from command line to 'False'
[0.290s] Level 5:colcon.colcon_core.verb:set package 'sensor_hcsr04' build argument 'ament_cmake_args' from command line to 'None'
[0.290s] Level 5:colcon.colcon_core.verb:set package 'sensor_hcsr04' build argument 'catkin_cmake_args' from command line to 'None'
[0.290s] Level 5:colcon.colcon_core.verb:set package 'sensor_hcsr04' build argument 'catkin_skip_building_tests' from command line to 'False'
[0.290s] DEBUG:colcon.colcon_core.verb:Building package 'sensor_hcsr04' with the following arguments: {'ament_cmake_args': None, 'build_base': '/home/aziz/Desktop/ros2v2/src/build/sensor_hcsr04', 'catkin_cmake_args': None, 'catkin_skip_building_tests': False, 'cmake_args': None, 'cmake_clean_cache': False, 'cmake_clean_first': False, 'cmake_force_configure': False, 'cmake_target': None, 'cmake_target_skip_unavailable': False, 'install_base': '/home/aziz/Desktop/ros2v2/src/install/sensor_hcsr04', 'merge_install': False, 'path': '/home/aziz/Desktop/ros2v2/src/sensor_hcsr04', 'symlink_install': False, 'test_result_base': None}
[0.290s] INFO:colcon.colcon_core.executor:Executing jobs using 'parallel' executor
[0.292s] DEBUG:colcon.colcon_parallel_executor.executor.parallel:run_until_complete
[0.292s] INFO:colcon.colcon_ros.task.ament_python.build:Building ROS package in '/home/aziz/Desktop/ros2v2/src/robotanik_control' with build type 'ament_python'
[0.292s] Level 1:colcon.colcon_core.shell:create_environment_hook('robotanik_control', 'ament_prefix_path')
[0.294s] INFO:colcon.colcon_core.plugin_system:Skipping extension 'colcon_core.shell.bat': Not used on non-Windows systems
[0.294s] INFO:colcon.colcon_core.shell:Creating environment hook '/home/aziz/Desktop/ros2v2/src/install/robotanik_control/share/robotanik_control/hook/ament_prefix_path.ps1'
[0.295s] INFO:colcon.colcon_core.shell:Creating environment descriptor '/home/aziz/Desktop/ros2v2/src/install/robotanik_control/share/robotanik_control/hook/ament_prefix_path.dsv'
[0.295s] INFO:colcon.colcon_core.shell:Creating environment hook '/home/aziz/Desktop/ros2v2/src/install/robotanik_control/share/robotanik_control/hook/ament_prefix_path.sh'
[0.296s] INFO:colcon.colcon_core.shell:Skip shell extension 'powershell' for command environment: Not usable outside of PowerShell
[0.296s] DEBUG:colcon.colcon_core.shell:Skip shell extension 'dsv' for command environment
[0.300s] INFO:colcon.colcon_ros.task.ament_cmake.build:Building ROS package in '/home/aziz/Desktop/ros2v2/src/robotanik_sim' with build type 'ament_cmake'
[0.300s] INFO:colcon.colcon_cmake.task.cmake.build:Building CMake package in '/home/aziz/Desktop/ros2v2/src/robotanik_sim'
[0.300s] INFO:colcon.colcon_core.shell:Skip shell extension 'powershell' for command environment: Not usable outside of PowerShell
[0.300s] DEBUG:colcon.colcon_core.shell:Skip shell extension 'dsv' for command environment
[0.303s] INFO:colcon.colcon_ros.task.ament_python.build:Building ROS package in '/home/aziz/Desktop/ros2v2/src/robotanik_vision' with build type 'ament_python'
[0.303s] Level 1:colcon.colcon_core.shell:create_environment_hook('robotanik_vision', 'ament_prefix_path')
[0.304s] INFO:colcon.colcon_core.shell:Creating environment hook '/home/aziz/Desktop/ros2v2/src/install/robotanik_vision/share/robotanik_vision/hook/ament_prefix_path.ps1'
[0.304s] INFO:colcon.colcon_core.shell:Creating environment descriptor '/home/aziz/Desktop/ros2v2/src/install/robotanik_vision/share/robotanik_vision/hook/ament_prefix_path.dsv'
[0.304s] INFO:colcon.colcon_core.shell:Creating environment hook '/home/aziz/Desktop/ros2v2/src/install/robotanik_vision/share/robotanik_vision/hook/ament_prefix_path.sh'
[0.305s] INFO:colcon.colcon_core.shell:Skip shell extension 'powershell' for command environment: Not usable outside of PowerShell
[0.305s] DEBUG:colcon.colcon_core.shell:Skip shell extension 'dsv' for command environment
[0.310s] INFO:colcon.colcon_ros.task.ament_python.build:Building ROS package in '/home/aziz/Desktop/ros2v2/src/sensor_hcsr04' with build type 'ament_python'
[0.310s] Level 1:colcon.colcon_core.shell:create_environment_hook('sensor_hcsr04', 'ament_prefix_path')
[0.310s] INFO:colcon.colcon_core.shell:Creating environment hook '/home/aziz/Desktop/ros2v2/src/install/sensor_hcsr04/share/sensor_hcsr04/hook/ament_prefix_path.ps1'
[0.311s] INFO:colcon.colcon_core.shell:Creating environment descriptor '/home/aziz/Desktop/ros2v2/src/install/sensor_hcsr04/share/sensor_hcsr04/hook/ament_prefix_path.dsv'
[0.311s] INFO:colcon.colcon_core.shell:Creating environment hook '/home/aziz/Desktop/ros2v2/src/install/sensor_hcsr04/share/sensor_hcsr04/hook/ament_prefix_path.sh'
[0.311s] INFO:colcon.colcon_core.shell:Skip shell extension 'powershell' for command environment: Not usable outside of PowerShell
[0.311s] DEBUG:colcon.colcon_core.shell:Skip shell extension 'dsv' for command environment
[0.527s] INFO:colcon.colcon_core.task.python.build:Building Python package in '/home/aziz/Desktop/ros2v2/src/robotanik_control'
[0.527s] INFO:colcon.colcon_core.shell:Skip shell extension 'powershell' for command environment: Not usable outside of PowerShell
[0.527s] DEBUG:colcon.colcon_core.shell:Skip shell extension 'dsv' for command environment
[0.535s] DEBUG:colcon.colcon_core.event_handler.log_command:Invoking command in '/home/aziz/Desktop/ros2v2/src/build/robotanik_sim': CMAKE_PREFIX_PATH=${CMAKE_PREFIX_PATH}:/home/aziz/Desktop/ros2_ws/install/robotanik_vision:/home/aziz/Desktop/ros2_ws/install/robotanik_control:/home/aziz/Desktop/ros2_ws/install/my_py_pkg:/opt/ros/humble /usr/bin/cmake --build /home/aziz/Desktop/ros2v2/src/build/robotanik_sim -- -j16 -l16
[0.738s] INFO:colcon.colcon_core.task.python.build:Building Python package in '/home/aziz/Desktop/ros2v2/src/robotanik_vision'
[0.738s] INFO:colcon.colcon_core.shell:Skip shell extension 'powershell' for command environment: Not usable outside of PowerShell
[0.738s] DEBUG:colcon.colcon_core.shell:Skip shell extension 'dsv' for command environment
[0.902s] INFO:colcon.colcon_core.task.python.build:Building Python package in '/home/aziz/Desktop/ros2v2/src/sensor_hcsr04'
[0.903s] INFO:colcon.colcon_core.shell:Skip shell extension 'powershell' for command environment: Not usable outside of PowerShell
[0.903s] DEBUG:colcon.colcon_core.shell:Skip shell extension 'dsv' for command environment
[0.908s] DEBUG:colcon.colcon_core.event_handler.log_command:Invoked command in '/home/aziz/Desktop/ros2v2/src/build/robotanik_sim' returned '0': CMAKE_PREFIX_PATH=${CMAKE_PREFIX_PATH}:/home/aziz/Desktop/ros2_ws/install/robotanik_vision:/home/aziz/Desktop/ros2_ws/install/robotanik_control:/home/aziz/Desktop/ros2_ws/install/my_py_pkg:/opt/ros/humble /usr/bin/cmake --build /home/aziz/Desktop/ros2v2/src/build/robotanik_sim -- -j16 -l16
[0.916s] DEBUG:colcon.colcon_core.event_handler.log_command:Invoking command in '/home/aziz/Desktop/ros2v2/src/build/robotanik_sim': CMAKE_PREFIX_PATH=${CMAKE_PREFIX_PATH}:/home/aziz/Desktop/ros2_ws/install/robotanik_vision:/home/aziz/Desktop/ros2_ws/install/robotanik_control:/home/aziz/Desktop/ros2_ws/install/my_py_pkg:/opt/ros/humble /usr/bin/cmake --install /home/aziz/Desktop/ros2v2/src/build/robotanik_sim
[0.925s] Level 1:colcon.colcon_core.environment:create_environment_scripts_only(robotanik_sim)
[0.925s] DEBUG:colcon.colcon_core.event_handler.log_command:Invoked command in '/home/aziz/Desktop/ros2v2/src/build/robotanik_sim' returned '0': CMAKE_PREFIX_PATH=${CMAKE_PREFIX_PATH}:/home/aziz/Desktop/ros2_ws/install/robotanik_vision:/home/aziz/Desktop/ros2_ws/install/robotanik_control:/home/aziz/Desktop/ros2_ws/install/my_py_pkg:/opt/ros/humble /usr/bin/cmake --install /home/aziz/Desktop/ros2v2/src/build/robotanik_sim
[0.926s] Level 1:colcon.colcon_core.environment:checking '/home/aziz/Desktop/ros2v2/src/install/robotanik_sim' for CMake module files
[0.927s] Level 1:colcon.colcon_core.environment:checking '/home/aziz/Desktop/ros2v2/src/install/robotanik_sim' for CMake config files
[0.927s] Level 1:colcon.colcon_core.shell:create_environment_hook('robotanik_sim', 'cmake_prefix_path')
[0.927s] INFO:colcon.colcon_core.shell:Creating environment hook '/home/aziz/Desktop/ros2v2/src/install/robotanik_sim/share/robotanik_sim/hook/cmake_prefix_path.ps1'
[0.927s] INFO:colcon.colcon_core.shell:Creating environment descriptor '/home/aziz/Desktop/ros2v2/src/install/robotanik_sim/share/robotanik_sim/hook/cmake_prefix_path.dsv'
[0.927s] INFO:colcon.colcon_core.shell:Creating environment hook '/home/aziz/Desktop/ros2v2/src/install/robotanik_sim/share/robotanik_sim/hook/cmake_prefix_path.sh'
[0.928s] Level 1:colcon.colcon_core.environment:checking '/home/aziz/Desktop/ros2v2/src/install/robotanik_sim/bin'
[0.928s] Level 1:colcon.colcon_core.environment:checking '/home/aziz/Desktop/ros2v2/src/install/robotanik_sim/lib/pkgconfig/robotanik_sim.pc'
[0.928s] Level 1:colcon.colcon_core.environment:checking '/home/aziz/Desktop/ros2v2/src/install/robotanik_sim/lib/python3.10/site-packages'
[0.928s] Level 1:colcon.colcon_core.environment:checking '/home/aziz/Desktop/ros2v2/src/install/robotanik_sim/bin'
[0.928s] INFO:colcon.colcon_core.shell:Creating package script '/home/aziz/Desktop/ros2v2/src/install/robotanik_sim/share/robotanik_sim/package.ps1'
[0.929s] INFO:colcon.colcon_core.shell:Creating package descriptor '/home/aziz/Desktop/ros2v2/src/install/robotanik_sim/share/robotanik_sim/package.dsv'
[0.929s] INFO:colcon.colcon_core.shell:Creating package script '/home/aziz/Desktop/ros2v2/src/install/robotanik_sim/share/robotanik_sim/package.sh'
[0.930s] INFO:colcon.colcon_core.shell:Creating package script '/home/aziz/Desktop/ros2v2/src/install/robotanik_sim/share/robotanik_sim/package.bash'
[0.930s] INFO:colcon.colcon_core.shell:Creating package script '/home/aziz/Desktop/ros2v2/src/install/robotanik_sim/share/robotanik_sim/package.zsh'
[0.931s] Level 1:colcon.colcon_core.environment:create_file_with_runtime_dependencies(/home/aziz/Desktop/ros2v2/src/install/robotanik_sim/share/colcon-core/packages/robotanik_sim)
[0.931s] Level 1:colcon.colcon_core.environment:create_environment_scripts_only(robotanik_sim)
[0.931s] Level 1:colcon.colcon_core.environment:checking '/home/aziz/Desktop/ros2v2/src/install/robotanik_sim' for CMake module files
[0.931s] Level 1:colcon.colcon_core.environment:checking '/home/aziz/Desktop/ros2v2/src/install/robotanik_sim' for CMake config files
[0.931s] Level 1:colcon.colcon_core.shell:create_environment_hook('robotanik_sim', 'cmake_prefix_path')
[0.931s] INFO:colcon.colcon_core.shell:Creating environment hook '/home/aziz/Desktop/ros2v2/src/install/robotanik_sim/share/robotanik_sim/hook/cmake_prefix_path.ps1'
[0.932s] INFO:colcon.colcon_core.shell:Creating environment descriptor '/home/aziz/Desktop/ros2v2/src/install/robotanik_sim/share/robotanik_sim/hook/cmake_prefix_path.dsv'
[0.932s] INFO:colcon.colcon_core.shell:Creating environment hook '/home/aziz/Desktop/ros2v2/src/install/robotanik_sim/share/robotanik_sim/hook/cmake_prefix_path.sh'
[0.932s] Level 1:colcon.colcon_core.environment:checking '/home/aziz/Desktop/ros2v2/src/install/robotanik_sim/bin'
[0.932s] Level 1:colcon.colcon_core.environment:checking '/home/aziz/Desktop/ros2v2/src/install/robotanik_sim/lib/pkgconfig/robotanik_sim.pc'
[0.932s] Level 1:colcon.colcon_core.environment:checking '/home/aziz/Desktop/ros2v2/src/install/robotanik_sim/lib/python3.10/site-packages'
[0.932s] Level 1:colcon.colcon_core.environment:checking '/home/aziz/Desktop/ros2v2/src/install/robotanik_sim/bin'
[0.933s] INFO:colcon.colcon_core.shell:Creating package script '/home/aziz/Desktop/ros2v2/src/install/robotanik_sim/share/robotanik_sim/package.ps1'
[0.933s] INFO:colcon.colcon_core.shell:Creating package descriptor '/home/aziz/Desktop/ros2v2/src/install/robotanik_sim/share/robotanik_sim/package.dsv'
[0.933s] INFO:colcon.colcon_core.shell:Creating package script '/home/aziz/Desktop/ros2v2/src/install/robotanik_sim/share/robotanik_sim/package.sh'
[0.933s] INFO:colcon.colcon_core.shell:Creating package script '/home/aziz/Desktop/ros2v2/src/install/robotanik_sim/share/robotanik_sim/package.bash'
[0.934s] INFO:colcon.colcon_core.shell:Creating package script '/home/aziz/Desktop/ros2v2/src/install/robotanik_sim/share/robotanik_sim/package.zsh'
[0.934s] Level 1:colcon.colcon_core.environment:create_file_with_runtime_dependencies(/home/aziz/Desktop/ros2v2/src/install/robotanik_sim/share/colcon-core/packages/robotanik_sim)
[1.132s] DEBUG:colcon.colcon_core.event_handler.log_command:Invoking command in '/home/aziz/Desktop/ros2v2/src/robotanik_vision': PYTHONPATH=/home/aziz/Desktop/ros2v2/src/build/robotanik_vision/prefix_override:/usr/lib/python3/dist-packages/colcon_core/task/python/colcon_distutils_commands:/home/aziz/Desktop/ros2v2/src/install/robotanik_vision/lib/python3.10/site-packages:${PYTHONPATH} /usr/bin/python3 -W ignore:setup.py install is deprecated -W ignore:easy_install command is deprecated setup.py egg_info --egg-base ../build/robotanik_vision build --build-base /home/aziz/Desktop/ros2v2/src/build/robotanik_vision/build install --record /home/aziz/Desktop/ros2v2/src/build/robotanik_vision/install.log --single-version-externally-managed install_data
[1.136s] DEBUG:colcon.colcon_core.event_handler.log_command:Invoking command in '/home/aziz/Desktop/ros2v2/src/sensor_hcsr04': PYTHONPATH=/home/aziz/Desktop/ros2v2/src/build/sensor_hcsr04/prefix_override:/usr/lib/python3/dist-packages/colcon_core/task/python/colcon_distutils_commands:/home/aziz/Desktop/ros2v2/src/install/sensor_hcsr04/lib/python3.10/site-packages:${PYTHONPATH} /usr/bin/python3 -W ignore:setup.py install is deprecated -W ignore:easy_install command is deprecated setup.py egg_info --egg-base ../build/sensor_hcsr04 build --build-base /home/aziz/Desktop/ros2v2/src/build/sensor_hcsr04/build install --record /home/aziz/Desktop/ros2v2/src/build/sensor_hcsr04/install.log --single-version-externally-managed install_data
[1.137s] DEBUG:colcon.colcon_core.event_handler.log_command:Invoking command in '/home/aziz/Desktop/ros2v2/src/robotanik_control': PYTHONPATH=/home/aziz/Desktop/ros2v2/src/build/robotanik_control/prefix_override:/usr/lib/python3/dist-packages/colcon_core/task/python/colcon_distutils_commands:/home/aziz/Desktop/ros2v2/src/install/robotanik_control/lib/python3.10/site-packages:${PYTHONPATH} /usr/bin/python3 -W ignore:setup.py install is deprecated -W ignore:easy_install command is deprecated setup.py egg_info --egg-base ../build/robotanik_control build --build-base /home/aziz/Desktop/ros2v2/src/build/robotanik_control/build install --record /home/aziz/Desktop/ros2v2/src/build/robotanik_control/install.log --single-version-externally-managed install_data
[1.312s] Level 1:colcon.colcon_core.environment:checking '/home/aziz/Desktop/ros2v2/src/install/robotanik_vision' for CMake module files
[1.313s] DEBUG:colcon.colcon_core.event_handler.log_command:Invoked command in '/home/aziz/Desktop/ros2v2/src/robotanik_vision' returned '0': PYTHONPATH=/home/aziz/Desktop/ros2v2/src/build/robotanik_vision/prefix_override:/usr/lib/python3/dist-packages/colcon_core/task/python/colcon_distutils_commands:/home/aziz/Desktop/ros2v2/src/install/robotanik_vision/lib/python3.10/site-packages:${PYTHONPATH} /usr/bin/python3 -W ignore:setup.py install is deprecated -W ignore:easy_install command is deprecated setup.py egg_info --egg-base ../build/robotanik_vision build --build-base /home/aziz/Desktop/ros2v2/src/build/robotanik_vision/build install --record /home/aziz/Desktop/ros2v2/src/build/robotanik_vision/install.log --single-version-externally-managed install_data
[1.313s] Level 1:colcon.colcon_core.environment:checking '/home/aziz/Desktop/ros2v2/src/install/robotanik_vision' for CMake config files
[1.313s] Level 1:colcon.colcon_core.environment:checking '/home/aziz/Desktop/ros2v2/src/install/robotanik_vision/lib'
[1.313s] Level 1:colcon.colcon_core.environment:checking '/home/aziz/Desktop/ros2v2/src/install/robotanik_vision/bin'
[1.314s] Level 1:colcon.colcon_core.environment:checking '/home/aziz/Desktop/ros2v2/src/install/robotanik_vision/lib/pkgconfig/robotanik_vision.pc'
[1.314s] Level 1:colcon.colcon_core.environment:checking '/home/aziz/Desktop/ros2v2/src/install/robotanik_vision/lib/python3.10/site-packages'
[1.314s] Level 1:colcon.colcon_core.shell:create_environment_hook('robotanik_vision', 'pythonpath')
[1.314s] INFO:colcon.colcon_core.shell:Creating environment hook '/home/aziz/Desktop/ros2v2/src/install/robotanik_vision/share/robotanik_vision/hook/pythonpath.ps1'
[1.314s] INFO:colcon.colcon_core.shell:Creating environment descriptor '/home/aziz/Desktop/ros2v2/src/install/robotanik_vision/share/robotanik_vision/hook/pythonpath.dsv'
[1.314s] INFO:colcon.colcon_core.shell:Creating environment hook '/home/aziz/Desktop/ros2v2/src/install/robotanik_vision/share/robotanik_vision/hook/pythonpath.sh'
[1.315s] Level 1:colcon.colcon_core.environment:checking '/home/aziz/Desktop/ros2v2/src/install/robotanik_vision/bin'
[1.315s] Level 1:colcon.colcon_core.environment:create_environment_scripts_only(robotanik_vision)
[1.315s] INFO:colcon.colcon_core.shell:Creating package script '/home/aziz/Desktop/ros2v2/src/install/robotanik_vision/share/robotanik_vision/package.ps1'
[1.315s] INFO:colcon.colcon_core.shell:Creating package descriptor '/home/aziz/Desktop/ros2v2/src/install/robotanik_vision/share/robotanik_vision/package.dsv'
[1.315s] INFO:colcon.colcon_core.shell:Creating package script '/home/aziz/Desktop/ros2v2/src/install/robotanik_vision/share/robotanik_vision/package.sh'
[1.316s] INFO:colcon.colcon_core.shell:Creating package script '/home/aziz/Desktop/ros2v2/src/install/robotanik_vision/share/robotanik_vision/package.bash'
[1.316s] INFO:colcon.colcon_core.shell:Creating package script '/home/aziz/Desktop/ros2v2/src/install/robotanik_vision/share/robotanik_vision/package.zsh'
[1.316s] Level 1:colcon.colcon_core.environment:create_file_with_runtime_dependencies(/home/aziz/Desktop/ros2v2/src/install/robotanik_vision/share/colcon-core/packages/robotanik_vision)
[1.317s] Level 1:colcon.colcon_core.environment:checking '/home/aziz/Desktop/ros2v2/src/install/robotanik_control' for CMake module files
[1.317s] DEBUG:colcon.colcon_core.event_handler.log_command:Invoked command in '/home/aziz/Desktop/ros2v2/src/robotanik_control' returned '0': PYTHONPATH=/home/aziz/Desktop/ros2v2/src/build/robotanik_control/prefix_override:/usr/lib/python3/dist-packages/colcon_core/task/python/colcon_distutils_commands:/home/aziz/Desktop/ros2v2/src/install/robotanik_control/lib/python3.10/site-packages:${PYTHONPATH} /usr/bin/python3 -W ignore:setup.py install is deprecated -W ignore:easy_install command is deprecated setup.py egg_info --egg-base ../build/robotanik_control build --build-base /home/aziz/Desktop/ros2v2/src/build/robotanik_control/build install --record /home/aziz/Desktop/ros2v2/src/build/robotanik_control/install.log --single-version-externally-managed install_data
[1.317s] Level 1:colcon.colcon_core.environment:checking '/home/aziz/Desktop/ros2v2/src/install/robotanik_control' for CMake config files
[1.318s] Level 1:colcon.colcon_core.environment:checking '/home/aziz/Desktop/ros2v2/src/install/robotanik_control/lib'
[1.318s] Level 1:colcon.colcon_core.environment:checking '/home/aziz/Desktop/ros2v2/src/install/robotanik_control/bin'
[1.318s] Level 1:colcon.colcon_core.environment:checking '/home/aziz/Desktop/ros2v2/src/install/robotanik_control/lib/pkgconfig/robotanik_control.pc'
[1.318s] Level 1:colcon.colcon_core.environment:checking '/home/aziz/Desktop/ros2v2/src/install/robotanik_control/lib/python3.10/site-packages'
[1.318s] Level 1:colcon.colcon_core.shell:create_environment_hook('robotanik_control', 'pythonpath')
[1.318s] INFO:colcon.colcon_core.shell:Creating environment hook '/home/aziz/Desktop/ros2v2/src/install/robotanik_control/share/robotanik_control/hook/pythonpath.ps1'
[1.318s] INFO:colcon.colcon_core.shell:Creating environment descriptor '/home/aziz/Desktop/ros2v2/src/install/robotanik_control/share/robotanik_control/hook/pythonpath.dsv'
[1.318s] INFO:colcon.colcon_core.shell:Creating environment hook '/home/aziz/Desktop/ros2v2/src/install/robotanik_control/share/robotanik_control/hook/pythonpath.sh'
[1.319s] Level 1:colcon.colcon_core.environment:checking '/home/aziz/Desktop/ros2v2/src/install/robotanik_control/bin'
[1.319s] Level 1:colcon.colcon_core.environment:create_environment_scripts_only(robotanik_control)
[1.319s] INFO:colcon.colcon_core.shell:Creating package script '/home/aziz/Desktop/ros2v2/src/install/robotanik_control/share/robotanik_control/package.ps1'
[1.319s] INFO:colcon.colcon_core.shell:Creating package descriptor '/home/aziz/Desktop/ros2v2/src/install/robotanik_control/share/robotanik_control/package.dsv'
[1.319s] INFO:colcon.colcon_core.shell:Creating package script '/home/aziz/Desktop/ros2v2/src/install/robotanik_control/share/robotanik_control/package.sh'
[1.319s] INFO:colcon.colcon_core.shell:Creating package script '/home/aziz/Desktop/ros2v2/src/install/robotanik_control/share/robotanik_control/package.bash'
[1.320s] INFO:colcon.colcon_core.shell:Creating package script '/home/aziz/Desktop/ros2v2/src/install/robotanik_control/share/robotanik_control/package.zsh'
[1.320s] Level 1:colcon.colcon_core.environment:create_file_with_runtime_dependencies(/home/aziz/Desktop/ros2v2/src/install/robotanik_control/share/colcon-core/packages/robotanik_control)
[1.324s] Level 1:colcon.colcon_core.environment:checking '/home/aziz/Desktop/ros2v2/src/install/sensor_hcsr04' for CMake module files
[1.325s] DEBUG:colcon.colcon_core.event_handler.log_command:Invoked command in '/home/aziz/Desktop/ros2v2/src/sensor_hcsr04' returned '0': PYTHONPATH=/home/aziz/Desktop/ros2v2/src/build/sensor_hcsr04/prefix_override:/usr/lib/python3/dist-packages/colcon_core/task/python/colcon_distutils_commands:/home/aziz/Desktop/ros2v2/src/install/sensor_hcsr04/lib/python3.10/site-packages:${PYTHONPATH} /usr/bin/python3 -W ignore:setup.py install is deprecated -W ignore:easy_install command is deprecated setup.py egg_info --egg-base ../build/sensor_hcsr04 build --build-base /home/aziz/Desktop/ros2v2/src/build/sensor_hcsr04/build install --record /home/aziz/Desktop/ros2v2/src/build/sensor_hcsr04/install.log --single-version-externally-managed install_data
[1.325s] Level 1:colcon.colcon_core.environment:checking '/home/aziz/Desktop/ros2v2/src/install/sensor_hcsr04' for CMake config files
[1.325s] Level 1:colcon.colcon_core.environment:checking '/home/aziz/Desktop/ros2v2/src/install/sensor_hcsr04/lib'
[1.325s] Level 1:colcon.colcon_core.environment:checking '/home/aziz/Desktop/ros2v2/src/install/sensor_hcsr04/bin'
[1.325s] Level 1:colcon.colcon_core.environment:checking '/home/aziz/Desktop/ros2v2/src/install/sensor_hcsr04/lib/pkgconfig/sensor_hcsr04.pc'
[1.325s] Level 1:colcon.colcon_core.environment:checking '/home/aziz/Desktop/ros2v2/src/install/sensor_hcsr04/lib/python3.10/site-packages'
[1.325s] Level 1:colcon.colcon_core.shell:create_environment_hook('sensor_hcsr04', 'pythonpath')
[1.326s] INFO:colcon.colcon_core.shell:Creating environment hook '/home/aziz/Desktop/ros2v2/src/install/sensor_hcsr04/share/sensor_hcsr04/hook/pythonpath.ps1'
[1.326s] INFO:colcon.colcon_core.shell:Creating environment descriptor '/home/aziz/Desktop/ros2v2/src/install/sensor_hcsr04/share/sensor_hcsr04/hook/pythonpath.dsv'
[1.326s] INFO:colcon.colcon_core.shell:Creating environment hook '/home/aziz/Desktop/ros2v2/src/install/sensor_hcsr04/share/sensor_hcsr04/hook/pythonpath.sh'
[1.326s] Level 1:colcon.colcon_core.environment:checking '/home/aziz/Desktop/ros2v2/src/install/sensor_hcsr04/bin'
[1.326s] Level 1:colcon.colcon_core.environment:create_environment_scripts_only(sensor_hcsr04)
[1.326s] INFO:colcon.colcon_core.shell:Creating package script '/home/aziz/Desktop/ros2v2/src/install/sensor_hcsr04/share/sensor_hcsr04/package.ps1'
[1.327s] INFO:colcon.colcon_core.shell:Creating package descriptor '/home/aziz/Desktop/ros2v2/src/install/sensor_hcsr04/share/sensor_hcsr04/package.dsv'
[1.327s] INFO:colcon.colcon_core.shell:Creating package script '/home/aziz/Desktop/ros2v2/src/install/sensor_hcsr04/share/sensor_hcsr04/package.sh'
[1.327s] INFO:colcon.colcon_core.shell:Creating package script '/home/aziz/Desktop/ros2v2/src/install/sensor_hcsr04/share/sensor_hcsr04/package.bash'
[1.327s] INFO:colcon.colcon_core.shell:Creating package script '/home/aziz/Desktop/ros2v2/src/install/sensor_hcsr04/share/sensor_hcsr04/package.zsh'
[1.327s] Level 1:colcon.colcon_core.environment:create_file_with_runtime_dependencies(/home/aziz/Desktop/ros2v2/src/install/sensor_hcsr04/share/colcon-core/packages/sensor_hcsr04)
[1.328s] DEBUG:colcon.colcon_parallel_executor.executor.parallel:closing loop
[1.328s] DEBUG:colcon.colcon_parallel_executor.executor.parallel:loop closed
[1.328s] DEBUG:colcon.colcon_parallel_executor.executor.parallel:run_until_complete finished with '0'
[1.328s] DEBUG:colcon.colcon_core.event_reactor:joining thread
[1.331s] INFO:colcon.colcon_core.plugin_system:Skipping extension 'colcon_notification.desktop_notification.terminal_notifier': Not used on non-Darwin systems
[1.332s] INFO:colcon.colcon_core.plugin_system:Skipping extension 'colcon_notification.desktop_notification.win32': Not used on non-Windows systems
[1.332s] INFO:colcon.colcon_notification.desktop_notification:Sending desktop notification using 'notify2'
[1.339s] DEBUG:colcon.colcon_core.event_reactor:joined thread
[1.340s] INFO:colcon.colcon_core.shell:Creating prefix script '/home/aziz/Desktop/ros2v2/src/install/local_setup.ps1'
[1.340s] INFO:colcon.colcon_core.shell:Creating prefix util module '/home/aziz/Desktop/ros2v2/src/install/_local_setup_util_ps1.py'
[1.341s] INFO:colcon.colcon_core.shell:Creating prefix chain script '/home/aziz/Desktop/ros2v2/src/install/setup.ps1'
[1.342s] INFO:colcon.colcon_core.shell:Creating prefix script '/home/aziz/Desktop/ros2v2/src/install/local_setup.sh'
[1.342s] INFO:colcon.colcon_core.shell:Creating prefix util module '/home/aziz/Desktop/ros2v2/src/install/_local_setup_util_sh.py'
[1.342s] INFO:colcon.colcon_core.shell:Creating prefix chain script '/home/aziz/Desktop/ros2v2/src/install/setup.sh'
[1.343s] INFO:colcon.colcon_core.shell:Creating prefix script '/home/aziz/Desktop/ros2v2/src/install/local_setup.bash'
[1.343s] INFO:colcon.colcon_core.shell:Creating prefix chain script '/home/aziz/Desktop/ros2v2/src/install/setup.bash'
[1.344s] INFO:colcon.colcon_core.shell:Creating prefix script '/home/aziz/Desktop/ros2v2/src/install/local_setup.zsh'
[1.344s] INFO:colcon.colcon_core.shell:Creating prefix chain script '/home/aziz/Desktop/ros2v2/src/install/setup.zsh'
