[0.385s] Invoking command in '/home/aziz/Desktop/ros2v2/src/robotanik_controller': PYTHONPATH=/home/aziz/Desktop/ros2v2/build/robotanik_controller/prefix_override:/usr/lib/python3/dist-packages/colcon_core/task/python/colcon_distutils_commands:/home/aziz/Desktop/ros2v2/install/robotanik_controller/lib/python3.10/site-packages:${PYTHONPATH} /usr/bin/python3 -W ignore:setup.py install is deprecated -W ignore:easy_install command is deprecated setup.py egg_info --egg-base ../../build/robotanik_controller build --build-base /home/aziz/Desktop/ros2v2/build/robotanik_controller/build install --record /home/aziz/Desktop/ros2v2/build/robotanik_controller/install.log --single-version-externally-managed install_data
[0.518s] running egg_info
[0.518s] writing ../../build/robotanik_controller/robotanik_controller.egg-info/PKG-INFO
[0.527s] writing dependency_links to ../../build/robotanik_controller/robotanik_controller.egg-info/dependency_links.txt
[0.527s] writing entry points to ../../build/robotanik_controller/robotanik_controller.egg-info/entry_points.txt
[0.527s] writing requirements to ../../build/robotanik_controller/robotanik_controller.egg-info/requires.txt
[0.528s] writing top-level names to ../../build/robotanik_controller/robotanik_controller.egg-info/top_level.txt
[0.529s] reading manifest file '../../build/robotanik_controller/robotanik_controller.egg-info/SOURCES.txt'
[0.532s] writing manifest file '../../build/robotanik_controller/robotanik_controller.egg-info/SOURCES.txt'
[0.533s] running build
[0.533s] running build_py
[0.533s] copying robotanik_controller/heatmap_node.py -> /home/aziz/Desktop/ros2v2/build/robotanik_controller/build/lib/robotanik_controller
[0.533s] running install
[0.533s] running install_lib
[0.535s] copying /home/aziz/Desktop/ros2v2/build/robotanik_controller/build/lib/robotanik_controller/heatmap_node.py -> /home/aziz/Desktop/ros2v2/install/robotanik_controller/lib/python3.10/site-packages/robotanik_controller
[0.535s] byte-compiling /home/aziz/Desktop/ros2v2/install/robotanik_controller/lib/python3.10/site-packages/robotanik_controller/heatmap_node.py to heatmap_node.cpython-310.pyc
[0.536s] running install_data
[0.536s] copying launch/main.launch.py -> /home/aziz/Desktop/ros2v2/install/robotanik_controller/share/robotanik_controller/launch
[0.537s] running install_egg_info
[0.538s] removing '/home/aziz/Desktop/ros2v2/install/robotanik_controller/lib/python3.10/site-packages/robotanik_controller-0.0.0-py3.10.egg-info' (and everything under it)
[0.538s] Copying ../../build/robotanik_controller/robotanik_controller.egg-info to /home/aziz/Desktop/ros2v2/install/robotanik_controller/lib/python3.10/site-packages/robotanik_controller-0.0.0-py3.10.egg-info
[0.539s] running install_scripts
[0.554s] Installing heatmap_node script to /home/aziz/Desktop/ros2v2/install/robotanik_controller/lib/robotanik_controller
[0.554s] Installing main_controller script to /home/aziz/Desktop/ros2v2/install/robotanik_controller/lib/robotanik_controller
[0.554s] writing list of installed files to '/home/aziz/Desktop/ros2v2/build/robotanik_controller/install.log'
[0.578s] Invoked command in '/home/aziz/Desktop/ros2v2/src/robotanik_controller' returned '0': PYTHONPATH=/home/aziz/Desktop/ros2v2/build/robotanik_controller/prefix_override:/usr/lib/python3/dist-packages/colcon_core/task/python/colcon_distutils_commands:/home/aziz/Desktop/ros2v2/install/robotanik_controller/lib/python3.10/site-packages:${PYTHONPATH} /usr/bin/python3 -W ignore:setup.py install is deprecated -W ignore:easy_install command is deprecated setup.py egg_info --egg-base ../../build/robotanik_controller build --build-base /home/aziz/Desktop/ros2v2/build/robotanik_controller/build install --record /home/aziz/Desktop/ros2v2/build/robotanik_controller/install.log --single-version-externally-managed install_data
