running egg_info
writing ../../build/robotanik_control/robotanik_control.egg-info/PKG-INFO
writing dependency_links to ../../build/robotanik_control/robotanik_control.egg-info/dependency_links.txt
writing entry points to ../../build/robotanik_control/robotanik_control.egg-info/entry_points.txt
writing requirements to ../../build/robotanik_control/robotanik_control.egg-info/requires.txt
writing top-level names to ../../build/robotanik_control/robotanik_control.egg-info/top_level.txt
reading manifest file '../../build/robotanik_control/robotanik_control.egg-info/SOURCES.txt'
writing manifest file '../../build/robotanik_control/robotanik_control.egg-info/SOURCES.txt'
running build
running build_py
running install
running install_lib
running install_data
running install_egg_info
removing '/home/aziz/Desktop/ros2v2/install/robotanik_control/lib/python3.10/site-packages/robotanik_control-0.0.0-py3.10.egg-info' (and everything under it)
Copying ../../build/robotanik_control/robotanik_control.egg-info to /home/aziz/Desktop/ros2v2/install/robotanik_control/lib/python3.10/site-packages/robotanik_control-0.0.0-py3.10.egg-info
running install_scripts
Installing location_simulator script to /home/aziz/Desktop/ros2v2/install/robotanik_control/lib/robotanik_control
Installing main_controller script to /home/aziz/Desktop/ros2v2/install/robotanik_control/lib/robotanik_control
writing list of installed files to '/home/aziz/Desktop/ros2v2/build/robotanik_control/install.log'
