[0.888s] Invoking command in '/home/aziz/Desktop/ros2v2/src/robotanik_controller': PYTHONPATH=/home/aziz/Desktop/ros2v2/build/robotanik_controller/prefix_override:/usr/lib/python3/dist-packages/colcon_core/task/python/colcon_distutils_commands:/home/aziz/Desktop/ros2v2/install/robotanik_controller/lib/python3.10/site-packages:${PYTHONPATH} /usr/bin/python3 -W ignore:setup.py install is deprecated -W ignore:easy_install command is deprecated setup.py egg_info --egg-base ../../build/robotanik_controller build --build-base /home/aziz/Desktop/ros2v2/build/robotanik_controller/build install --record /home/aziz/Desktop/ros2v2/build/robotanik_controller/install.log --single-version-externally-managed install_data
[1.022s] running egg_info
[1.022s] writing ../../build/robotanik_controller/robotanik_controller.egg-info/PKG-INFO
[1.022s] writing dependency_links to ../../build/robotanik_controller/robotanik_controller.egg-info/dependency_links.txt
[1.022s] writing entry points to ../../build/robotanik_controller/robotanik_controller.egg-info/entry_points.txt
[1.023s] writing requirements to ../../build/robotanik_controller/robotanik_controller.egg-info/requires.txt
[1.023s] writing top-level names to ../../build/robotanik_controller/robotanik_controller.egg-info/top_level.txt
[1.023s] reading manifest file '../../build/robotanik_controller/robotanik_controller.egg-info/SOURCES.txt'
[1.024s] writing manifest file '../../build/robotanik_controller/robotanik_controller.egg-info/SOURCES.txt'
[1.024s] running build
[1.024s] running build_py
[1.024s] running install
[1.024s] running install_lib
[1.026s] running install_data
[1.026s] running install_egg_info
[1.027s] removing '/home/aziz/Desktop/ros2v2/install/robotanik_controller/lib/python3.10/site-packages/robotanik_controller-0.0.0-py3.10.egg-info' (and everything under it)
[1.027s] Copying ../../build/robotanik_controller/robotanik_controller.egg-info to /home/aziz/Desktop/ros2v2/install/robotanik_controller/lib/python3.10/site-packages/robotanik_controller-0.0.0-py3.10.egg-info
[1.027s] running install_scripts
[1.039s] Installing heatmap_node script to /home/aziz/Desktop/ros2v2/install/robotanik_controller/lib/robotanik_controller
[1.039s] Installing main_controller script to /home/aziz/Desktop/ros2v2/install/robotanik_controller/lib/robotanik_controller
[1.040s] writing list of installed files to '/home/aziz/Desktop/ros2v2/build/robotanik_controller/install.log'
[1.063s] Invoked command in '/home/aziz/Desktop/ros2v2/src/robotanik_controller' returned '0': PYTHONPATH=/home/aziz/Desktop/ros2v2/build/robotanik_controller/prefix_override:/usr/lib/python3/dist-packages/colcon_core/task/python/colcon_distutils_commands:/home/aziz/Desktop/ros2v2/install/robotanik_controller/lib/python3.10/site-packages:${PYTHONPATH} /usr/bin/python3 -W ignore:setup.py install is deprecated -W ignore:easy_install command is deprecated setup.py egg_info --egg-base ../../build/robotanik_controller build --build-base /home/aziz/Desktop/ros2v2/build/robotanik_controller/build install --record /home/aziz/Desktop/ros2v2/build/robotanik_controller/install.log --single-version-externally-managed install_data
