[0.826s] Invoking command in '/home/aziz/Desktop/ros2v2/src/sensor_hcsr04': PYTHONPATH=/home/aziz/Desktop/ros2v2/src/build/sensor_hcsr04/prefix_override:/usr/lib/python3/dist-packages/colcon_core/task/python/colcon_distutils_commands:/home/aziz/Desktop/ros2v2/src/install/sensor_hcsr04/lib/python3.10/site-packages:${PYTHONPATH} /usr/bin/python3 -W ignore:setup.py install is deprecated -W ignore:easy_install command is deprecated setup.py egg_info --egg-base ../build/sensor_hcsr04 build --build-base /home/aziz/Desktop/ros2v2/src/build/sensor_hcsr04/build install --record /home/aziz/Desktop/ros2v2/src/build/sensor_hcsr04/install.log --single-version-externally-managed install_data
[0.957s] running egg_info
[0.958s] creating ../build/sensor_hcsr04/sensor_hcsr04.egg-info
[0.958s] writing ../build/sensor_hcsr04/sensor_hcsr04.egg-info/PKG-INFO
[0.958s] writing dependency_links to ../build/sensor_hcsr04/sensor_hcsr04.egg-info/dependency_links.txt
[0.958s] writing entry points to ../build/sensor_hcsr04/sensor_hcsr04.egg-info/entry_points.txt
[0.958s] writing requirements to ../build/sensor_hcsr04/sensor_hcsr04.egg-info/requires.txt
[0.958s] writing top-level names to ../build/sensor_hcsr04/sensor_hcsr04.egg-info/top_level.txt
[0.958s] writing manifest file '../build/sensor_hcsr04/sensor_hcsr04.egg-info/SOURCES.txt'
[0.958s] reading manifest file '../build/sensor_hcsr04/sensor_hcsr04.egg-info/SOURCES.txt'
[0.960s] writing manifest file '../build/sensor_hcsr04/sensor_hcsr04.egg-info/SOURCES.txt'
[0.960s] running build
[0.960s] running build_py
[0.960s] creating /home/aziz/Desktop/ros2v2/src/build/sensor_hcsr04/build
[0.960s] creating /home/aziz/Desktop/ros2v2/src/build/sensor_hcsr04/build/lib
[0.960s] creating /home/aziz/Desktop/ros2v2/src/build/sensor_hcsr04/build/lib/sensor_hcsr04
[0.960s] copying sensor_hcsr04/serial_bridge.py -> /home/aziz/Desktop/ros2v2/src/build/sensor_hcsr04/build/lib/sensor_hcsr04
[0.968s] copying sensor_hcsr04/sensor_viewer.py -> /home/aziz/Desktop/ros2v2/src/build/sensor_hcsr04/build/lib/sensor_hcsr04
[0.969s] copying sensor_hcsr04/__init__.py -> /home/aziz/Desktop/ros2v2/src/build/sensor_hcsr04/build/lib/sensor_hcsr04
[0.969s] running install
[0.970s] running install_lib
[0.970s] creating /home/aziz/Desktop/ros2v2/src/install/sensor_hcsr04/lib/python3.10/site-packages/sensor_hcsr04
[0.970s] copying /home/aziz/Desktop/ros2v2/src/build/sensor_hcsr04/build/lib/sensor_hcsr04/serial_bridge.py -> /home/aziz/Desktop/ros2v2/src/install/sensor_hcsr04/lib/python3.10/site-packages/sensor_hcsr04
[0.970s] copying /home/aziz/Desktop/ros2v2/src/build/sensor_hcsr04/build/lib/sensor_hcsr04/sensor_viewer.py -> /home/aziz/Desktop/ros2v2/src/install/sensor_hcsr04/lib/python3.10/site-packages/sensor_hcsr04
[0.970s] copying /home/aziz/Desktop/ros2v2/src/build/sensor_hcsr04/build/lib/sensor_hcsr04/__init__.py -> /home/aziz/Desktop/ros2v2/src/install/sensor_hcsr04/lib/python3.10/site-packages/sensor_hcsr04
[0.971s] byte-compiling /home/aziz/Desktop/ros2v2/src/install/sensor_hcsr04/lib/python3.10/site-packages/sensor_hcsr04/serial_bridge.py to serial_bridge.cpython-310.pyc
[0.971s] byte-compiling /home/aziz/Desktop/ros2v2/src/install/sensor_hcsr04/lib/python3.10/site-packages/sensor_hcsr04/sensor_viewer.py to sensor_viewer.cpython-310.pyc
[0.972s] byte-compiling /home/aziz/Desktop/ros2v2/src/install/sensor_hcsr04/lib/python3.10/site-packages/sensor_hcsr04/__init__.py to __init__.cpython-310.pyc
[0.972s] running install_data
[0.972s] creating /home/aziz/Desktop/ros2v2/src/install/sensor_hcsr04/share/ament_index
[0.972s] creating /home/aziz/Desktop/ros2v2/src/install/sensor_hcsr04/share/ament_index/resource_index
[0.972s] creating /home/aziz/Desktop/ros2v2/src/install/sensor_hcsr04/share/ament_index/resource_index/packages
[0.972s] copying resource/sensor_hcsr04 -> /home/aziz/Desktop/ros2v2/src/install/sensor_hcsr04/share/ament_index/resource_index/packages
[0.972s] copying package.xml -> /home/aziz/Desktop/ros2v2/src/install/sensor_hcsr04/share/sensor_hcsr04
[0.972s] running install_egg_info
[0.974s] Copying ../build/sensor_hcsr04/sensor_hcsr04.egg-info to /home/aziz/Desktop/ros2v2/src/install/sensor_hcsr04/lib/python3.10/site-packages/sensor_hcsr04-0.0.0-py3.10.egg-info
[0.974s] running install_scripts
[0.990s] Installing sensor_viewer script to /home/aziz/Desktop/ros2v2/src/install/sensor_hcsr04/lib/sensor_hcsr04
[0.990s] Installing serial_bridge script to /home/aziz/Desktop/ros2v2/src/install/sensor_hcsr04/lib/sensor_hcsr04
[0.990s] writing list of installed files to '/home/aziz/Desktop/ros2v2/src/build/sensor_hcsr04/install.log'
[1.014s] Invoked command in '/home/aziz/Desktop/ros2v2/src/sensor_hcsr04' returned '0': PYTHONPATH=/home/aziz/Desktop/ros2v2/src/build/sensor_hcsr04/prefix_override:/usr/lib/python3/dist-packages/colcon_core/task/python/colcon_distutils_commands:/home/aziz/Desktop/ros2v2/src/install/sensor_hcsr04/lib/python3.10/site-packages:${PYTHONPATH} /usr/bin/python3 -W ignore:setup.py install is deprecated -W ignore:easy_install command is deprecated setup.py egg_info --egg-base ../build/sensor_hcsr04 build --build-base /home/aziz/Desktop/ros2v2/src/build/sensor_hcsr04/build install --record /home/aziz/Desktop/ros2v2/src/build/sensor_hcsr04/install.log --single-version-externally-managed install_data
