[0.845s] Invoking command in '/home/aziz/Desktop/ros2v2/src/robotanik_control': PYTHONPATH=/home/aziz/Desktop/ros2v2/src/build/robotanik_control/prefix_override:/usr/lib/python3/dist-packages/colcon_core/task/python/colcon_distutils_commands:/home/aziz/Desktop/ros2v2/src/install/robotanik_control/lib/python3.10/site-packages:${PYTHONPATH} /usr/bin/python3 -W ignore:setup.py install is deprecated -W ignore:easy_install command is deprecated setup.py egg_info --egg-base ../build/robotanik_control build --build-base /home/aziz/Desktop/ros2v2/src/build/robotanik_control/build install --record /home/aziz/Desktop/ros2v2/src/build/robotanik_control/install.log --single-version-externally-managed install_data
[0.980s] running egg_info
[0.980s] creating ../build/robotanik_control/robotanik_control.egg-info
[0.980s] writing ../build/robotanik_control/robotanik_control.egg-info/PKG-INFO
[0.980s] writing dependency_links to ../build/robotanik_control/robotanik_control.egg-info/dependency_links.txt
[0.980s] writing entry points to ../build/robotanik_control/robotanik_control.egg-info/entry_points.txt
[0.980s] writing requirements to ../build/robotanik_control/robotanik_control.egg-info/requires.txt
[0.980s] writing top-level names to ../build/robotanik_control/robotanik_control.egg-info/top_level.txt
[0.980s] writing manifest file '../build/robotanik_control/robotanik_control.egg-info/SOURCES.txt'
[0.981s] reading manifest file '../build/robotanik_control/robotanik_control.egg-info/SOURCES.txt'
[0.983s] writing manifest file '../build/robotanik_control/robotanik_control.egg-info/SOURCES.txt'
[0.983s] running build
[0.983s] running build_py
[0.983s] creating /home/aziz/Desktop/ros2v2/src/build/robotanik_control/build
[0.983s] creating /home/aziz/Desktop/ros2v2/src/build/robotanik_control/build/lib
[0.983s] creating /home/aziz/Desktop/ros2v2/src/build/robotanik_control/build/lib/robotanik_control
[0.983s] copying robotanik_control/__init__.py -> /home/aziz/Desktop/ros2v2/src/build/robotanik_control/build/lib/robotanik_control
[0.983s] copying robotanik_control/main_controller_node.py -> /home/aziz/Desktop/ros2v2/src/build/robotanik_control/build/lib/robotanik_control
[0.983s] copying robotanik_control/location_simulator_node.py -> /home/aziz/Desktop/ros2v2/src/build/robotanik_control/build/lib/robotanik_control
[0.983s] running install
[0.983s] running install_lib
[0.984s] creating /home/aziz/Desktop/ros2v2/src/install/robotanik_control/lib/python3.10/site-packages/robotanik_control
[0.984s] copying /home/aziz/Desktop/ros2v2/src/build/robotanik_control/build/lib/robotanik_control/__init__.py -> /home/aziz/Desktop/ros2v2/src/install/robotanik_control/lib/python3.10/site-packages/robotanik_control
[0.984s] copying /home/aziz/Desktop/ros2v2/src/build/robotanik_control/build/lib/robotanik_control/main_controller_node.py -> /home/aziz/Desktop/ros2v2/src/install/robotanik_control/lib/python3.10/site-packages/robotanik_control
[0.984s] copying /home/aziz/Desktop/ros2v2/src/build/robotanik_control/build/lib/robotanik_control/location_simulator_node.py -> /home/aziz/Desktop/ros2v2/src/install/robotanik_control/lib/python3.10/site-packages/robotanik_control
[0.984s] byte-compiling /home/aziz/Desktop/ros2v2/src/install/robotanik_control/lib/python3.10/site-packages/robotanik_control/__init__.py to __init__.cpython-310.pyc
[0.984s] byte-compiling /home/aziz/Desktop/ros2v2/src/install/robotanik_control/lib/python3.10/site-packages/robotanik_control/main_controller_node.py to main_controller_node.cpython-310.pyc
[0.985s] byte-compiling /home/aziz/Desktop/ros2v2/src/install/robotanik_control/lib/python3.10/site-packages/robotanik_control/location_simulator_node.py to location_simulator_node.cpython-310.pyc
[0.985s] running install_data
[0.985s] creating /home/aziz/Desktop/ros2v2/src/install/robotanik_control/share/ament_index
[0.985s] creating /home/aziz/Desktop/ros2v2/src/install/robotanik_control/share/ament_index/resource_index
[0.985s] creating /home/aziz/Desktop/ros2v2/src/install/robotanik_control/share/ament_index/resource_index/packages
[0.985s] copying resource/robotanik_control -> /home/aziz/Desktop/ros2v2/src/install/robotanik_control/share/ament_index/resource_index/packages
[0.985s] copying package.xml -> /home/aziz/Desktop/ros2v2/src/install/robotanik_control/share/robotanik_control
[0.985s] running install_egg_info
[0.986s] Copying ../build/robotanik_control/robotanik_control.egg-info to /home/aziz/Desktop/ros2v2/src/install/robotanik_control/lib/python3.10/site-packages/robotanik_control-0.0.0-py3.10.egg-info
[0.987s] running install_scripts
[1.002s] Installing location_simulator script to /home/aziz/Desktop/ros2v2/src/install/robotanik_control/lib/robotanik_control
[1.002s] Installing main_controller script to /home/aziz/Desktop/ros2v2/src/install/robotanik_control/lib/robotanik_control
[1.002s] writing list of installed files to '/home/aziz/Desktop/ros2v2/src/build/robotanik_control/install.log'
[1.025s] Invoked command in '/home/aziz/Desktop/ros2v2/src/robotanik_control' returned '0': PYTHONPATH=/home/aziz/Desktop/ros2v2/src/build/robotanik_control/prefix_override:/usr/lib/python3/dist-packages/colcon_core/task/python/colcon_distutils_commands:/home/aziz/Desktop/ros2v2/src/install/robotanik_control/lib/python3.10/site-packages:${PYTHONPATH} /usr/bin/python3 -W ignore:setup.py install is deprecated -W ignore:easy_install command is deprecated setup.py egg_info --egg-base ../build/robotanik_control build --build-base /home/aziz/Desktop/ros2v2/src/build/robotanik_control/build install --record /home/aziz/Desktop/ros2v2/src/build/robotanik_control/install.log --single-version-externally-managed install_data
