[0.487s] Invoking command in '/home/aziz/Desktop/ros2v2/src/sensor_hcsr04': PYTHONPATH=/home/aziz/Desktop/ros2v2/build/sensor_hcsr04/prefix_override:/usr/lib/python3/dist-packages/colcon_core/task/python/colcon_distutils_commands:/home/aziz/Desktop/ros2v2/install/sensor_hcsr04/lib/python3.10/site-packages:${PYTHONPATH} /usr/bin/python3 -W ignore:setup.py install is deprecated -W ignore:easy_install command is deprecated setup.py egg_info --egg-base ../../build/sensor_hcsr04 build --build-base /home/aziz/Desktop/ros2v2/build/sensor_hcsr04/build install --record /home/aziz/Desktop/ros2v2/build/sensor_hcsr04/install.log --single-version-externally-managed install_data
[0.623s] running egg_info
[0.623s] creating ../../build/sensor_hcsr04/sensor_hcsr04.egg-info
[0.624s] writing ../../build/sensor_hcsr04/sensor_hcsr04.egg-info/PKG-INFO
[0.624s] writing dependency_links to ../../build/sensor_hcsr04/sensor_hcsr04.egg-info/dependency_links.txt
[0.624s] writing entry points to ../../build/sensor_hcsr04/sensor_hcsr04.egg-info/entry_points.txt
[0.624s] writing requirements to ../../build/sensor_hcsr04/sensor_hcsr04.egg-info/requires.txt
[0.624s] writing top-level names to ../../build/sensor_hcsr04/sensor_hcsr04.egg-info/top_level.txt
[0.624s] writing manifest file '../../build/sensor_hcsr04/sensor_hcsr04.egg-info/SOURCES.txt'
[0.625s] reading manifest file '../../build/sensor_hcsr04/sensor_hcsr04.egg-info/SOURCES.txt'
[0.627s] writing manifest file '../../build/sensor_hcsr04/sensor_hcsr04.egg-info/SOURCES.txt'
[0.627s] running build
[0.627s] running build_py
[0.627s] creating /home/aziz/Desktop/ros2v2/build/sensor_hcsr04/build
[0.627s] creating /home/aziz/Desktop/ros2v2/build/sensor_hcsr04/build/lib
[0.627s] creating /home/aziz/Desktop/ros2v2/build/sensor_hcsr04/build/lib/sensor_hcsr04
[0.627s] copying sensor_hcsr04/serial_bridge.py -> /home/aziz/Desktop/ros2v2/build/sensor_hcsr04/build/lib/sensor_hcsr04
[0.627s] copying sensor_hcsr04/__init__.py -> /home/aziz/Desktop/ros2v2/build/sensor_hcsr04/build/lib/sensor_hcsr04
[0.628s] running install
[0.628s] running install_lib
[0.628s] creating /home/aziz/Desktop/ros2v2/install/sensor_hcsr04/lib/python3.10/site-packages/sensor_hcsr04
[0.628s] copying /home/aziz/Desktop/ros2v2/build/sensor_hcsr04/build/lib/sensor_hcsr04/serial_bridge.py -> /home/aziz/Desktop/ros2v2/install/sensor_hcsr04/lib/python3.10/site-packages/sensor_hcsr04
[0.628s] copying /home/aziz/Desktop/ros2v2/build/sensor_hcsr04/build/lib/sensor_hcsr04/__init__.py -> /home/aziz/Desktop/ros2v2/install/sensor_hcsr04/lib/python3.10/site-packages/sensor_hcsr04
[0.628s] byte-compiling /home/aziz/Desktop/ros2v2/install/sensor_hcsr04/lib/python3.10/site-packages/sensor_hcsr04/serial_bridge.py to serial_bridge.cpython-310.pyc
[0.629s] byte-compiling /home/aziz/Desktop/ros2v2/install/sensor_hcsr04/lib/python3.10/site-packages/sensor_hcsr04/__init__.py to __init__.cpython-310.pyc
[0.629s] running install_data
[0.629s] creating /home/aziz/Desktop/ros2v2/install/sensor_hcsr04/share/ament_index
[0.629s] creating /home/aziz/Desktop/ros2v2/install/sensor_hcsr04/share/ament_index/resource_index
[0.629s] creating /home/aziz/Desktop/ros2v2/install/sensor_hcsr04/share/ament_index/resource_index/packages
[0.629s] copying resource/sensor_hcsr04 -> /home/aziz/Desktop/ros2v2/install/sensor_hcsr04/share/ament_index/resource_index/packages
[0.629s] copying package.xml -> /home/aziz/Desktop/ros2v2/install/sensor_hcsr04/share/sensor_hcsr04
[0.629s] running install_egg_info
[0.631s] Copying ../../build/sensor_hcsr04/sensor_hcsr04.egg-info to /home/aziz/Desktop/ros2v2/install/sensor_hcsr04/lib/python3.10/site-packages/sensor_hcsr04-0.0.0-py3.10.egg-info
[0.631s] running install_scripts
[0.646s] Installing serial_bridge script to /home/aziz/Desktop/ros2v2/install/sensor_hcsr04/lib/sensor_hcsr04
[0.646s] writing list of installed files to '/home/aziz/Desktop/ros2v2/build/sensor_hcsr04/install.log'
[0.673s] Invoked command in '/home/aziz/Desktop/ros2v2/src/sensor_hcsr04' returned '0': PYTHONPATH=/home/aziz/Desktop/ros2v2/build/sensor_hcsr04/prefix_override:/usr/lib/python3/dist-packages/colcon_core/task/python/colcon_distutils_commands:/home/aziz/Desktop/ros2v2/install/sensor_hcsr04/lib/python3.10/site-packages:${PYTHONPATH} /usr/bin/python3 -W ignore:setup.py install is deprecated -W ignore:easy_install command is deprecated setup.py egg_info --egg-base ../../build/sensor_hcsr04 build --build-base /home/aziz/Desktop/ros2v2/build/sensor_hcsr04/build install --record /home/aziz/Desktop/ros2v2/build/sensor_hcsr04/install.log --single-version-externally-managed install_data
