[0.683s] Invoking command in '/home/aziz/Desktop/ros2v2/src/robotanik_control': PYTHONPATH=/home/aziz/Desktop/ros2v2/build/robotanik_control/prefix_override:/usr/lib/python3/dist-packages/colcon_core/task/python/colcon_distutils_commands:/home/aziz/Desktop/ros2v2/install/robotanik_control/lib/python3.10/site-packages:${PYTHONPATH} /usr/bin/python3 -W ignore:setup.py install is deprecated -W ignore:easy_install command is deprecated setup.py egg_info --egg-base ../../build/robotanik_control build --build-base /home/aziz/Desktop/ros2v2/build/robotanik_control/build install --record /home/aziz/Desktop/ros2v2/build/robotanik_control/install.log --single-version-externally-managed install_data
[0.812s] running egg_info
[0.812s] creating ../../build/robotanik_control/robotanik_control.egg-info
[0.812s] writing ../../build/robotanik_control/robotanik_control.egg-info/PKG-INFO
[0.812s] writing dependency_links to ../../build/robotanik_control/robotanik_control.egg-info/dependency_links.txt
[0.812s] writing entry points to ../../build/robotanik_control/robotanik_control.egg-info/entry_points.txt
[0.812s] writing requirements to ../../build/robotanik_control/robotanik_control.egg-info/requires.txt
[0.813s] writing top-level names to ../../build/robotanik_control/robotanik_control.egg-info/top_level.txt
[0.813s] writing manifest file '../../build/robotanik_control/robotanik_control.egg-info/SOURCES.txt'
[0.813s] reading manifest file '../../build/robotanik_control/robotanik_control.egg-info/SOURCES.txt'
[0.814s] writing manifest file '../../build/robotanik_control/robotanik_control.egg-info/SOURCES.txt'
[0.814s] running build
[0.814s] running build_py
[0.814s] creating /home/aziz/Desktop/ros2v2/build/robotanik_control/build
[0.814s] creating /home/aziz/Desktop/ros2v2/build/robotanik_control/build/lib
[0.815s] creating /home/aziz/Desktop/ros2v2/build/robotanik_control/build/lib/robotanik_control
[0.815s] copying robotanik_control/__init__.py -> /home/aziz/Desktop/ros2v2/build/robotanik_control/build/lib/robotanik_control
[0.815s] copying robotanik_control/main_controller_node.py -> /home/aziz/Desktop/ros2v2/build/robotanik_control/build/lib/robotanik_control
[0.823s] copying robotanik_control/location_simulator_node.py -> /home/aziz/Desktop/ros2v2/build/robotanik_control/build/lib/robotanik_control
[0.826s] running install
[0.826s] running install_lib
[0.827s] creating /home/aziz/Desktop/ros2v2/install/robotanik_control/lib/python3.10/site-packages/robotanik_control
[0.827s] copying /home/aziz/Desktop/ros2v2/build/robotanik_control/build/lib/robotanik_control/__init__.py -> /home/aziz/Desktop/ros2v2/install/robotanik_control/lib/python3.10/site-packages/robotanik_control
[0.827s] copying /home/aziz/Desktop/ros2v2/build/robotanik_control/build/lib/robotanik_control/main_controller_node.py -> /home/aziz/Desktop/ros2v2/install/robotanik_control/lib/python3.10/site-packages/robotanik_control
[0.827s] copying /home/aziz/Desktop/ros2v2/build/robotanik_control/build/lib/robotanik_control/location_simulator_node.py -> /home/aziz/Desktop/ros2v2/install/robotanik_control/lib/python3.10/site-packages/robotanik_control
[0.827s] byte-compiling /home/aziz/Desktop/ros2v2/install/robotanik_control/lib/python3.10/site-packages/robotanik_control/__init__.py to __init__.cpython-310.pyc
[0.827s] byte-compiling /home/aziz/Desktop/ros2v2/install/robotanik_control/lib/python3.10/site-packages/robotanik_control/main_controller_node.py to main_controller_node.cpython-310.pyc
[0.828s] byte-compiling /home/aziz/Desktop/ros2v2/install/robotanik_control/lib/python3.10/site-packages/robotanik_control/location_simulator_node.py to location_simulator_node.cpython-310.pyc
[0.828s] running install_data
[0.828s] creating /home/aziz/Desktop/ros2v2/install/robotanik_control/share/ament_index
[0.828s] creating /home/aziz/Desktop/ros2v2/install/robotanik_control/share/ament_index/resource_index
[0.828s] creating /home/aziz/Desktop/ros2v2/install/robotanik_control/share/ament_index/resource_index/packages
[0.829s] copying resource/robotanik_control -> /home/aziz/Desktop/ros2v2/install/robotanik_control/share/ament_index/resource_index/packages
[0.829s] copying package.xml -> /home/aziz/Desktop/ros2v2/install/robotanik_control/share/robotanik_control
[0.829s] running install_egg_info
[0.832s] Copying ../../build/robotanik_control/robotanik_control.egg-info to /home/aziz/Desktop/ros2v2/install/robotanik_control/lib/python3.10/site-packages/robotanik_control-0.0.0-py3.10.egg-info
[0.833s] running install_scripts
[0.846s] Installing location_simulator script to /home/aziz/Desktop/ros2v2/install/robotanik_control/lib/robotanik_control
[0.847s] Installing main_controller script to /home/aziz/Desktop/ros2v2/install/robotanik_control/lib/robotanik_control
[0.847s] writing list of installed files to '/home/aziz/Desktop/ros2v2/build/robotanik_control/install.log'
[0.869s] Invoked command in '/home/aziz/Desktop/ros2v2/src/robotanik_control' returned '0': PYTHONPATH=/home/aziz/Desktop/ros2v2/build/robotanik_control/prefix_override:/usr/lib/python3/dist-packages/colcon_core/task/python/colcon_distutils_commands:/home/aziz/Desktop/ros2v2/install/robotanik_control/lib/python3.10/site-packages:${PYTHONPATH} /usr/bin/python3 -W ignore:setup.py install is deprecated -W ignore:easy_install command is deprecated setup.py egg_info --egg-base ../../build/robotanik_control build --build-base /home/aziz/Desktop/ros2v2/build/robotanik_control/build install --record /home/aziz/Desktop/ros2v2/build/robotanik_control/install.log --single-version-externally-managed install_data
