[0.007s] Invoking command in '/home/aziz/Desktop/ros2v2/build/robotanik_sim': CMAKE_PREFIX_PATH=${CMAKE_PREFIX_PATH}:/home/aziz/Desktop/ros2v2/install/sensor_hcsr04:/home/aziz/Desktop/ros2v2/install/robotanik_vision:/home/aziz/Desktop/ros2v2/install/robotanik_control:/home/aziz/Desktop/ros2_ws/install/robotanik_vision:/home/aziz/Desktop/ros2_ws/install/robotanik_control:/home/aziz/Desktop/ros2_ws/install/my_py_pkg:/opt/ros/humble /usr/bin/cmake /home/aziz/Desktop/ros2v2/src/robotanik_sim -DCMAKE_INSTALL_PREFIX=/home/aziz/Desktop/ros2v2/install/robotanik_sim
[0.050s] -- The C compiler identification is GNU 11.4.0
[0.093s] -- The CXX compiler identification is GNU 11.4.0
[0.098s] -- Detecting C compiler ABI info
[0.156s] -- Detecting C compiler ABI info - done
[0.160s] -- Check for working C compiler: /usr/bin/cc - skipped
[0.160s] -- Detecting C compile features
[0.160s] -- Detecting C compile features - done
[0.162s] -- Detecting CXX compiler ABI info
[0.220s] -- Detecting CXX compiler ABI info - done
[0.224s] -- Check for working CXX compiler: /usr/bin/c++ - skipped
[0.224s] -- Detecting CXX compile features
[0.224s] -- Detecting CXX compile features - done
[0.228s] -- Found ament_cmake: 1.3.13 (/opt/ros/humble/share/ament_cmake/cmake)
[0.333s] -- Found Python3: /usr/bin/python3 (found version "3.10.12") found components: Interpreter 
[0.394s] -- Found ament_lint_auto: 0.12.15 (/opt/ros/humble/share/ament_lint_auto/cmake)
[0.448s] -- Added test 'flake8' to check Python code syntax and style conventions
[0.448s] -- Added test 'lint_cmake' to check CMake code style
[0.449s] -- Added test 'pep257' to check Python code against some of the docstring style conventions in PEP 257
[0.450s] -- Added test 'xmllint' to check XML markup files
[0.451s] -- Configuring done
[0.452s] -- Generating done
[0.453s] -- Build files have been written to: /home/aziz/Desktop/ros2v2/build/robotanik_sim
[0.457s] Invoked command in '/home/aziz/Desktop/ros2v2/build/robotanik_sim' returned '0': CMAKE_PREFIX_PATH=${CMAKE_PREFIX_PATH}:/home/aziz/Desktop/ros2v2/install/sensor_hcsr04:/home/aziz/Desktop/ros2v2/install/robotanik_vision:/home/aziz/Desktop/ros2v2/install/robotanik_control:/home/aziz/Desktop/ros2_ws/install/robotanik_vision:/home/aziz/Desktop/ros2_ws/install/robotanik_control:/home/aziz/Desktop/ros2_ws/install/my_py_pkg:/opt/ros/humble /usr/bin/cmake /home/aziz/Desktop/ros2v2/src/robotanik_sim -DCMAKE_INSTALL_PREFIX=/home/aziz/Desktop/ros2v2/install/robotanik_sim
[0.458s] Invoking command in '/home/aziz/Desktop/ros2v2/build/robotanik_sim': CMAKE_PREFIX_PATH=${CMAKE_PREFIX_PATH}:/home/aziz/Desktop/ros2v2/install/sensor_hcsr04:/home/aziz/Desktop/ros2v2/install/robotanik_vision:/home/aziz/Desktop/ros2v2/install/robotanik_control:/home/aziz/Desktop/ros2_ws/install/robotanik_vision:/home/aziz/Desktop/ros2_ws/install/robotanik_control:/home/aziz/Desktop/ros2_ws/install/my_py_pkg:/opt/ros/humble /usr/bin/cmake --build /home/aziz/Desktop/ros2v2/build/robotanik_sim -- -j16 -l16
[0.488s] Invoked command in '/home/aziz/Desktop/ros2v2/build/robotanik_sim' returned '0': CMAKE_PREFIX_PATH=${CMAKE_PREFIX_PATH}:/home/aziz/Desktop/ros2v2/install/sensor_hcsr04:/home/aziz/Desktop/ros2v2/install/robotanik_vision:/home/aziz/Desktop/ros2v2/install/robotanik_control:/home/aziz/Desktop/ros2_ws/install/robotanik_vision:/home/aziz/Desktop/ros2_ws/install/robotanik_control:/home/aziz/Desktop/ros2_ws/install/my_py_pkg:/opt/ros/humble /usr/bin/cmake --build /home/aziz/Desktop/ros2v2/build/robotanik_sim -- -j16 -l16
[0.495s] Invoking command in '/home/aziz/Desktop/ros2v2/build/robotanik_sim': CMAKE_PREFIX_PATH=${CMAKE_PREFIX_PATH}:/home/aziz/Desktop/ros2v2/install/sensor_hcsr04:/home/aziz/Desktop/ros2v2/install/robotanik_vision:/home/aziz/Desktop/ros2v2/install/robotanik_control:/home/aziz/Desktop/ros2_ws/install/robotanik_vision:/home/aziz/Desktop/ros2_ws/install/robotanik_control:/home/aziz/Desktop/ros2_ws/install/my_py_pkg:/opt/ros/humble /usr/bin/cmake --install /home/aziz/Desktop/ros2v2/build/robotanik_sim
[0.501s] -- Install configuration: ""
[0.501s] -- Installing: /home/aziz/Desktop/ros2v2/install/robotanik_sim/share/robotanik_sim/launch
[0.501s] -- Installing: /home/aziz/Desktop/ros2v2/install/robotanik_sim/share/robotanik_sim/launch/sim.launch.py
[0.501s] -- Installing: /home/aziz/Desktop/ros2v2/install/robotanik_sim/share/robotanik_sim/urdf
[0.501s] -- Installing: /home/aziz/Desktop/ros2v2/install/robotanik_sim/share/robotanik_sim/urdf/robotanik.urdf
[0.501s] -- Installing: /home/aziz/Desktop/ros2v2/install/robotanik_sim/share/robotanik_sim/worlds
[0.501s] -- Installing: /home/aziz/Desktop/ros2v2/install/robotanik_sim/share/robotanik_sim/worlds/world_uret.py
[0.501s] -- Installing: /home/aziz/Desktop/ros2v2/install/robotanik_sim/share/robotanik_sim/worlds/robotanik_sera.world
[0.502s] -- Installing: /home/aziz/Desktop/ros2v2/install/robotanik_sim/share/robotanik_sim/maps
[0.502s] -- Installing: /home/aziz/Desktop/ros2v2/install/robotanik_sim/share/robotanik_sim/maps/harita_uret.py
[0.502s] -- Installing: /home/aziz/Desktop/ros2v2/install/robotanik_sim/share/robotanik_sim/maps/sera_haritasi.yaml
[0.502s] -- Installing: /home/aziz/Desktop/ros2v2/install/robotanik_sim/share/robotanik_sim/maps/robotanik_sera.pgm
[0.502s] -- Installing: /home/aziz/Desktop/ros2v2/install/robotanik_sim/share/robotanik_sim/maps/robotanik_sera.yaml
[0.502s] -- Installing: /home/aziz/Desktop/ros2v2/install/robotanik_sim/share/robotanik_sim/params
[0.502s] -- Installing: /home/aziz/Desktop/ros2v2/install/robotanik_sim/share/robotanik_sim/params/nav2_params.yaml
[0.502s] -- Installing: /home/aziz/Desktop/ros2v2/install/robotanik_sim/share/robotanik_sim/config
[0.502s] -- Installing: /home/aziz/Desktop/ros2v2/install/robotanik_sim/share/robotanik_sim/config/ekf.yaml
[0.502s] -- Installing: /home/aziz/Desktop/ros2v2/install/robotanik_sim/lib/robotanik_sim/row_fsm.py
[0.502s] -- Installing: /home/aziz/Desktop/ros2v2/install/robotanik_sim/share/ament_index/resource_index/package_run_dependencies/robotanik_sim
[0.503s] -- Installing: /home/aziz/Desktop/ros2v2/install/robotanik_sim/share/ament_index/resource_index/parent_prefix_path/robotanik_sim
[0.503s] -- Installing: /home/aziz/Desktop/ros2v2/install/robotanik_sim/share/robotanik_sim/environment/ament_prefix_path.sh
[0.503s] -- Installing: /home/aziz/Desktop/ros2v2/install/robotanik_sim/share/robotanik_sim/environment/ament_prefix_path.dsv
[0.503s] -- Installing: /home/aziz/Desktop/ros2v2/install/robotanik_sim/share/robotanik_sim/environment/path.sh
[0.503s] -- Installing: /home/aziz/Desktop/ros2v2/install/robotanik_sim/share/robotanik_sim/environment/path.dsv
[0.503s] -- Installing: /home/aziz/Desktop/ros2v2/install/robotanik_sim/share/robotanik_sim/local_setup.bash
[0.503s] -- Installing: /home/aziz/Desktop/ros2v2/install/robotanik_sim/share/robotanik_sim/local_setup.sh
[0.503s] -- Installing: /home/aziz/Desktop/ros2v2/install/robotanik_sim/share/robotanik_sim/local_setup.zsh
[0.503s] -- Installing: /home/aziz/Desktop/ros2v2/install/robotanik_sim/share/robotanik_sim/local_setup.dsv
[0.503s] -- Installing: /home/aziz/Desktop/ros2v2/install/robotanik_sim/share/robotanik_sim/package.dsv
[0.504s] -- Installing: /home/aziz/Desktop/ros2v2/install/robotanik_sim/share/ament_index/resource_index/packages/robotanik_sim
[0.504s] -- Installing: /home/aziz/Desktop/ros2v2/install/robotanik_sim/share/robotanik_sim/cmake/robotanik_simConfig.cmake
[0.504s] -- Installing: /home/aziz/Desktop/ros2v2/install/robotanik_sim/share/robotanik_sim/cmake/robotanik_simConfig-version.cmake
[0.504s] -- Installing: /home/aziz/Desktop/ros2v2/install/robotanik_sim/share/robotanik_sim/package.xml
[0.505s] Invoked command in '/home/aziz/Desktop/ros2v2/build/robotanik_sim' returned '0': CMAKE_PREFIX_PATH=${CMAKE_PREFIX_PATH}:/home/aziz/Desktop/ros2v2/install/sensor_hcsr04:/home/aziz/Desktop/ros2v2/install/robotanik_vision:/home/aziz/Desktop/ros2v2/install/robotanik_control:/home/aziz/Desktop/ros2_ws/install/robotanik_vision:/home/aziz/Desktop/ros2_ws/install/robotanik_control:/home/aziz/Desktop/ros2_ws/install/my_py_pkg:/opt/ros/humble /usr/bin/cmake --install /home/aziz/Desktop/ros2v2/build/robotanik_sim
