[0.008s] Invoking command in '/home/aziz/Desktop/ros2v2/build/robotanik_sim': CMAKE_PREFIX_PATH=${CMAKE_PREFIX_PATH}:/home/aziz/Desktop/ros2_ws/install/robotanik_vision:/home/aziz/Desktop/ros2_ws/install/robotanik_control:/home/aziz/Desktop/ros2_ws/install/my_py_pkg:/opt/ros/humble /usr/bin/cmake --build /home/aziz/Desktop/ros2v2/build/robotanik_sim -- -j16 -l16
[0.030s] -- Found ament_cmake: 1.3.13 (/opt/ros/humble/share/ament_cmake/cmake)
[0.129s] -- Found ament_lint_auto: 0.12.15 (/opt/ros/humble/share/ament_lint_auto/cmake)
[0.181s] -- Added test 'flake8' to check Python code syntax and style conventions
[0.181s] -- Added test 'lint_cmake' to check CMake code style
[0.181s] -- Added test 'pep257' to check Python code against some of the docstring style conventions in PEP 257
[0.182s] -- Added test 'xmllint' to check XML markup files
[0.183s] -- Configuring done
[0.186s] -- Generating done
[0.188s] -- Build files have been written to: /home/aziz/Desktop/ros2v2/build/robotanik_sim
[0.209s] Invoked command in '/home/aziz/Desktop/ros2v2/build/robotanik_sim' returned '0': CMAKE_PREFIX_PATH=${CMAKE_PREFIX_PATH}:/home/aziz/Desktop/ros2_ws/install/robotanik_vision:/home/aziz/Desktop/ros2_ws/install/robotanik_control:/home/aziz/Desktop/ros2_ws/install/my_py_pkg:/opt/ros/humble /usr/bin/cmake --build /home/aziz/Desktop/ros2v2/build/robotanik_sim -- -j16 -l16
[0.217s] Invoking command in '/home/aziz/Desktop/ros2v2/build/robotanik_sim': CMAKE_PREFIX_PATH=${CMAKE_PREFIX_PATH}:/home/aziz/Desktop/ros2_ws/install/robotanik_vision:/home/aziz/Desktop/ros2_ws/install/robotanik_control:/home/aziz/Desktop/ros2_ws/install/my_py_pkg:/opt/ros/humble /usr/bin/cmake --install /home/aziz/Desktop/ros2v2/build/robotanik_sim
[0.223s] -- Install configuration: ""
[0.223s] -- Up-to-date: /home/aziz/Desktop/ros2v2/install/robotanik_sim/share/robotanik_sim/launch
[0.223s] -- Installing: /home/aziz/Desktop/ros2v2/install/robotanik_sim/share/robotanik_sim/launch/sim.launch.py
[0.223s] -- Up-to-date: /home/aziz/Desktop/ros2v2/install/robotanik_sim/share/robotanik_sim/urdf
[0.224s] -- Up-to-date: /home/aziz/Desktop/ros2v2/install/robotanik_sim/share/robotanik_sim/urdf/robotanik.urdf
[0.224s] -- Up-to-date: /home/aziz/Desktop/ros2v2/install/robotanik_sim/share/robotanik_sim/worlds
[0.224s] -- Up-to-date: /home/aziz/Desktop/ros2v2/install/robotanik_sim/share/robotanik_sim/worlds/world_uret.py
[0.224s] -- Up-to-date: /home/aziz/Desktop/ros2v2/install/robotanik_sim/share/robotanik_sim/worlds/robotanik_sera.world
[0.224s] -- Up-to-date: /home/aziz/Desktop/ros2v2/install/robotanik_sim/share/robotanik_sim/maps
[0.224s] -- Up-to-date: /home/aziz/Desktop/ros2v2/install/robotanik_sim/share/robotanik_sim/maps/harita_uret.py
[0.224s] -- Up-to-date: /home/aziz/Desktop/ros2v2/install/robotanik_sim/share/robotanik_sim/maps/sera_haritasi.yaml
[0.224s] -- Up-to-date: /home/aziz/Desktop/ros2v2/install/robotanik_sim/share/robotanik_sim/maps/robotanik_sera.pgm
[0.224s] -- Up-to-date: /home/aziz/Desktop/ros2v2/install/robotanik_sim/share/robotanik_sim/maps/robotanik_sera.yaml
[0.224s] -- Up-to-date: /home/aziz/Desktop/ros2v2/install/robotanik_sim/share/robotanik_sim/params
[0.224s] -- Installing: /home/aziz/Desktop/ros2v2/install/robotanik_sim/share/robotanik_sim/params/nav2_params.yaml
[0.224s] -- Installing: /home/aziz/Desktop/ros2v2/install/robotanik_sim/lib/robotanik_sim/row_fsm.py
[0.224s] -- Installing: /home/aziz/Desktop/ros2v2/install/robotanik_sim/share/ament_index/resource_index/package_run_dependencies/robotanik_sim
[0.224s] -- Up-to-date: /home/aziz/Desktop/ros2v2/install/robotanik_sim/share/ament_index/resource_index/parent_prefix_path/robotanik_sim
[0.224s] -- Up-to-date: /home/aziz/Desktop/ros2v2/install/robotanik_sim/share/robotanik_sim/environment/ament_prefix_path.sh
[0.224s] -- Installing: /home/aziz/Desktop/ros2v2/install/robotanik_sim/share/robotanik_sim/environment/ament_prefix_path.dsv
[0.225s] -- Up-to-date: /home/aziz/Desktop/ros2v2/install/robotanik_sim/share/robotanik_sim/environment/path.sh
[0.225s] -- Installing: /home/aziz/Desktop/ros2v2/install/robotanik_sim/share/robotanik_sim/environment/path.dsv
[0.225s] -- Up-to-date: /home/aziz/Desktop/ros2v2/install/robotanik_sim/share/robotanik_sim/local_setup.bash
[0.225s] -- Up-to-date: /home/aziz/Desktop/ros2v2/install/robotanik_sim/share/robotanik_sim/local_setup.sh
[0.225s] -- Up-to-date: /home/aziz/Desktop/ros2v2/install/robotanik_sim/share/robotanik_sim/local_setup.zsh
[0.225s] -- Installing: /home/aziz/Desktop/ros2v2/install/robotanik_sim/share/robotanik_sim/local_setup.dsv
[0.225s] -- Installing: /home/aziz/Desktop/ros2v2/install/robotanik_sim/share/robotanik_sim/package.dsv
[0.225s] -- Up-to-date: /home/aziz/Desktop/ros2v2/install/robotanik_sim/share/ament_index/resource_index/packages/robotanik_sim
[0.225s] -- Up-to-date: /home/aziz/Desktop/ros2v2/install/robotanik_sim/share/robotanik_sim/cmake/robotanik_simConfig.cmake
[0.225s] -- Up-to-date: /home/aziz/Desktop/ros2v2/install/robotanik_sim/share/robotanik_sim/cmake/robotanik_simConfig-version.cmake
[0.225s] -- Installing: /home/aziz/Desktop/ros2v2/install/robotanik_sim/share/robotanik_sim/package.xml
[0.227s] Invoked command in '/home/aziz/Desktop/ros2v2/build/robotanik_sim' returned '0': CMAKE_PREFIX_PATH=${CMAKE_PREFIX_PATH}:/home/aziz/Desktop/ros2_ws/install/robotanik_vision:/home/aziz/Desktop/ros2_ws/install/robotanik_control:/home/aziz/Desktop/ros2_ws/install/my_py_pkg:/opt/ros/humble /usr/bin/cmake --install /home/aziz/Desktop/ros2v2/build/robotanik_sim
